2024-06-02 15:12:45,795 INFO o.a.j.l.DirectJDKLog [http-nio-8080-exec-1] Initializing Spring DispatcherServlet 'dispatcherServlet'
2024-06-02 15:12:45,797 INFO o.s.w.s.FrameworkServlet [http-nio-8080-exec-1] Initializing Servlet 'dispatcherServlet'
2024-06-02 15:12:45,799 INFO o.s.w.s.FrameworkServlet [http-nio-8080-exec-1] Completed initialization in 1 ms
2024-06-02 15:58:13,050 INFO o.s.b.StartupInfoLogger [main] Starting Xx2ApplicationTests using Java 17.0.10 with PID 13372 (started by Asus in C:\Users\Asus\Downloads\BINAR\back_end_java\Challenge-6\xx2)
2024-06-02 15:58:13,052 INFO o.s.b.SpringApplication [main] No active profile set, falling back to 1 default profile: "default"
2024-06-02 15:58:14,099 INFO o.s.d.r.c.RepositoryConfigurationDelegate [main] Bootstrapping Spring Data JPA repositories in DEFAULT mode.
2024-06-02 15:58:14,181 INFO o.s.d.r.c.RepositoryConfigurationDelegate [main] Finished Spring Data repository scanning in 67 ms. Found 5 JPA repository interfaces.
2024-06-02 15:58:15,066 INFO o.h.j.i.u.LogHelper [main] HHH000204: Processing PersistenceUnitInfo [name: default]
2024-06-02 15:58:15,207 INFO o.h.Version [main] HHH000412: Hibernate ORM core version 6.4.4.Final
2024-06-02 15:58:15,264 INFO o.h.c.i.RegionFactoryInitiator [main] HHH000026: Second-level cache disabled
2024-06-02 15:58:15,650 INFO o.s.o.j.p.SpringPersistenceUnitInfo [main] No LoadTimeWeaver setup: ignoring JPA class transformer
2024-06-02 15:58:15,726 INFO c.z.h.HikariDataSource [main] HikariPool-1 - Starting...
2024-06-02 15:58:16,075 INFO c.z.h.p.HikariPool [main] HikariPool-1 - Added connection org.postgresql.jdbc.PgConnection@70a24f9
2024-06-02 15:58:16,078 INFO c.z.h.HikariDataSource [main] HikariPool-1 - Start completed.
2024-06-02 15:58:16,119 WARN o.h.e.j.d.i.DialectFactoryImpl [main] HHH90000025: PostgreSQLDialect does not need to be specified explicitly using 'hibernate.dialect' (remove the property setting and it will be selected by default)
2024-06-02 15:58:17,263 INFO o.h.e.t.j.p.i.JtaPlatformInitiator [main] HHH000489: No JTA platform available (set 'hibernate.transaction.jta.platform' to enable JTA platform integration)
2024-06-02 15:58:17,361 INFO o.s.o.j.AbstractEntityManagerFactoryBean [main] Initialized JPA EntityManagerFactory for persistence unit 'default'
2024-06-02 15:58:18,519 WARN o.s.b.a.o.j.JpaBaseConfiguration$JpaWebConfiguration [main] spring.jpa.open-in-view is enabled by default. Therefore, database queries may be performed during view rendering. Explicitly configure spring.jpa.open-in-view to disable this warning
2024-06-02 15:58:19,731 WARN o.s.b.a.s.s.UserDetailsServiceAutoConfiguration [main] 

Using generated security password: 0a42aaf8-595a-47a9-b1eb-be1bc49ce91f

This generated password is for development use only. Your security configuration must be updated before running your application in production.

2024-06-02 15:58:20,083 INFO o.s.s.w.DefaultSecurityFilterChain [main] Will secure any request with [org.springframework.security.web.session.DisableEncodeUrlFilter@5397d41e, org.springframework.security.web.context.request.async.WebAsyncManagerIntegrationFilter@f6b128b, org.springframework.security.web.context.SecurityContextHolderFilter@e417628, org.springframework.security.web.header.HeaderWriterFilter@48900d4a, org.springframework.web.filter.CorsFilter@470fc16c, org.springframework.security.web.csrf.CsrfFilter@1a557a52, org.springframework.security.web.authentication.logout.LogoutFilter@74e111a8, org.springframework.security.web.authentication.UsernamePasswordAuthenticationFilter@7018636a, org.springframework.security.web.authentication.ui.DefaultLoginPageGeneratingFilter@51179fad, org.springframework.security.web.authentication.ui.DefaultLogoutPageGeneratingFilter@6d0cc47d, org.springframework.security.web.authentication.www.BasicAuthenticationFilter@5d00241b, org.springframework.security.web.savedrequest.RequestCacheAwareFilter@592fbd8, org.springframework.security.web.servletapi.SecurityContextHolderAwareRequestFilter@354baab2, org.springframework.security.web.authentication.AnonymousAuthenticationFilter@56dae6, org.springframework.security.web.access.ExceptionTranslationFilter@64455184, org.springframework.security.web.access.intercept.AuthorizationFilter@4ed7db72]
2024-06-02 15:58:20,172 INFO o.s.b.StartupInfoLogger [main] Started Xx2ApplicationTests in 7.489 seconds (process running for 8.548)
2024-06-02 15:58:20,780 INFO o.s.o.j.AbstractEntityManagerFactoryBean [SpringApplicationShutdownHook] Closing JPA EntityManagerFactory for persistence unit 'default'
2024-06-02 15:58:20,783 INFO c.z.h.HikariDataSource [SpringApplicationShutdownHook] HikariPool-1 - Shutdown initiated...
2024-06-02 15:58:20,793 INFO c.z.h.HikariDataSource [SpringApplicationShutdownHook] HikariPool-1 - Shutdown completed.
