2024-06-30 19:55:03,968 INFO o.s.b.StartupInfoLogger [main] Starting Xx2Application using Java 17.0.10 with PID 27044 (C:\Users\Asus\Downloads\BINAR\back_end_java\Challenge-6\xx2\target\classes started by Asus in C:\Users\Asus\Downloads\BINAR\back_end_java\Challenge-6\xx2)
2024-06-30 19:55:03,977 INFO o.s.b.SpringApplication [main] No active profile set, falling back to 1 default profile: "default"
2024-06-30 19:55:06,473 INFO o.s.d.r.c.RepositoryConfigurationDelegate [main] Bootstrapping Spring Data JPA repositories in DEFAULT mode.
2024-06-30 19:55:06,656 INFO o.s.d.r.c.RepositoryConfigurationDelegate [main] Finished Spring Data repository scanning in 164 ms. Found 6 JPA repository interfaces.
2024-06-30 19:55:09,811 INFO o.s.b.w.e.t.TomcatWebServer [main] Tomcat initialized with port 8080 (http)
2024-06-30 19:55:09,884 INFO o.a.j.l.DirectJDKLog [main] Initializing ProtocolHandler ["http-nio-8080"]
2024-06-30 19:55:09,894 INFO o.a.j.l.DirectJDKLog [main] Starting service [Tomcat]
2024-06-30 19:55:09,895 INFO o.a.j.l.DirectJDKLog [main] Starting Servlet engine: [Apache Tomcat/10.1.20]
2024-06-30 19:55:10,615 INFO o.a.j.l.DirectJDKLog [main] Initializing Spring embedded WebApplicationContext
2024-06-30 19:55:10,620 INFO o.s.b.w.s.c.ServletWebServerApplicationContext [main] Root WebApplicationContext: initialization completed in 6504 ms
2024-06-30 19:55:12,311 INFO o.h.j.i.u.LogHelper [main] HHH000204: Processing PersistenceUnitInfo [name: default]
2024-06-30 19:55:12,822 INFO o.h.Version [main] HHH000412: Hibernate ORM core version 6.4.4.Final
2024-06-30 19:55:12,981 INFO o.h.c.i.RegionFactoryInitiator [main] HHH000026: Second-level cache disabled
2024-06-30 19:55:13,655 INFO o.s.o.j.p.SpringPersistenceUnitInfo [main] No LoadTimeWeaver setup: ignoring JPA class transformer
2024-06-30 19:55:13,705 INFO c.z.h.HikariDataSource [main] HikariPool-1 - Starting...
2024-06-30 19:55:14,393 INFO c.z.h.p.HikariPool [main] HikariPool-1 - Added connection org.postgresql.jdbc.PgConnection@2c2a7d53
2024-06-30 19:55:14,397 INFO c.z.h.HikariDataSource [main] HikariPool-1 - Start completed.
2024-06-30 19:55:14,516 WARN o.h.e.j.d.i.DialectFactoryImpl [main] HHH90000025: PostgreSQLDialect does not need to be specified explicitly using 'hibernate.dialect' (remove the property setting and it will be selected by default)
2024-06-30 19:55:17,832 INFO o.h.e.t.j.p.i.JtaPlatformInitiator [main] HHH000489: No JTA platform available (set 'hibernate.transaction.jta.platform' to enable JTA platform integration)
2024-06-30 19:55:18,055 INFO o.s.o.j.AbstractEntityManagerFactoryBean [main] Initialized JPA EntityManagerFactory for persistence unit 'default'
2024-06-30 19:55:19,749 WARN o.s.b.a.o.j.JpaBaseConfiguration$JpaWebConfiguration [main] spring.jpa.open-in-view is enabled by default. Therefore, database queries may be performed during view rendering. Explicitly configure spring.jpa.open-in-view to disable this warning
2024-06-30 19:55:19,946 WARN o.s.b.a.s.s.UserDetailsServiceAutoConfiguration [main] 

Using generated security password: 1cc1f91d-f181-4edc-931f-d6c3e5ccc52f

This generated password is for development use only. Your security configuration must be updated before running your application in production.

2024-06-30 19:55:21,723 INFO o.s.s.w.DefaultSecurityFilterChain [main] Will secure any request with [org.springframework.security.web.session.DisableEncodeUrlFilter@4b517357, org.springframework.security.web.context.request.async.WebAsyncManagerIntegrationFilter@702ab027, org.springframework.security.web.context.SecurityContextHolderFilter@32f8a37b, org.springframework.security.web.header.HeaderWriterFilter@b97f195, org.springframework.web.filter.CorsFilter@62d5617, org.springframework.security.web.authentication.logout.LogoutFilter@525c0f74, org.springframework.security.web.savedrequest.RequestCacheAwareFilter@1b4ade78, org.springframework.security.web.servletapi.SecurityContextHolderAwareRequestFilter@45fa7fb7, org.springframework.security.web.authentication.AnonymousAuthenticationFilter@8929865, org.springframework.security.web.access.ExceptionTranslationFilter@71e2ddd, org.springframework.security.web.access.intercept.AuthorizationFilter@3f908a10]
2024-06-30 19:55:22,733 INFO o.a.j.l.DirectJDKLog [main] Starting ProtocolHandler ["http-nio-8080"]
2024-06-30 19:55:22,771 INFO o.s.b.w.e.t.TomcatWebServer [main] Tomcat started on port 8080 (http) with context path ''
2024-06-30 19:55:22,801 INFO o.s.b.StartupInfoLogger [main] Started Xx2Application in 20.174 seconds (process running for 21.514)
2024-06-30 19:55:24,578 INFO o.a.j.l.DirectJDKLog [http-nio-8080-exec-1] Initializing Spring DispatcherServlet 'dispatcherServlet'
2024-06-30 19:55:24,579 INFO o.s.w.s.FrameworkServlet [http-nio-8080-exec-1] Initializing Servlet 'dispatcherServlet'
2024-06-30 19:55:24,581 INFO o.s.w.s.FrameworkServlet [http-nio-8080-exec-1] Completed initialization in 1 ms
2024-06-30 19:55:25,024 WARN o.s.w.s.m.s.DefaultHandlerExceptionResolver [http-nio-8080-exec-1] Ignoring exception, response committed already: org.springframework.http.converter.HttpMessageNotWritableException: Could not write JSON: Infinite recursion (StackOverflowError)
2024-06-30 19:55:25,026 WARN o.s.w.s.h.AbstractHandlerExceptionResolver [http-nio-8080-exec-1] Resolved [org.springframework.http.converter.HttpMessageNotWritableException: Could not write JSON: Infinite recursion (StackOverflowError)]
2024-06-30 19:55:35,456 WARN o.s.w.s.m.s.DefaultHandlerExceptionResolver [http-nio-8080-exec-5] Ignoring exception, response committed already: org.springframework.http.converter.HttpMessageNotWritableException: Could not write JSON: Infinite recursion (StackOverflowError)
2024-06-30 19:55:35,458 WARN o.s.w.s.h.AbstractHandlerExceptionResolver [http-nio-8080-exec-5] Resolved [org.springframework.http.converter.HttpMessageNotWritableException: Could not write JSON: Infinite recursion (StackOverflowError)]
