2024-07-01 15:12:36,422 INFO o.s.b.StartupInfoLogger [main] Starting Xx2Application using Java 17.0.10 with PID 26028 (C:\Users\Asus\Downloads\BINAR\back_end_java\Challenge-6\xx2\target\classes started by Asus in C:\Users\Asus\Downloads\BINAR\back_end_java\Challenge-6\xx2)
2024-07-01 15:12:36,426 INFO o.s.b.SpringApplication [main] No active profile set, falling back to 1 default profile: "default"
2024-07-01 15:12:37,595 INFO o.s.d.r.c.RepositoryConfigurationDelegate [main] Bootstrapping Spring Data JPA repositories in DEFAULT mode.
2024-07-01 15:12:37,707 INFO o.s.d.r.c.RepositoryConfigurationDelegate [main] Finished Spring Data repository scanning in 93 ms. Found 6 JPA repository interfaces.
2024-07-01 15:12:38,844 INFO o.s.b.w.e.t.TomcatWebServer [main] Tomcat initialized with port 8080 (http)
2024-07-01 15:12:38,887 INFO o.a.j.l.DirectJDKLog [main] Initializing ProtocolHandler ["http-nio-8080"]
2024-07-01 15:12:38,898 INFO o.a.j.l.DirectJDKLog [main] Starting service [Tomcat]
2024-07-01 15:12:38,900 INFO o.a.j.l.DirectJDKLog [main] Starting Servlet engine: [Apache Tomcat/10.1.20]
2024-07-01 15:12:39,100 INFO o.a.j.l.DirectJDKLog [main] Initializing Spring embedded WebApplicationContext
2024-07-01 15:12:39,104 INFO o.s.b.w.s.c.ServletWebServerApplicationContext [main] Root WebApplicationContext: initialization completed in 2614 ms
2024-07-01 15:12:39,473 INFO o.h.j.i.u.LogHelper [main] HHH000204: Processing PersistenceUnitInfo [name: default]
2024-07-01 15:12:39,678 INFO o.h.Version [main] HHH000412: Hibernate ORM core version 6.4.4.Final
2024-07-01 15:12:39,838 INFO o.h.c.i.RegionFactoryInitiator [main] HHH000026: Second-level cache disabled
2024-07-01 15:12:40,584 INFO o.s.o.j.p.SpringPersistenceUnitInfo [main] No LoadTimeWeaver setup: ignoring JPA class transformer
2024-07-01 15:12:40,614 INFO c.z.h.HikariDataSource [main] HikariPool-1 - Starting...
2024-07-01 15:12:40,969 INFO c.z.h.p.HikariPool [main] HikariPool-1 - Added connection org.postgresql.jdbc.PgConnection@48e74764
2024-07-01 15:12:40,973 INFO c.z.h.HikariDataSource [main] HikariPool-1 - Start completed.
2024-07-01 15:12:41,059 WARN o.h.e.j.d.i.DialectFactoryImpl [main] HHH90000025: PostgreSQLDialect does not need to be specified explicitly using 'hibernate.dialect' (remove the property setting and it will be selected by default)
2024-07-01 15:12:42,289 INFO o.h.e.t.j.p.i.JtaPlatformInitiator [main] HHH000489: No JTA platform available (set 'hibernate.transaction.jta.platform' to enable JTA platform integration)
2024-07-01 15:12:42,423 INFO o.s.o.j.AbstractEntityManagerFactoryBean [main] Initialized JPA EntityManagerFactory for persistence unit 'default'
2024-07-01 15:12:43,713 WARN o.s.b.a.o.j.JpaBaseConfiguration$JpaWebConfiguration [main] spring.jpa.open-in-view is enabled by default. Therefore, database queries may be performed during view rendering. Explicitly configure spring.jpa.open-in-view to disable this warning
2024-07-01 15:12:44,492 INFO o.s.s.w.DefaultSecurityFilterChain [main] Will secure any request with [org.springframework.security.web.session.DisableEncodeUrlFilter@6b6bae60, org.springframework.security.web.context.request.async.WebAsyncManagerIntegrationFilter@22c14d10, org.springframework.security.web.context.SecurityContextHolderFilter@35fd03d9, org.springframework.security.web.header.HeaderWriterFilter@5cb3cfef, org.springframework.web.filter.CorsFilter@66be0e72, org.springframework.security.web.authentication.logout.LogoutFilter@1b641c97, org.springframework.security.web.savedrequest.RequestCacheAwareFilter@42e32feb, org.springframework.security.web.servletapi.SecurityContextHolderAwareRequestFilter@3652dd19, org.springframework.security.web.authentication.AnonymousAuthenticationFilter@38276668, org.springframework.security.web.access.ExceptionTranslationFilter@1851f19f, org.springframework.security.web.access.intercept.AuthorizationFilter@158b8d10]
2024-07-01 15:12:45,045 WARN o.s.s.c.a.w.b.WebSecurity [main] You are asking Spring Security to ignore Mvc [pattern='/webjars/**']. This is not recommended -- please use permitAll via HttpSecurity#authorizeHttpRequests instead.
2024-07-01 15:12:45,046 INFO o.s.s.w.DefaultSecurityFilterChain [main] Will not secure Mvc [pattern='/webjars/**']
2024-07-01 15:12:45,047 WARN o.s.s.c.a.w.b.WebSecurity [main] You are asking Spring Security to ignore Mvc [pattern='/images/**']. This is not recommended -- please use permitAll via HttpSecurity#authorizeHttpRequests instead.
2024-07-01 15:12:45,048 INFO o.s.s.w.DefaultSecurityFilterChain [main] Will not secure Mvc [pattern='/images/**']
2024-07-01 15:12:45,049 WARN o.s.s.c.a.w.b.WebSecurity [main] You are asking Spring Security to ignore Mvc [pattern='/css/**']. This is not recommended -- please use permitAll via HttpSecurity#authorizeHttpRequests instead.
2024-07-01 15:12:45,049 INFO o.s.s.w.DefaultSecurityFilterChain [main] Will not secure Mvc [pattern='/css/**']
2024-07-01 15:12:45,050 WARN o.s.s.c.a.w.b.WebSecurity [main] You are asking Spring Security to ignore Mvc [pattern='/assets/**']. This is not recommended -- please use permitAll via HttpSecurity#authorizeHttpRequests instead.
2024-07-01 15:12:45,050 INFO o.s.s.w.DefaultSecurityFilterChain [main] Will not secure Mvc [pattern='/assets/**']
2024-07-01 15:12:45,051 WARN o.s.s.c.a.w.b.WebSecurity [main] You are asking Spring Security to ignore Mvc [pattern='/favicon.ico']. This is not recommended -- please use permitAll via HttpSecurity#authorizeHttpRequests instead.
2024-07-01 15:12:45,052 INFO o.s.s.w.DefaultSecurityFilterChain [main] Will not secure Mvc [pattern='/favicon.ico']
2024-07-01 15:12:45,124 INFO o.a.j.l.DirectJDKLog [main] Starting ProtocolHandler ["http-nio-8080"]
2024-07-01 15:12:45,150 INFO o.s.b.w.e.t.TomcatWebServer [main] Tomcat started on port 8080 (http) with context path ''
2024-07-01 15:12:45,166 INFO o.s.b.StartupInfoLogger [main] Started Xx2Application in 9.254 seconds (process running for 9.663)
2024-07-01 15:12:58,136 INFO o.a.j.l.DirectJDKLog [http-nio-8080-exec-1] Initializing Spring DispatcherServlet 'dispatcherServlet'
2024-07-01 15:12:58,137 INFO o.s.w.s.FrameworkServlet [http-nio-8080-exec-1] Initializing Servlet 'dispatcherServlet'
2024-07-01 15:12:58,138 INFO o.s.w.s.FrameworkServlet [http-nio-8080-exec-1] Completed initialization in 1 ms
2024-07-01 15:13:04,637 INFO o.s.o.j.AbstractEntityManagerFactoryBean [SpringApplicationShutdownHook] Closing JPA EntityManagerFactory for persistence unit 'default'
2024-07-01 15:13:04,639 INFO c.z.h.HikariDataSource [SpringApplicationShutdownHook] HikariPool-1 - Shutdown initiated...
2024-07-01 15:13:04,643 INFO c.z.h.HikariDataSource [SpringApplicationShutdownHook] HikariPool-1 - Shutdown completed.
