2024-06-14 19:27:16,827 INFO o.s.b.StartupInfoLogger [main] Starting Xx2Application using Java 17.0.10 with PID 2168 (C:\Users\Asus\Downloads\BINAR\back_end_java\Challenge-6\xx2\target\classes started by Asus in C:\Users\Asus\Downloads\BINAR\back_end_java\Challenge-6\xx2)
2024-06-14 19:27:16,836 INFO o.s.b.SpringApplication [main] No active profile set, falling back to 1 default profile: "default"
2024-06-14 19:27:20,571 INFO o.s.d.r.c.RepositoryConfigurationDelegate [main] Bootstrapping Spring Data JPA repositories in DEFAULT mode.
2024-06-14 19:27:20,901 INFO o.s.d.r.c.RepositoryConfigurationDelegate [main] Finished Spring Data repository scanning in 289 ms. Found 5 JPA repository interfaces.
2024-06-14 19:27:24,382 INFO o.s.b.w.e.t.TomcatWebServer [main] Tomcat initialized with port 8080 (http)
2024-06-14 19:27:24,462 INFO o.a.j.l.DirectJDKLog [main] Initializing ProtocolHandler ["http-nio-8080"]
2024-06-14 19:27:24,477 INFO o.a.j.l.DirectJDKLog [main] Starting service [Tomcat]
2024-06-14 19:27:24,480 INFO o.a.j.l.DirectJDKLog [main] Starting Servlet engine: [Apache Tomcat/10.1.20]
2024-06-14 19:27:24,817 INFO o.a.j.l.DirectJDKLog [main] Initializing Spring embedded WebApplicationContext
2024-06-14 19:27:24,824 INFO o.s.b.w.s.c.ServletWebServerApplicationContext [main] Root WebApplicationContext: initialization completed in 7814 ms
2024-06-14 19:27:25,749 INFO o.h.j.i.u.LogHelper [main] HHH000204: Processing PersistenceUnitInfo [name: default]
2024-06-14 19:27:25,941 INFO o.h.Version [main] HHH000412: Hibernate ORM core version 6.4.4.Final
2024-06-14 19:27:26,205 INFO o.h.c.i.RegionFactoryInitiator [main] HHH000026: Second-level cache disabled
2024-06-14 19:27:27,168 INFO o.s.o.j.p.SpringPersistenceUnitInfo [main] No LoadTimeWeaver setup: ignoring JPA class transformer
2024-06-14 19:27:27,262 INFO c.z.h.HikariDataSource [main] HikariPool-1 - Starting...
2024-06-14 19:27:27,958 INFO c.z.h.p.HikariPool [main] HikariPool-1 - Added connection org.postgresql.jdbc.PgConnection@278de2b2
2024-06-14 19:27:27,963 INFO c.z.h.HikariDataSource [main] HikariPool-1 - Start completed.
2024-06-14 19:27:28,107 WARN o.h.e.j.d.i.DialectFactoryImpl [main] HHH90000025: PostgreSQLDialect does not need to be specified explicitly using 'hibernate.dialect' (remove the property setting and it will be selected by default)
2024-06-14 19:27:30,875 INFO o.h.e.t.j.p.i.JtaPlatformInitiator [main] HHH000489: No JTA platform available (set 'hibernate.transaction.jta.platform' to enable JTA platform integration)
2024-06-14 19:27:31,093 INFO o.s.o.j.AbstractEntityManagerFactoryBean [main] Initialized JPA EntityManagerFactory for persistence unit 'default'
2024-06-14 19:27:32,821 WARN o.s.b.a.o.j.JpaBaseConfiguration$JpaWebConfiguration [main] spring.jpa.open-in-view is enabled by default. Therefore, database queries may be performed during view rendering. Explicitly configure spring.jpa.open-in-view to disable this warning
2024-06-14 19:27:35,613 WARN o.s.b.a.s.s.UserDetailsServiceAutoConfiguration [main] 

Using generated security password: 491b312c-07a7-4c00-b68c-7c7291de92a8

This generated password is for development use only. Your security configuration must be updated before running your application in production.

2024-06-14 19:27:36,570 INFO o.s.s.w.DefaultSecurityFilterChain [main] Will secure any request with [org.springframework.security.web.session.DisableEncodeUrlFilter@6fe55fcf, org.springframework.security.web.context.request.async.WebAsyncManagerIntegrationFilter@4d1f6e1c, org.springframework.security.web.context.SecurityContextHolderFilter@240c626d, org.springframework.security.web.header.HeaderWriterFilter@10acfe30, org.springframework.web.filter.CorsFilter@3431cb1f, org.springframework.security.web.csrf.CsrfFilter@7a553110, org.springframework.security.web.authentication.logout.LogoutFilter@298cfe89, org.springframework.security.web.authentication.UsernamePasswordAuthenticationFilter@5069a91b, org.springframework.security.web.authentication.ui.DefaultLoginPageGeneratingFilter@5a983f8a, org.springframework.security.web.authentication.ui.DefaultLogoutPageGeneratingFilter@42c9f2cd, org.springframework.security.web.authentication.www.BasicAuthenticationFilter@73ba3c4b, org.springframework.security.web.savedrequest.RequestCacheAwareFilter@c8d20bb, org.springframework.security.web.servletapi.SecurityContextHolderAwareRequestFilter@1ead6e20, org.springframework.security.web.authentication.AnonymousAuthenticationFilter@797c67c, org.springframework.security.web.access.ExceptionTranslationFilter@22db12f6, org.springframework.security.web.access.intercept.AuthorizationFilter@4f5ad6b7]
2024-06-14 19:27:36,947 INFO o.a.j.l.DirectJDKLog [main] Starting ProtocolHandler ["http-nio-8080"]
2024-06-14 19:27:37,137 INFO o.s.b.w.e.t.TomcatWebServer [main] Tomcat started on port 8080 (http) with context path ''
2024-06-14 19:27:37,173 INFO o.s.b.StartupInfoLogger [main] Started Xx2Application in 22.138 seconds (process running for 23.513)
2024-06-14 19:28:14,438 INFO o.a.j.l.DirectJDKLog [http-nio-8080-exec-1] Initializing Spring DispatcherServlet 'dispatcherServlet'
2024-06-14 19:28:14,439 INFO o.s.w.s.FrameworkServlet [http-nio-8080-exec-1] Initializing Servlet 'dispatcherServlet'
2024-06-14 19:28:14,442 INFO o.s.w.s.FrameworkServlet [http-nio-8080-exec-1] Completed initialization in 2 ms
