2024-07-01 15:30:40,892 WARN o.s.w.s.m.s.DefaultHandlerExceptionResolver [http-nio-8080-exec-10] Ignoring exception, response committed already: org.springframework.http.converter.HttpMessageNotWritableException: Could not write JSON: Infinite recursion (StackOverflowError)
2024-07-01 15:30:40,895 WARN o.s.w.s.h.AbstractHandlerExceptionResolver [http-nio-8080-exec-10] Resolved [org.springframework.http.converter.HttpMessageNotWritableException: Could not write JSON: Infinite recursion (StackOverflowError)]
2024-07-01 15:31:40,530 INFO o.s.o.j.AbstractEntityManagerFactoryBean [SpringApplicationShutdownHook] Closing JPA EntityManagerFactory for persistence unit 'default'
2024-07-01 15:31:40,538 INFO c.z.h.HikariDataSource [SpringApplicationShutdownHook] HikariPool-1 - Shutdown initiated...
2024-07-01 15:31:40,548 INFO c.z.h.HikariDataSource [SpringApplicationShutdownHook] HikariPool-1 - Shutdown completed.
2024-07-01 15:31:42,744 INFO o.s.b.StartupInfoLogger [main] Starting Xx2Application using Java 17.0.10 with PID 12424 (C:\Users\Asus\Downloads\BINAR\back_end_java\Challenge-6\xx2\target\classes started by Asus in C:\Users\Asus\Downloads\BINAR\back_end_java\Challenge-6\xx2)
2024-07-01 15:31:42,746 INFO o.s.b.SpringApplication [main] No active profile set, falling back to 1 default profile: "default"
2024-07-01 15:31:43,918 INFO o.s.d.r.c.RepositoryConfigurationDelegate [main] Bootstrapping Spring Data JPA repositories in DEFAULT mode.
2024-07-01 15:31:44,007 INFO o.s.d.r.c.RepositoryConfigurationDelegate [main] Finished Spring Data repository scanning in 82 ms. Found 6 JPA repository interfaces.
2024-07-01 15:31:45,282 INFO o.s.b.w.e.t.TomcatWebServer [main] Tomcat initialized with port 8080 (http)
2024-07-01 15:31:45,317 INFO o.a.j.l.DirectJDKLog [main] Initializing ProtocolHandler ["http-nio-8080"]
2024-07-01 15:31:45,328 INFO o.a.j.l.DirectJDKLog [main] Starting service [Tomcat]
2024-07-01 15:31:45,330 INFO o.a.j.l.DirectJDKLog [main] Starting Servlet engine: [Apache Tomcat/10.1.20]
2024-07-01 15:31:45,525 INFO o.a.j.l.DirectJDKLog [main] Initializing Spring embedded WebApplicationContext
2024-07-01 15:31:45,528 INFO o.s.b.w.s.c.ServletWebServerApplicationContext [main] Root WebApplicationContext: initialization completed in 2714 ms
2024-07-01 15:31:45,877 INFO o.h.j.i.u.LogHelper [main] HHH000204: Processing PersistenceUnitInfo [name: default]
2024-07-01 15:31:46,080 INFO o.h.Version [main] HHH000412: Hibernate ORM core version 6.4.4.Final
2024-07-01 15:31:46,199 INFO o.h.c.i.RegionFactoryInitiator [main] HHH000026: Second-level cache disabled
2024-07-01 15:31:46,620 INFO o.s.o.j.p.SpringPersistenceUnitInfo [main] No LoadTimeWeaver setup: ignoring JPA class transformer
2024-07-01 15:31:46,671 INFO c.z.h.HikariDataSource [main] HikariPool-1 - Starting...
2024-07-01 15:31:47,150 INFO c.z.h.p.HikariPool [main] HikariPool-1 - Added connection org.postgresql.jdbc.PgConnection@7a3643e3
2024-07-01 15:31:47,155 INFO c.z.h.HikariDataSource [main] HikariPool-1 - Start completed.
2024-07-01 15:31:47,226 WARN o.h.e.j.d.i.DialectFactoryImpl [main] HHH90000025: PostgreSQLDialect does not need to be specified explicitly using 'hibernate.dialect' (remove the property setting and it will be selected by default)
2024-07-01 15:31:48,459 INFO o.h.e.t.j.p.i.JtaPlatformInitiator [main] HHH000489: No JTA platform available (set 'hibernate.transaction.jta.platform' to enable JTA platform integration)
2024-07-01 15:31:48,580 INFO o.s.o.j.AbstractEntityManagerFactoryBean [main] Initialized JPA EntityManagerFactory for persistence unit 'default'
2024-07-01 15:31:49,934 WARN o.s.b.a.o.j.JpaBaseConfiguration$JpaWebConfiguration [main] spring.jpa.open-in-view is enabled by default. Therefore, database queries may be performed during view rendering. Explicitly configure spring.jpa.open-in-view to disable this warning
2024-07-01 15:31:50,683 INFO o.s.s.w.DefaultSecurityFilterChain [main] Will secure any request with [org.springframework.security.web.session.DisableEncodeUrlFilter@615bd28b, org.springframework.security.web.context.request.async.WebAsyncManagerIntegrationFilter@2b9a7211, org.springframework.security.web.context.SecurityContextHolderFilter@1e3689e7, org.springframework.security.web.header.HeaderWriterFilter@506d7fed, org.springframework.web.filter.CorsFilter@74ec4df3, org.springframework.security.web.authentication.logout.LogoutFilter@a6924ad, org.springframework.security.web.savedrequest.RequestCacheAwareFilter@655d5285, org.springframework.security.web.servletapi.SecurityContextHolderAwareRequestFilter@36f1bd7e, org.springframework.security.web.authentication.AnonymousAuthenticationFilter@5482b32a, org.springframework.security.web.access.ExceptionTranslationFilter@74eae1e0, org.springframework.security.web.access.intercept.AuthorizationFilter@76379796]
2024-07-01 15:31:51,228 WARN o.s.s.c.a.w.b.WebSecurity [main] You are asking Spring Security to ignore Mvc [pattern='/webjars/**']. This is not recommended -- please use permitAll via HttpSecurity#authorizeHttpRequests instead.
2024-07-01 15:31:51,230 INFO o.s.s.w.DefaultSecurityFilterChain [main] Will not secure Mvc [pattern='/webjars/**']
2024-07-01 15:31:51,232 WARN o.s.s.c.a.w.b.WebSecurity [main] You are asking Spring Security to ignore Mvc [pattern='/images/**']. This is not recommended -- please use permitAll via HttpSecurity#authorizeHttpRequests instead.
2024-07-01 15:31:51,233 INFO o.s.s.w.DefaultSecurityFilterChain [main] Will not secure Mvc [pattern='/images/**']
2024-07-01 15:31:51,233 WARN o.s.s.c.a.w.b.WebSecurity [main] You are asking Spring Security to ignore Mvc [pattern='/css/**']. This is not recommended -- please use permitAll via HttpSecurity#authorizeHttpRequests instead.
2024-07-01 15:31:51,234 INFO o.s.s.w.DefaultSecurityFilterChain [main] Will not secure Mvc [pattern='/css/**']
2024-07-01 15:31:51,234 WARN o.s.s.c.a.w.b.WebSecurity [main] You are asking Spring Security to ignore Mvc [pattern='/assets/**']. This is not recommended -- please use permitAll via HttpSecurity#authorizeHttpRequests instead.
2024-07-01 15:31:51,235 INFO o.s.s.w.DefaultSecurityFilterChain [main] Will not secure Mvc [pattern='/assets/**']
2024-07-01 15:31:51,236 WARN o.s.s.c.a.w.b.WebSecurity [main] You are asking Spring Security to ignore Mvc [pattern='/favicon.ico']. This is not recommended -- please use permitAll via HttpSecurity#authorizeHttpRequests instead.
2024-07-01 15:31:51,237 INFO o.s.s.w.DefaultSecurityFilterChain [main] Will not secure Mvc [pattern='/favicon.ico']
2024-07-01 15:31:51,352 INFO o.a.j.l.DirectJDKLog [main] Starting ProtocolHandler ["http-nio-8080"]
2024-07-01 15:31:51,401 INFO o.s.b.w.e.t.TomcatWebServer [main] Tomcat started on port 8080 (http) with context path ''
2024-07-01 15:31:51,421 INFO o.s.b.StartupInfoLogger [main] Started Xx2Application in 9.229 seconds (process running for 9.721)
2024-07-01 15:31:51,712 INFO o.a.j.l.DirectJDKLog [http-nio-8080-exec-2] Initializing Spring DispatcherServlet 'dispatcherServlet'
2024-07-01 15:31:51,714 INFO o.s.w.s.FrameworkServlet [http-nio-8080-exec-2] Initializing Servlet 'dispatcherServlet'
2024-07-01 15:31:51,720 INFO o.s.w.s.FrameworkServlet [http-nio-8080-exec-2] Completed initialization in 3 ms
2024-07-01 15:31:52,271 WARN o.s.w.s.m.s.DefaultHandlerExceptionResolver [http-nio-8080-exec-2] Ignoring exception, response committed already: org.springframework.http.converter.HttpMessageNotWritableException: Could not write JSON: Infinite recursion (StackOverflowError)
2024-07-01 15:31:52,272 WARN o.s.w.s.h.AbstractHandlerExceptionResolver [http-nio-8080-exec-2] Resolved [org.springframework.http.converter.HttpMessageNotWritableException: Could not write JSON: Infinite recursion (StackOverflowError)]
2024-07-01 15:32:15,486 WARN o.s.w.s.m.s.DefaultHandlerExceptionResolver [http-nio-8080-exec-6] Ignoring exception, response committed already: org.springframework.http.converter.HttpMessageNotWritableException: Could not write JSON: Infinite recursion (StackOverflowError)
2024-07-01 15:32:15,487 WARN o.s.w.s.h.AbstractHandlerExceptionResolver [http-nio-8080-exec-6] Resolved [org.springframework.http.converter.HttpMessageNotWritableException: Could not write JSON: Infinite recursion (StackOverflowError)]
