2024-04-24 20:52:18,186 INFO o.s.b.StartupInfoLogger [main] Starting Xx2Application using Java 17.0.10 with PID 3980 (C:\Users\Asus\Downloads\BINAR\back_end_java\Challenge-4\xx2\target\classes started by Asus in C:\Users\Asus\Downloads\BINAR\back_end_java\Challenge-4\xx2)
2024-04-24 20:52:18,191 INFO o.s.b.SpringApplication [main] No active profile set, falling back to 1 default profile: "default"
2024-04-24 20:52:19,004 INFO o.s.d.r.c.RepositoryConfigurationDelegate [main] Bootstrapping Spring Data JPA repositories in DEFAULT mode.
2024-04-24 20:52:19,046 INFO o.s.d.r.c.RepositoryConfigurationDelegate [main] Finished Spring Data repository scanning in 19 ms. Found 0 JPA repository interfaces.
2024-04-24 20:52:19,770 INFO o.s.b.w.e.t.TomcatWebServer [main] Tomcat initialized with port 8080 (http)
2024-04-24 20:52:19,784 INFO o.a.j.l.DirectJDKLog [main] Initializing ProtocolHandler ["http-nio-8080"]
2024-04-24 20:52:19,789 INFO o.a.j.l.DirectJDKLog [main] Starting service [Tomcat]
2024-04-24 20:52:19,790 INFO o.a.j.l.DirectJDKLog [main] Starting Servlet engine: [Apache Tomcat/10.1.20]
2024-04-24 20:52:19,915 INFO o.a.j.l.DirectJDKLog [main] Initializing Spring embedded WebApplicationContext
2024-04-24 20:52:19,917 INFO o.s.b.w.s.c.ServletWebServerApplicationContext [main] Root WebApplicationContext: initialization completed in 1667 ms
2024-04-24 20:52:20,168 INFO c.z.h.HikariDataSource [main] HikariPool-1 - Starting...
2024-04-24 20:52:20,456 INFO c.z.h.p.HikariPool [main] HikariPool-1 - Added connection org.postgresql.jdbc.PgConnection@7d42542
2024-04-24 20:52:20,458 INFO c.z.h.HikariDataSource [main] HikariPool-1 - Start completed.
2024-04-24 20:52:20,530 INFO o.h.j.i.u.LogHelper [main] HHH000204: Processing PersistenceUnitInfo [name: default]
2024-04-24 20:52:20,598 INFO o.h.Version [main] HHH000412: Hibernate ORM core version 6.4.4.Final
2024-04-24 20:52:20,688 INFO o.h.c.i.RegionFactoryInitiator [main] HHH000026: Second-level cache disabled
2024-04-24 20:52:20,978 INFO o.s.o.j.p.SpringPersistenceUnitInfo [main] No LoadTimeWeaver setup: ignoring JPA class transformer
2024-04-24 20:52:21,466 INFO o.h.e.t.j.p.i.JtaPlatformInitiator [main] HHH000489: No JTA platform available (set 'hibernate.transaction.jta.platform' to enable JTA platform integration)
2024-04-24 20:52:21,471 INFO o.s.o.j.AbstractEntityManagerFactoryBean [main] Initialized JPA EntityManagerFactory for persistence unit 'default'
2024-04-24 20:52:21,532 WARN o.s.b.a.o.j.JpaBaseConfiguration$JpaWebConfiguration [main] spring.jpa.open-in-view is enabled by default. Therefore, database queries may be performed during view rendering. Explicitly configure spring.jpa.open-in-view to disable this warning
2024-04-24 20:52:22,034 INFO o.a.j.l.DirectJDKLog [main] Starting ProtocolHandler ["http-nio-8080"]
2024-04-24 20:52:22,072 INFO o.s.b.w.e.t.TomcatWebServer [main] Tomcat started on port 8080 (http) with context path ''
2024-04-24 20:52:22,092 INFO o.s.b.StartupInfoLogger [main] Started Xx2Application in 4.51 seconds (process running for 4.91)
2024-04-24 20:52:22,101 INFO c.e.x.c.HomeController [main] Info
2024-04-24 20:52:22,102 WARN c.e.x.c.HomeController [main] Warn
2024-04-24 20:52:22,103 ERROR c.e.x.c.HomeController [main] Error
2024-04-24 20:52:22,103 INFO c.e.x.c.HomeController [main] Info
2024-04-24 20:52:22,103 WARN c.e.x.c.HomeController [main] Warn
2024-04-24 20:52:22,104 ERROR c.e.x.c.HomeController [main] Error
2024-04-24 20:52:22,104 INFO c.e.x.c.HomeController [main] Info
2024-04-24 20:52:22,105 WARN c.e.x.c.HomeController [main] Warn
2024-04-24 20:52:22,105 ERROR c.e.x.c.HomeController [main] Error
2024-04-24 20:52:22,106 INFO c.e.x.c.HomeController [main] Info
2024-04-24 20:52:22,106 WARN c.e.x.c.HomeController [main] Warn
2024-04-24 20:52:22,107 ERROR c.e.x.c.HomeController [main] Error
2024-04-24 20:52:22,107 INFO c.e.x.c.HomeController [main] Info
2024-04-24 20:52:22,108 WARN c.e.x.c.HomeController [main] Warn
2024-04-24 20:52:22,108 ERROR c.e.x.c.HomeController [main] Error
2024-04-24 20:52:22,108 INFO c.e.x.c.HomeController [main] Info
2024-04-24 20:52:22,109 WARN c.e.x.c.HomeController [main] Warn
2024-04-24 20:52:22,109 ERROR c.e.x.c.HomeController [main] Error
2024-04-24 20:52:22,109 INFO c.e.x.c.HomeController [main] Info
2024-04-24 20:52:22,110 WARN c.e.x.c.HomeController [main] Warn
2024-04-24 20:52:22,110 ERROR c.e.x.c.HomeController [main] Error
2024-04-24 20:52:22,110 INFO c.e.x.c.HomeController [main] Info
2024-04-24 20:52:22,111 WARN c.e.x.c.HomeController [main] Warn
2024-04-24 20:52:22,112 ERROR c.e.x.c.HomeController [main] Error
2024-04-24 20:52:22,113 INFO c.e.x.c.HomeController [main] Info
2024-04-24 20:52:22,114 WARN c.e.x.c.HomeController [main] Warn
2024-04-24 20:52:22,114 ERROR c.e.x.c.HomeController [main] Error
2024-04-24 20:52:22,114 INFO c.e.x.c.HomeController [main] Info
2024-04-24 20:52:22,115 WARN c.e.x.c.HomeController [main] Warn
2024-04-24 20:52:22,115 ERROR c.e.x.c.HomeController [main] Error
2024-04-24 20:52:22,115 INFO c.e.x.c.HomeController [main] Info
2024-04-24 20:52:22,116 WARN c.e.x.c.HomeController [main] Warn
2024-04-24 20:52:22,116 ERROR c.e.x.c.HomeController [main] Error
2024-04-24 20:52:22,118 INFO c.e.x.c.HomeController [main] Info
2024-04-24 20:52:22,118 WARN c.e.x.c.HomeController [main] Warn
2024-04-24 20:52:22,118 ERROR c.e.x.c.HomeController [main] Error
2024-04-24 20:52:22,118 INFO c.e.x.c.HomeController [main] Info
2024-04-24 20:52:22,118 WARN c.e.x.c.HomeController [main] Warn
2024-04-24 20:52:22,120 ERROR c.e.x.c.HomeController [main] Error
2024-04-24 20:52:22,120 INFO c.e.x.c.HomeController [main] Info
2024-04-24 20:52:22,121 WARN c.e.x.c.HomeController [main] Warn
2024-04-24 20:52:22,122 ERROR c.e.x.c.HomeController [main] Error
2024-04-24 20:52:22,123 INFO c.e.x.c.HomeController [main] Info
2024-04-24 20:52:22,123 WARN c.e.x.c.HomeController [main] Warn
2024-04-24 20:52:22,124 ERROR c.e.x.c.HomeController [main] Error
2024-04-24 20:52:22,124 INFO c.e.x.c.HomeController [main] Info
2024-04-24 20:52:22,125 WARN c.e.x.c.HomeController [main] Warn
2024-04-24 20:52:22,125 ERROR c.e.x.c.HomeController [main] Error
2024-04-24 20:52:22,125 INFO c.e.x.c.HomeController [main] Info
2024-04-24 20:52:22,126 WARN c.e.x.c.HomeController [main] Warn
2024-04-24 20:52:22,127 ERROR c.e.x.c.HomeController [main] Error
2024-04-24 20:52:22,128 INFO c.e.x.c.HomeController [main] Info
2024-04-24 20:52:22,130 WARN c.e.x.c.HomeController [main] Warn
2024-04-24 20:52:22,131 ERROR c.e.x.c.HomeController [main] Error
2024-04-24 20:52:22,131 INFO c.e.x.c.HomeController [main] Info
2024-04-24 20:52:22,132 WARN c.e.x.c.HomeController [main] Warn
2024-04-24 20:52:22,132 ERROR c.e.x.c.HomeController [main] Error
2024-04-24 20:52:22,133 INFO c.e.x.c.HomeController [main] Info
2024-04-24 20:52:22,133 WARN c.e.x.c.HomeController [main] Warn
2024-04-24 20:52:22,133 ERROR c.e.x.c.HomeController [main] Error
2024-04-24 20:52:22,133 INFO c.e.x.c.HomeController [main] Info
2024-04-24 20:52:22,133 WARN c.e.x.c.HomeController [main] Warn
2024-04-24 20:52:22,135 ERROR c.e.x.c.HomeController [main] Error
2024-04-24 20:52:22,135 INFO c.e.x.c.HomeController [main] Info
2024-04-24 20:52:22,136 WARN c.e.x.c.HomeController [main] Warn
2024-04-24 20:52:22,137 ERROR c.e.x.c.HomeController [main] Error
2024-04-24 20:52:22,137 INFO c.e.x.c.HomeController [main] Info
2024-04-24 20:52:22,137 WARN c.e.x.c.HomeController [main] Warn
2024-04-24 20:52:22,138 ERROR c.e.x.c.HomeController [main] Error
2024-04-24 20:52:22,138 INFO c.e.x.c.HomeController [main] Info
2024-04-24 20:52:22,138 WARN c.e.x.c.HomeController [main] Warn
2024-04-24 20:52:22,138 ERROR c.e.x.c.HomeController [main] Error
2024-04-24 20:52:22,140 INFO c.e.x.c.HomeController [main] Info
2024-04-24 20:52:22,141 WARN c.e.x.c.HomeController [main] Warn
2024-04-24 20:52:22,141 ERROR c.e.x.c.HomeController [main] Error
2024-04-24 20:52:22,142 INFO c.e.x.c.HomeController [main] Info
2024-04-24 20:52:22,142 WARN c.e.x.c.HomeController [main] Warn
2024-04-24 20:52:22,142 ERROR c.e.x.c.HomeController [main] Error
2024-04-24 20:52:22,143 INFO c.e.x.c.HomeController [main] Info
2024-04-24 20:52:22,143 WARN c.e.x.c.HomeController [main] Warn
2024-04-24 20:52:22,143 ERROR c.e.x.c.HomeController [main] Error
2024-04-24 20:52:22,144 INFO c.e.x.c.HomeController [main] Info
2024-04-24 20:52:22,145 WARN c.e.x.c.HomeController [main] Warn
2024-04-24 20:52:22,146 ERROR c.e.x.c.HomeController [main] Error
2024-04-24 20:52:22,146 INFO c.e.x.c.HomeController [main] Info
2024-04-24 20:52:22,147 WARN c.e.x.c.HomeController [main] Warn
2024-04-24 20:52:22,147 ERROR c.e.x.c.HomeController [main] Error
2024-04-24 20:52:22,148 INFO c.e.x.c.HomeController [main] Info
2024-04-24 20:52:22,148 WARN c.e.x.c.HomeController [main] Warn
2024-04-24 20:52:22,148 ERROR c.e.x.c.HomeController [main] Error
2024-04-24 20:52:22,149 INFO c.e.x.c.HomeController [main] Info
2024-04-24 20:52:22,149 WARN c.e.x.c.HomeController [main] Warn
2024-04-24 20:52:22,149 ERROR c.e.x.c.HomeController [main] Error
2024-04-24 20:52:22,150 INFO c.e.x.c.HomeController [main] Info
2024-04-24 20:52:22,150 WARN c.e.x.c.HomeController [main] Warn
2024-04-24 20:52:22,150 ERROR c.e.x.c.HomeController [main] Error
2024-04-24 20:52:22,151 INFO c.e.x.c.HomeController [main] Info
2024-04-24 20:52:22,151 WARN c.e.x.c.HomeController [main] Warn
2024-04-24 20:52:22,151 ERROR c.e.x.c.HomeController [main] Error
2024-04-24 20:52:22,152 INFO c.e.x.c.HomeController [main] Info
2024-04-24 20:52:22,152 WARN c.e.x.c.HomeController [main] Warn
2024-04-24 20:52:22,152 ERROR c.e.x.c.HomeController [main] Error
2024-04-24 20:52:22,153 INFO c.e.x.c.HomeController [main] Info
2024-04-24 20:52:22,153 WARN c.e.x.c.HomeController [main] Warn
2024-04-24 20:52:22,153 ERROR c.e.x.c.HomeController [main] Error
2024-04-24 20:52:22,154 INFO c.e.x.c.HomeController [main] Info
2024-04-24 20:52:22,155 WARN c.e.x.c.HomeController [main] Warn
2024-04-24 20:52:22,155 ERROR c.e.x.c.HomeController [main] Error
2024-04-24 20:52:22,156 INFO c.e.x.c.HomeController [main] Info
2024-04-24 20:52:22,156 WARN c.e.x.c.HomeController [main] Warn
2024-04-24 20:52:22,157 ERROR c.e.x.c.HomeController [main] Error
2024-04-24 20:52:22,157 INFO c.e.x.c.HomeController [main] Info
2024-04-24 20:52:22,158 WARN c.e.x.c.HomeController [main] Warn
2024-04-24 20:52:22,158 ERROR c.e.x.c.HomeController [main] Error
2024-04-24 20:52:22,159 INFO c.e.x.c.HomeController [main] Info
2024-04-24 20:52:22,159 WARN c.e.x.c.HomeController [main] Warn
2024-04-24 20:52:22,160 ERROR c.e.x.c.HomeController [main] Error
2024-04-24 20:52:22,160 INFO c.e.x.c.HomeController [main] Info
2024-04-24 20:52:22,160 WARN c.e.x.c.HomeController [main] Warn
2024-04-24 20:52:22,161 ERROR c.e.x.c.HomeController [main] Error
2024-04-24 20:52:22,161 INFO c.e.x.c.HomeController [main] Info
2024-04-24 20:52:22,161 WARN c.e.x.c.HomeController [main] Warn
2024-04-24 20:52:22,162 ERROR c.e.x.c.HomeController [main] Error
2024-04-24 20:52:22,162 INFO c.e.x.c.HomeController [main] Info
2024-04-24 20:52:22,163 WARN c.e.x.c.HomeController [main] Warn
2024-04-24 20:52:22,164 ERROR c.e.x.c.HomeController [main] Error
2024-04-24 20:52:22,165 INFO c.e.x.c.HomeController [main] Info
2024-04-24 20:52:22,166 WARN c.e.x.c.HomeController [main] Warn
2024-04-24 20:52:22,167 ERROR c.e.x.c.HomeController [main] Error
2024-04-24 20:52:22,167 INFO c.e.x.c.HomeController [main] Info
2024-04-24 20:52:22,168 WARN c.e.x.c.HomeController [main] Warn
2024-04-24 20:52:22,168 ERROR c.e.x.c.HomeController [main] Error
2024-04-24 20:52:22,169 INFO c.e.x.c.HomeController [main] Info
2024-04-24 20:52:22,169 WARN c.e.x.c.HomeController [main] Warn
2024-04-24 20:52:22,170 ERROR c.e.x.c.HomeController [main] Error
2024-04-24 20:52:22,170 INFO c.e.x.c.HomeController [main] Info
2024-04-24 20:52:22,170 WARN c.e.x.c.HomeController [main] Warn
2024-04-24 20:52:22,170 ERROR c.e.x.c.HomeController [main] Error
2024-04-24 20:52:22,171 INFO c.e.x.c.HomeController [main] Info
2024-04-24 20:52:22,171 WARN c.e.x.c.HomeController [main] Warn
2024-04-24 20:52:22,172 ERROR c.e.x.c.HomeController [main] Error
2024-04-24 20:52:22,173 INFO c.e.x.c.HomeController [main] Info
2024-04-24 20:52:22,173 WARN c.e.x.c.HomeController [main] Warn
2024-04-24 20:52:22,173 ERROR c.e.x.c.HomeController [main] Error
2024-04-24 20:52:22,174 INFO c.e.x.c.HomeController [main] Info
2024-04-24 20:52:22,174 WARN c.e.x.c.HomeController [main] Warn
2024-04-24 20:52:22,175 ERROR c.e.x.c.HomeController [main] Error
2024-04-24 20:52:22,175 INFO c.e.x.c.HomeController [main] Info
2024-04-24 20:52:22,176 WARN c.e.x.c.HomeController [main] Warn
2024-04-24 20:52:22,176 ERROR c.e.x.c.HomeController [main] Error
2024-04-24 20:52:22,177 INFO c.e.x.c.HomeController [main] Info
2024-04-24 20:52:22,177 WARN c.e.x.c.HomeController [main] Warn
2024-04-24 20:52:22,177 ERROR c.e.x.c.HomeController [main] Error
2024-04-24 20:52:22,178 INFO c.e.x.c.HomeController [main] Info
2024-04-24 20:52:22,178 WARN c.e.x.c.HomeController [main] Warn
2024-04-24 20:52:22,178 ERROR c.e.x.c.HomeController [main] Error
2024-04-24 20:52:22,180 INFO c.e.x.c.HomeController [main] Info
2024-04-24 20:52:22,180 WARN c.e.x.c.HomeController [main] Warn
2024-04-24 20:52:22,181 ERROR c.e.x.c.HomeController [main] Error
2024-04-24 20:52:22,181 INFO c.e.x.c.HomeController [main] Info
2024-04-24 20:52:22,182 WARN c.e.x.c.HomeController [main] Warn
2024-04-24 20:52:22,182 ERROR c.e.x.c.HomeController [main] Error
2024-04-24 20:52:22,183 INFO c.e.x.c.HomeController [main] Info
2024-04-24 20:52:22,183 WARN c.e.x.c.HomeController [main] Warn
2024-04-24 20:52:22,185 ERROR c.e.x.c.HomeController [main] Error
2024-04-24 20:52:22,186 INFO c.e.x.c.HomeController [main] Info
2024-04-24 20:52:22,187 WARN c.e.x.c.HomeController [main] Warn
2024-04-24 20:52:22,187 ERROR c.e.x.c.HomeController [main] Error
2024-04-24 20:52:22,188 INFO c.e.x.c.HomeController [main] Info
2024-04-24 20:52:22,188 WARN c.e.x.c.HomeController [main] Warn
2024-04-24 20:52:22,189 ERROR c.e.x.c.HomeController [main] Error
2024-04-24 20:52:22,190 INFO c.e.x.c.HomeController [main] Info
2024-04-24 20:52:22,191 WARN c.e.x.c.HomeController [main] Warn
2024-04-24 20:52:22,191 ERROR c.e.x.c.HomeController [main] Error
2024-04-24 20:52:22,192 INFO c.e.x.c.HomeController [main] Info
2024-04-24 20:52:22,193 WARN c.e.x.c.HomeController [main] Warn
2024-04-24 20:52:22,193 ERROR c.e.x.c.HomeController [main] Error
2024-04-24 20:52:22,195 INFO c.e.x.c.HomeController [main] Info
2024-04-24 20:52:22,195 WARN c.e.x.c.HomeController [main] Warn
2024-04-24 20:52:22,196 ERROR c.e.x.c.HomeController [main] Error
2024-04-24 20:52:22,196 INFO c.e.x.c.HomeController [main] Info
2024-04-24 20:52:22,196 WARN c.e.x.c.HomeController [main] Warn
2024-04-24 20:52:22,197 ERROR c.e.x.c.HomeController [main] Error
2024-04-24 20:52:22,198 INFO c.e.x.c.HomeController [main] Info
2024-04-24 20:52:22,199 WARN c.e.x.c.HomeController [main] Warn
2024-04-24 20:52:22,199 ERROR c.e.x.c.HomeController [main] Error
2024-04-24 20:52:22,200 INFO c.e.x.c.HomeController [main] Info
2024-04-24 20:52:22,200 WARN c.e.x.c.HomeController [main] Warn
2024-04-24 20:52:22,200 ERROR c.e.x.c.HomeController [main] Error
2024-04-24 20:52:22,201 INFO c.e.x.c.HomeController [main] Info
2024-04-24 20:52:22,201 WARN c.e.x.c.HomeController [main] Warn
2024-04-24 20:52:22,202 ERROR c.e.x.c.HomeController [main] Error
2024-04-24 20:52:22,203 INFO c.e.x.c.HomeController [main] Info
2024-04-24 20:52:22,204 WARN c.e.x.c.HomeController [main] Warn
2024-04-24 20:52:22,206 ERROR c.e.x.c.HomeController [main] Error
2024-04-24 20:52:22,209 INFO c.e.x.c.HomeController [main] Info
2024-04-24 20:52:22,212 WARN c.e.x.c.HomeController [main] Warn
2024-04-24 20:52:22,213 ERROR c.e.x.c.HomeController [main] Error
2024-04-24 20:52:22,215 INFO c.e.x.c.HomeController [main] Info
2024-04-24 20:52:22,217 WARN c.e.x.c.HomeController [main] Warn
2024-04-24 20:52:22,217 ERROR c.e.x.c.HomeController [main] Error
2024-04-24 20:52:22,217 INFO c.e.x.c.HomeController [main] Info
2024-04-24 20:52:22,218 WARN c.e.x.c.HomeController [main] Warn
2024-04-24 20:52:22,218 ERROR c.e.x.c.HomeController [main] Error
2024-04-24 20:52:22,219 INFO c.e.x.c.HomeController [main] Info
2024-04-24 20:52:22,219 WARN c.e.x.c.HomeController [main] Warn
2024-04-24 20:52:22,219 ERROR c.e.x.c.HomeController [main] Error
2024-04-24 20:52:22,220 INFO c.e.x.c.HomeController [main] Info
2024-04-24 20:52:22,220 WARN c.e.x.c.HomeController [main] Warn
2024-04-24 20:52:22,220 ERROR c.e.x.c.HomeController [main] Error
2024-04-24 20:52:22,221 INFO c.e.x.c.HomeController [main] Info
2024-04-24 20:52:22,221 WARN c.e.x.c.HomeController [main] Warn
2024-04-24 20:52:22,222 ERROR c.e.x.c.HomeController [main] Error
2024-04-24 20:52:22,222 INFO c.e.x.c.HomeController [main] Info
2024-04-24 20:52:22,222 WARN c.e.x.c.HomeController [main] Warn
2024-04-24 20:52:22,223 ERROR c.e.x.c.HomeController [main] Error
2024-04-24 20:52:22,223 INFO c.e.x.c.HomeController [main] Info
2024-04-24 20:52:22,223 WARN c.e.x.c.HomeController [main] Warn
2024-04-24 20:52:22,225 ERROR c.e.x.c.HomeController [main] Error
2024-04-24 20:52:22,225 INFO c.e.x.c.HomeController [main] Info
2024-04-24 20:52:22,225 WARN c.e.x.c.HomeController [main] Warn
2024-04-24 20:52:22,226 ERROR c.e.x.c.HomeController [main] Error
2024-04-24 20:52:22,226 INFO c.e.x.c.HomeController [main] Info
2024-04-24 20:52:22,227 WARN c.e.x.c.HomeController [main] Warn
2024-04-24 20:52:22,227 ERROR c.e.x.c.HomeController [main] Error
2024-04-24 20:52:22,227 INFO c.e.x.c.HomeController [main] Info
2024-04-24 20:52:22,228 WARN c.e.x.c.HomeController [main] Warn
2024-04-24 20:52:22,229 ERROR c.e.x.c.HomeController [main] Error
2024-04-24 20:52:22,230 INFO c.e.x.c.HomeController [main] Info
2024-04-24 20:52:22,230 WARN c.e.x.c.HomeController [main] Warn
2024-04-24 20:52:22,231 ERROR c.e.x.c.HomeController [main] Error
2024-04-24 20:52:22,231 INFO c.e.x.c.HomeController [main] Info
2024-04-24 20:52:22,231 WARN c.e.x.c.HomeController [main] Warn
2024-04-24 20:52:22,232 ERROR c.e.x.c.HomeController [main] Error
2024-04-24 20:52:22,234 INFO c.e.x.c.HomeController [main] Info
2024-04-24 20:52:22,236 WARN c.e.x.c.HomeController [main] Warn
2024-04-24 20:52:22,238 ERROR c.e.x.c.HomeController [main] Error
2024-04-24 20:52:22,240 INFO c.e.x.c.HomeController [main] Info
2024-04-24 20:52:22,241 WARN c.e.x.c.HomeController [main] Warn
2024-04-24 20:52:22,243 ERROR c.e.x.c.HomeController [main] Error
2024-04-24 20:52:22,243 INFO c.e.x.c.HomeController [main] Info
2024-04-24 20:52:22,244 WARN c.e.x.c.HomeController [main] Warn
2024-04-24 20:52:22,244 ERROR c.e.x.c.HomeController [main] Error
2024-04-24 20:52:22,245 INFO c.e.x.c.HomeController [main] Info
2024-04-24 20:52:22,245 WARN c.e.x.c.HomeController [main] Warn
2024-04-24 20:52:22,247 ERROR c.e.x.c.HomeController [main] Error
2024-04-24 20:52:22,250 INFO c.e.x.c.HomeController [main] Info
2024-04-24 20:52:22,250 WARN c.e.x.c.HomeController [main] Warn
2024-04-24 20:52:22,251 ERROR c.e.x.c.HomeController [main] Error
2024-04-24 20:52:22,252 INFO c.e.x.c.HomeController [main] Info
2024-04-24 20:52:22,253 WARN c.e.x.c.HomeController [main] Warn
2024-04-24 20:52:22,253 ERROR c.e.x.c.HomeController [main] Error
2024-04-24 20:52:22,254 INFO c.e.x.c.HomeController [main] Info
2024-04-24 20:52:22,254 WARN c.e.x.c.HomeController [main] Warn
2024-04-24 20:52:22,255 ERROR c.e.x.c.HomeController [main] Error
2024-04-24 20:52:22,256 INFO c.e.x.c.HomeController [main] Info
2024-04-24 20:52:22,256 WARN c.e.x.c.HomeController [main] Warn
2024-04-24 20:52:22,256 ERROR c.e.x.c.HomeController [main] Error
2024-04-24 20:52:22,257 INFO c.e.x.c.HomeController [main] Info
2024-04-24 20:52:22,257 WARN c.e.x.c.HomeController [main] Warn
2024-04-24 20:52:22,258 ERROR c.e.x.c.HomeController [main] Error
2024-04-24 20:52:22,258 INFO c.e.x.c.HomeController [main] Info
2024-04-24 20:52:22,260 WARN c.e.x.c.HomeController [main] Warn
2024-04-24 20:52:22,260 ERROR c.e.x.c.HomeController [main] Error
2024-04-24 20:52:22,260 INFO c.e.x.c.HomeController [main] Info
2024-04-24 20:52:22,260 WARN c.e.x.c.HomeController [main] Warn
2024-04-24 20:52:22,261 ERROR c.e.x.c.HomeController [main] Error
2024-04-24 20:52:22,261 INFO c.e.x.c.HomeController [main] Info
2024-04-24 20:52:22,262 WARN c.e.x.c.HomeController [main] Warn
2024-04-24 20:52:22,262 ERROR c.e.x.c.HomeController [main] Error
2024-04-24 20:52:22,263 INFO c.e.x.c.HomeController [main] Info
2024-04-24 20:52:22,263 WARN c.e.x.c.HomeController [main] Warn
2024-04-24 20:52:22,264 ERROR c.e.x.c.HomeController [main] Error
2024-04-24 20:52:22,264 INFO c.e.x.c.HomeController [main] Info
2024-04-24 20:52:22,265 WARN c.e.x.c.HomeController [main] Warn
2024-04-24 20:52:22,265 ERROR c.e.x.c.HomeController [main] Error
2024-04-24 20:52:22,265 INFO c.e.x.c.HomeController [main] Info
2024-04-24 20:52:22,266 WARN c.e.x.c.HomeController [main] Warn
2024-04-24 20:52:22,267 ERROR c.e.x.c.HomeController [main] Error
2024-04-24 20:52:22,267 INFO c.e.x.c.HomeController [main] Info
2024-04-24 20:52:22,268 WARN c.e.x.c.HomeController [main] Warn
2024-04-24 20:52:22,269 ERROR c.e.x.c.HomeController [main] Error
2024-04-24 20:52:22,269 INFO c.e.x.c.HomeController [main] Info
2024-04-24 20:52:22,270 WARN c.e.x.c.HomeController [main] Warn
2024-04-24 20:52:22,270 ERROR c.e.x.c.HomeController [main] Error
2024-04-24 20:52:22,270 INFO c.e.x.c.HomeController [main] Info
2024-04-24 20:52:22,270 WARN c.e.x.c.HomeController [main] Warn
2024-04-24 20:52:22,271 ERROR c.e.x.c.HomeController [main] Error
2024-04-24 20:52:22,272 INFO c.e.x.c.HomeController [main] Info
2024-04-24 20:52:22,273 WARN c.e.x.c.HomeController [main] Warn
2024-04-24 20:52:22,273 ERROR c.e.x.c.HomeController [main] Error
2024-04-24 20:52:22,274 INFO c.e.x.c.HomeController [main] Info
2024-04-24 20:52:22,274 WARN c.e.x.c.HomeController [main] Warn
2024-04-24 20:52:22,274 ERROR c.e.x.c.HomeController [main] Error
2024-04-24 20:52:22,276 INFO c.e.x.c.HomeController [main] Info
2024-04-24 20:52:22,277 WARN c.e.x.c.HomeController [main] Warn
2024-04-24 20:52:22,278 ERROR c.e.x.c.HomeController [main] Error
2024-04-24 20:52:22,280 INFO c.e.x.c.HomeController [main] Info
2024-04-24 20:52:22,280 WARN c.e.x.c.HomeController [main] Warn
2024-04-24 20:52:22,282 ERROR c.e.x.c.HomeController [main] Error
2024-04-24 20:52:22,283 INFO c.e.x.c.HomeController [main] Info
2024-04-24 20:52:22,284 WARN c.e.x.c.HomeController [main] Warn
2024-04-24 20:52:22,286 ERROR c.e.x.c.HomeController [main] Error
