2024-07-01 15:10:34,228 INFO o.s.b.StartupInfoLogger [main] Starting Xx2Application v0.0.1-SNAPSHOT using Java 17.0.10 with PID 23772 (C:\Users\Asus\Downloads\BINAR\back_end_java\Challenge-6\xx2\target\xx2-0.0.1-SNAPSHOT.jar started by Asus in C:\Users\Asus\Downloads\BINAR\back_end_java\Challenge-6\xx2)
2024-07-01 15:10:34,236 INFO o.s.b.SpringApplication [main] No active profile set, falling back to 1 default profile: "default"
2024-07-01 15:10:35,369 INFO o.s.d.r.c.RepositoryConfigurationDelegate [main] Bootstrapping Spring Data JPA repositories in DEFAULT mode.
2024-07-01 15:10:35,457 INFO o.s.d.r.c.RepositoryConfigurationDelegate [main] Finished Spring Data repository scanning in 79 ms. Found 6 JPA repository interfaces.
2024-07-01 15:10:36,509 INFO o.s.b.w.e.t.TomcatWebServer [main] Tomcat initialized with port 8080 (http)
2024-07-01 15:10:36,548 INFO o.a.j.l.DirectJDKLog [main] Initializing ProtocolHandler ["http-nio-8080"]
2024-07-01 15:10:36,558 INFO o.a.j.l.DirectJDKLog [main] Starting service [Tomcat]
2024-07-01 15:10:36,560 INFO o.a.j.l.DirectJDKLog [main] Starting Servlet engine: [Apache Tomcat/10.1.20]
2024-07-01 15:10:36,662 INFO o.a.j.l.DirectJDKLog [main] Initializing Spring embedded WebApplicationContext
2024-07-01 15:10:36,665 INFO o.s.b.w.s.c.ServletWebServerApplicationContext [main] Root WebApplicationContext: initialization completed in 2309 ms
2024-07-01 15:10:37,064 INFO o.h.j.i.u.LogHelper [main] HHH000204: Processing PersistenceUnitInfo [name: default]
2024-07-01 15:10:37,250 INFO o.h.Version [main] HHH000412: Hibernate ORM core version 6.4.4.Final
2024-07-01 15:10:37,312 INFO o.h.c.i.RegionFactoryInitiator [main] HHH000026: Second-level cache disabled
2024-07-01 15:10:37,674 INFO o.s.o.j.p.SpringPersistenceUnitInfo [main] No LoadTimeWeaver setup: ignoring JPA class transformer
2024-07-01 15:10:37,710 INFO c.z.h.HikariDataSource [main] HikariPool-1 - Starting...
2024-07-01 15:10:38,080 INFO c.z.h.p.HikariPool [main] HikariPool-1 - Added connection org.postgresql.jdbc.PgConnection@4ffa7041
2024-07-01 15:10:38,083 INFO c.z.h.HikariDataSource [main] HikariPool-1 - Start completed.
2024-07-01 15:10:38,117 WARN o.h.e.j.d.i.DialectFactoryImpl [main] HHH90000025: PostgreSQLDialect does not need to be specified explicitly using 'hibernate.dialect' (remove the property setting and it will be selected by default)
2024-07-01 15:10:39,146 INFO o.h.e.t.j.p.i.JtaPlatformInitiator [main] HHH000489: No JTA platform available (set 'hibernate.transaction.jta.platform' to enable JTA platform integration)
2024-07-01 15:10:39,266 INFO o.s.o.j.AbstractEntityManagerFactoryBean [main] Initialized JPA EntityManagerFactory for persistence unit 'default'
2024-07-01 15:10:40,622 WARN o.s.b.a.o.j.JpaBaseConfiguration$JpaWebConfiguration [main] spring.jpa.open-in-view is enabled by default. Therefore, database queries may be performed during view rendering. Explicitly configure spring.jpa.open-in-view to disable this warning
2024-07-01 15:10:41,332 INFO o.s.s.w.DefaultSecurityFilterChain [main] Will secure any request with [org.springframework.security.web.session.DisableEncodeUrlFilter@22bbbe6, org.springframework.security.web.context.request.async.WebAsyncManagerIntegrationFilter@789d45f7, org.springframework.security.web.context.SecurityContextHolderFilter@5edd2170, org.springframework.security.web.header.HeaderWriterFilter@eea69a9, org.springframework.web.filter.CorsFilter@240c626d, org.springframework.security.web.authentication.logout.LogoutFilter@70e07ef8, org.springframework.security.web.savedrequest.RequestCacheAwareFilter@32db94fb, org.springframework.security.web.servletapi.SecurityContextHolderAwareRequestFilter@6b61a4b0, org.springframework.security.web.authentication.AnonymousAuthenticationFilter@53a645a2, org.springframework.security.web.access.ExceptionTranslationFilter@6a5a99d9, org.springframework.security.web.access.intercept.AuthorizationFilter@22db12f6]
2024-07-01 15:10:41,672 WARN o.s.s.c.a.w.b.WebSecurity [main] You are asking Spring Security to ignore Mvc [pattern='/webjars/**']. This is not recommended -- please use permitAll via HttpSecurity#authorizeHttpRequests instead.
2024-07-01 15:10:41,672 INFO o.s.s.w.DefaultSecurityFilterChain [main] Will not secure Mvc [pattern='/webjars/**']
2024-07-01 15:10:41,673 WARN o.s.s.c.a.w.b.WebSecurity [main] You are asking Spring Security to ignore Mvc [pattern='/images/**']. This is not recommended -- please use permitAll via HttpSecurity#authorizeHttpRequests instead.
2024-07-01 15:10:41,673 INFO o.s.s.w.DefaultSecurityFilterChain [main] Will not secure Mvc [pattern='/images/**']
2024-07-01 15:10:41,673 WARN o.s.s.c.a.w.b.WebSecurity [main] You are asking Spring Security to ignore Mvc [pattern='/css/**']. This is not recommended -- please use permitAll via HttpSecurity#authorizeHttpRequests instead.
2024-07-01 15:10:41,674 INFO o.s.s.w.DefaultSecurityFilterChain [main] Will not secure Mvc [pattern='/css/**']
2024-07-01 15:10:41,674 WARN o.s.s.c.a.w.b.WebSecurity [main] You are asking Spring Security to ignore Mvc [pattern='/assets/**']. This is not recommended -- please use permitAll via HttpSecurity#authorizeHttpRequests instead.
2024-07-01 15:10:41,674 INFO o.s.s.w.DefaultSecurityFilterChain [main] Will not secure Mvc [pattern='/assets/**']
2024-07-01 15:10:41,674 WARN o.s.s.c.a.w.b.WebSecurity [main] You are asking Spring Security to ignore Mvc [pattern='/favicon.ico']. This is not recommended -- please use permitAll via HttpSecurity#authorizeHttpRequests instead.
2024-07-01 15:10:41,675 INFO o.s.s.w.DefaultSecurityFilterChain [main] Will not secure Mvc [pattern='/favicon.ico']
2024-07-01 15:10:41,713 INFO o.a.j.l.DirectJDKLog [main] Starting ProtocolHandler ["http-nio-8080"]
2024-07-01 15:10:41,734 INFO o.s.b.w.e.t.TomcatWebServer [main] Tomcat started on port 8080 (http) with context path ''
2024-07-01 15:10:41,746 INFO o.s.b.StartupInfoLogger [main] Started Xx2Application in 8.38 seconds (process running for 9.042)
2024-07-01 15:10:45,994 INFO o.s.o.j.AbstractEntityManagerFactoryBean [SpringApplicationShutdownHook] Closing JPA EntityManagerFactory for persistence unit 'default'
2024-07-01 15:10:45,997 INFO c.z.h.HikariDataSource [SpringApplicationShutdownHook] HikariPool-1 - Shutdown initiated...
2024-07-01 15:10:46,001 INFO c.z.h.HikariDataSource [SpringApplicationShutdownHook] HikariPool-1 - Shutdown completed.
