2024-07-17 23:57:31,946 INFO o.s.b.StartupInfoLogger [main] Starting Xx2Application using Java 17.0.10 with PID 19976 (C:\Users\Asus\Downloads\BINAR\back_end_java\Challenge-6\xx2\target\classes started by Asus in C:\Users\Asus\Downloads\BINAR\back_end_java\Challenge-6)
2024-07-17 23:57:31,949 INFO o.s.b.SpringApplication [main] No active profile set, falling back to 1 default profile: "default"
2024-07-17 23:57:33,281 INFO o.s.d.r.c.RepositoryConfigurationDelegate [main] Bootstrapping Spring Data JPA repositories in DEFAULT mode.
2024-07-17 23:57:33,402 INFO o.s.d.r.c.RepositoryConfigurationDelegate [main] Finished Spring Data repository scanning in 104 ms. Found 6 JPA repository interfaces.
2024-07-17 23:57:34,568 INFO o.s.b.w.e.t.TomcatWebServer [main] Tomcat initialized with port 8080 (http)
2024-07-17 23:57:34,596 INFO o.a.j.l.DirectJDKLog [main] Initializing ProtocolHandler ["http-nio-8080"]
2024-07-17 23:57:34,614 INFO o.a.j.l.DirectJDKLog [main] Starting service [Tomcat]
2024-07-17 23:57:34,616 INFO o.a.j.l.DirectJDKLog [main] Starting Servlet engine: [Apache Tomcat/10.1.20]
2024-07-17 23:57:34,837 INFO o.a.j.l.DirectJDKLog [main] Initializing Spring embedded WebApplicationContext
2024-07-17 23:57:34,841 INFO o.s.b.w.s.c.ServletWebServerApplicationContext [main] Root WebApplicationContext: initialization completed in 2819 ms
2024-07-17 23:57:35,283 INFO o.h.j.i.u.LogHelper [main] HHH000204: Processing PersistenceUnitInfo [name: default]
2024-07-17 23:57:35,569 INFO o.h.Version [main] HHH000412: Hibernate ORM core version 6.4.4.Final
2024-07-17 23:57:35,680 INFO o.h.c.i.RegionFactoryInitiator [main] HHH000026: Second-level cache disabled
2024-07-17 23:57:36,273 INFO o.s.o.j.p.SpringPersistenceUnitInfo [main] No LoadTimeWeaver setup: ignoring JPA class transformer
2024-07-17 23:57:36,334 INFO c.z.h.HikariDataSource [main] HikariPool-1 - Starting...
2024-07-17 23:57:36,679 INFO c.z.h.p.HikariPool [main] HikariPool-1 - Added connection org.postgresql.jdbc.PgConnection@10d98940
2024-07-17 23:57:36,682 INFO c.z.h.HikariDataSource [main] HikariPool-1 - Start completed.
2024-07-17 23:57:36,758 WARN o.h.e.j.d.i.DialectFactoryImpl [main] HHH90000025: PostgreSQLDialect does not need to be specified explicitly using 'hibernate.dialect' (remove the property setting and it will be selected by default)
2024-07-17 23:57:37,926 INFO o.h.e.t.j.p.i.JtaPlatformInitiator [main] HHH000489: No JTA platform available (set 'hibernate.transaction.jta.platform' to enable JTA platform integration)
2024-07-17 23:57:38,042 INFO o.s.o.j.AbstractEntityManagerFactoryBean [main] Initialized JPA EntityManagerFactory for persistence unit 'default'
2024-07-17 23:57:39,499 WARN o.s.b.a.o.j.JpaBaseConfiguration$JpaWebConfiguration [main] spring.jpa.open-in-view is enabled by default. Therefore, database queries may be performed during view rendering. Explicitly configure spring.jpa.open-in-view to disable this warning
2024-07-17 23:57:40,474 INFO o.s.s.w.DefaultSecurityFilterChain [main] Will secure any request with [org.springframework.security.web.session.DisableEncodeUrlFilter@5482b32a, org.springframework.security.web.context.request.async.WebAsyncManagerIntegrationFilter@6bf2ecbb, org.springframework.security.web.context.SecurityContextHolderFilter@36f1bd7e, org.springframework.security.web.header.HeaderWriterFilter@1e3689e7, org.springframework.web.filter.CorsFilter@1300112e, org.springframework.security.web.authentication.logout.LogoutFilter@189f9f9f, org.springframework.security.web.savedrequest.RequestCacheAwareFilter@411e567e, org.springframework.security.web.servletapi.SecurityContextHolderAwareRequestFilter@4e58eda2, org.springframework.security.web.authentication.AnonymousAuthenticationFilter@5955568, org.springframework.security.web.access.ExceptionTranslationFilter@1bdb6b36, org.springframework.security.web.access.intercept.AuthorizationFilter@615bd28b]
2024-07-17 23:57:40,955 WARN o.s.s.c.a.w.b.WebSecurity [main] You are asking Spring Security to ignore Mvc [pattern='/webjars/**']. This is not recommended -- please use permitAll via HttpSecurity#authorizeHttpRequests instead.
2024-07-17 23:57:40,956 INFO o.s.s.w.DefaultSecurityFilterChain [main] Will not secure Mvc [pattern='/webjars/**']
2024-07-17 23:57:40,957 WARN o.s.s.c.a.w.b.WebSecurity [main] You are asking Spring Security to ignore Mvc [pattern='/images/**']. This is not recommended -- please use permitAll via HttpSecurity#authorizeHttpRequests instead.
2024-07-17 23:57:40,958 INFO o.s.s.w.DefaultSecurityFilterChain [main] Will not secure Mvc [pattern='/images/**']
2024-07-17 23:57:40,958 WARN o.s.s.c.a.w.b.WebSecurity [main] You are asking Spring Security to ignore Mvc [pattern='/css/**']. This is not recommended -- please use permitAll via HttpSecurity#authorizeHttpRequests instead.
2024-07-17 23:57:40,959 INFO o.s.s.w.DefaultSecurityFilterChain [main] Will not secure Mvc [pattern='/css/**']
2024-07-17 23:57:40,959 WARN o.s.s.c.a.w.b.WebSecurity [main] You are asking Spring Security to ignore Mvc [pattern='/assets/**']. This is not recommended -- please use permitAll via HttpSecurity#authorizeHttpRequests instead.
2024-07-17 23:57:40,960 INFO o.s.s.w.DefaultSecurityFilterChain [main] Will not secure Mvc [pattern='/assets/**']
2024-07-17 23:57:40,961 WARN o.s.s.c.a.w.b.WebSecurity [main] You are asking Spring Security to ignore Mvc [pattern='/favicon.ico']. This is not recommended -- please use permitAll via HttpSecurity#authorizeHttpRequests instead.
2024-07-17 23:57:40,961 INFO o.s.s.w.DefaultSecurityFilterChain [main] Will not secure Mvc [pattern='/favicon.ico']
2024-07-17 23:57:41,046 INFO o.a.j.l.DirectJDKLog [main] Starting ProtocolHandler ["http-nio-8080"]
2024-07-17 23:57:41,063 INFO o.s.b.w.e.t.TomcatWebServer [main] Tomcat started on port 8080 (http) with context path ''
2024-07-17 23:57:41,076 INFO o.s.b.StartupInfoLogger [main] Started Xx2Application in 9.677 seconds (process running for 10.257)
2024-07-17 23:57:47,560 INFO o.a.j.l.DirectJDKLog [http-nio-8080-exec-2] Initializing Spring DispatcherServlet 'dispatcherServlet'
2024-07-17 23:57:47,561 INFO o.s.w.s.FrameworkServlet [http-nio-8080-exec-2] Initializing Servlet 'dispatcherServlet'
2024-07-17 23:57:47,563 INFO o.s.w.s.FrameworkServlet [http-nio-8080-exec-2] Completed initialization in 2 ms
