2024-07-17 23:55:24,273 INFO o.s.b.StartupInfoLogger [main] Starting Xx2Application using Java 17.0.10 with PID 21392 (C:\Users\Asus\Downloads\BINAR\back_end_java\Challenge-6\xx2\target\classes started by Asus in C:\Users\Asus\Downloads\BINAR\back_end_java\Challenge-6)
2024-07-17 23:55:24,278 INFO o.s.b.SpringApplication [main] No active profile set, falling back to 1 default profile: "default"
2024-07-17 23:55:25,729 INFO o.s.d.r.c.RepositoryConfigurationDelegate [main] Bootstrapping Spring Data JPA repositories in DEFAULT mode.
2024-07-17 23:55:25,866 INFO o.s.d.r.c.RepositoryConfigurationDelegate [main] Finished Spring Data repository scanning in 125 ms. Found 6 JPA repository interfaces.
2024-07-17 23:55:27,256 INFO o.s.b.w.e.t.TomcatWebServer [main] Tomcat initialized with port 8080 (http)
2024-07-17 23:55:27,276 INFO o.a.j.l.DirectJDKLog [main] Initializing ProtocolHandler ["http-nio-8080"]
2024-07-17 23:55:27,286 INFO o.a.j.l.DirectJDKLog [main] Starting service [Tomcat]
2024-07-17 23:55:27,288 INFO o.a.j.l.DirectJDKLog [main] Starting Servlet engine: [Apache Tomcat/10.1.20]
2024-07-17 23:55:27,469 INFO o.a.j.l.DirectJDKLog [main] Initializing Spring embedded WebApplicationContext
2024-07-17 23:55:27,473 INFO o.s.b.w.s.c.ServletWebServerApplicationContext [main] Root WebApplicationContext: initialization completed in 3119 ms
2024-07-17 23:55:27,882 INFO o.h.j.i.u.LogHelper [main] HHH000204: Processing PersistenceUnitInfo [name: default]
2024-07-17 23:55:28,116 INFO o.h.Version [main] HHH000412: Hibernate ORM core version 6.4.4.Final
2024-07-17 23:55:28,226 INFO o.h.c.i.RegionFactoryInitiator [main] HHH000026: Second-level cache disabled
2024-07-17 23:55:28,681 INFO o.s.o.j.p.SpringPersistenceUnitInfo [main] No LoadTimeWeaver setup: ignoring JPA class transformer
2024-07-17 23:55:28,710 INFO c.z.h.HikariDataSource [main] HikariPool-1 - Starting...
2024-07-17 23:55:28,962 INFO c.z.h.p.HikariPool [main] HikariPool-1 - Added connection org.postgresql.jdbc.PgConnection@2f471037
2024-07-17 23:55:28,964 INFO c.z.h.HikariDataSource [main] HikariPool-1 - Start completed.
2024-07-17 23:55:29,009 WARN o.h.e.j.d.i.DialectFactoryImpl [main] HHH90000025: PostgreSQLDialect does not need to be specified explicitly using 'hibernate.dialect' (remove the property setting and it will be selected by default)
2024-07-17 23:55:30,266 INFO o.h.e.t.j.p.i.JtaPlatformInitiator [main] HHH000489: No JTA platform available (set 'hibernate.transaction.jta.platform' to enable JTA platform integration)
2024-07-17 23:55:30,386 INFO o.s.o.j.AbstractEntityManagerFactoryBean [main] Initialized JPA EntityManagerFactory for persistence unit 'default'
2024-07-17 23:55:31,731 WARN o.s.b.a.o.j.JpaBaseConfiguration$JpaWebConfiguration [main] spring.jpa.open-in-view is enabled by default. Therefore, database queries may be performed during view rendering. Explicitly configure spring.jpa.open-in-view to disable this warning
2024-07-17 23:55:32,430 INFO o.s.s.w.DefaultSecurityFilterChain [main] Will secure any request with [org.springframework.security.web.session.DisableEncodeUrlFilter@5955568, org.springframework.security.web.context.request.async.WebAsyncManagerIntegrationFilter@444fbd13, org.springframework.security.web.context.SecurityContextHolderFilter@4e58eda2, org.springframework.security.web.header.HeaderWriterFilter@36f1bd7e, org.springframework.web.filter.CorsFilter@38241615, org.springframework.security.web.authentication.logout.LogoutFilter@12921ee1, org.springframework.security.web.savedrequest.RequestCacheAwareFilter@7acbd3d0, org.springframework.security.web.servletapi.SecurityContextHolderAwareRequestFilter@49d5c751, org.springframework.security.web.authentication.AnonymousAuthenticationFilter@2b3ee95e, org.springframework.security.web.access.ExceptionTranslationFilter@259f0fdb, org.springframework.security.web.access.intercept.AuthorizationFilter@5482b32a]
2024-07-17 23:55:33,043 WARN o.s.s.c.a.w.b.WebSecurity [main] You are asking Spring Security to ignore Mvc [pattern='/webjars/**']. This is not recommended -- please use permitAll via HttpSecurity#authorizeHttpRequests instead.
2024-07-17 23:55:33,044 INFO o.s.s.w.DefaultSecurityFilterChain [main] Will not secure Mvc [pattern='/webjars/**']
2024-07-17 23:55:33,045 WARN o.s.s.c.a.w.b.WebSecurity [main] You are asking Spring Security to ignore Mvc [pattern='/images/**']. This is not recommended -- please use permitAll via HttpSecurity#authorizeHttpRequests instead.
2024-07-17 23:55:33,046 INFO o.s.s.w.DefaultSecurityFilterChain [main] Will not secure Mvc [pattern='/images/**']
2024-07-17 23:55:33,046 WARN o.s.s.c.a.w.b.WebSecurity [main] You are asking Spring Security to ignore Mvc [pattern='/css/**']. This is not recommended -- please use permitAll via HttpSecurity#authorizeHttpRequests instead.
2024-07-17 23:55:33,047 INFO o.s.s.w.DefaultSecurityFilterChain [main] Will not secure Mvc [pattern='/css/**']
2024-07-17 23:55:33,048 WARN o.s.s.c.a.w.b.WebSecurity [main] You are asking Spring Security to ignore Mvc [pattern='/assets/**']. This is not recommended -- please use permitAll via HttpSecurity#authorizeHttpRequests instead.
2024-07-17 23:55:33,048 INFO o.s.s.w.DefaultSecurityFilterChain [main] Will not secure Mvc [pattern='/assets/**']
2024-07-17 23:55:33,049 WARN o.s.s.c.a.w.b.WebSecurity [main] You are asking Spring Security to ignore Mvc [pattern='/favicon.ico']. This is not recommended -- please use permitAll via HttpSecurity#authorizeHttpRequests instead.
2024-07-17 23:55:33,049 INFO o.s.s.w.DefaultSecurityFilterChain [main] Will not secure Mvc [pattern='/favicon.ico']
2024-07-17 23:55:33,157 INFO o.s.b.w.e.t.TomcatWebServer [main] Tomcat started on port 8080 (http) with context path ''
2024-07-17 23:55:33,171 INFO o.s.b.StartupInfoLogger [main] Started Xx2Application in 9.448 seconds (process running for 9.798)
2024-07-17 23:55:33,197 INFO o.s.o.j.AbstractEntityManagerFactoryBean [SpringApplicationShutdownHook] Closing JPA EntityManagerFactory for persistence unit 'default'
2024-07-17 23:55:33,201 INFO c.z.h.HikariDataSource [SpringApplicationShutdownHook] HikariPool-1 - Shutdown initiated...
2024-07-17 23:55:33,213 INFO c.z.h.HikariDataSource [SpringApplicationShutdownHook] HikariPool-1 - Shutdown completed.
