2024-08-11 14:38:12,500 INFO o.s.b.StartupInfoLogger [main] Starting Xx2Application v0.0.1-SNAPSHOT using Java 17.0.10 with PID 7596 (C:\Users\Asus\Downloads\BINAR\back_end_java\Challenge-6\xx2\target\xx2-0.0.1-SNAPSHOT.jar started by Asus in C:\Users\Asus\Downloads\BINAR\back_end_java\Challenge-6\xx2)
2024-08-11 14:38:12,506 INFO o.s.b.SpringApplication [main] No active profile set, falling back to 1 default profile: "default"
2024-08-11 14:38:13,808 INFO o.s.d.r.c.RepositoryConfigurationDelegate [main] Bootstrapping Spring Data JPA repositories in DEFAULT mode.
2024-08-11 14:38:13,929 INFO o.s.d.r.c.RepositoryConfigurationDelegate [main] Finished Spring Data repository scanning in 111 ms. Found 6 JPA repository interfaces.
2024-08-11 14:38:15,099 INFO o.s.b.w.e.t.TomcatWebServer [main] Tomcat initialized with port 8080 (http)
2024-08-11 14:38:15,134 INFO o.a.j.l.DirectJDKLog [main] Initializing ProtocolHandler ["http-nio-8080"]
2024-08-11 14:38:15,144 INFO o.a.j.l.DirectJDKLog [main] Starting service [Tomcat]
2024-08-11 14:38:15,146 INFO o.a.j.l.DirectJDKLog [main] Starting Servlet engine: [Apache Tomcat/10.1.20]
2024-08-11 14:38:15,291 INFO o.a.j.l.DirectJDKLog [main] Initializing Spring embedded WebApplicationContext
2024-08-11 14:38:15,295 INFO o.s.b.w.s.c.ServletWebServerApplicationContext [main] Root WebApplicationContext: initialization completed in 2666 ms
2024-08-11 14:38:15,680 INFO o.h.j.i.u.LogHelper [main] HHH000204: Processing PersistenceUnitInfo [name: default]
2024-08-11 14:38:15,918 INFO o.h.Version [main] HHH000412: Hibernate ORM core version 6.4.4.Final
2024-08-11 14:38:16,060 INFO o.h.c.i.RegionFactoryInitiator [main] HHH000026: Second-level cache disabled
2024-08-11 14:38:16,575 INFO o.s.o.j.p.SpringPersistenceUnitInfo [main] No LoadTimeWeaver setup: ignoring JPA class transformer
2024-08-11 14:38:16,680 INFO c.z.h.HikariDataSource [main] HikariPool-1 - Starting...
2024-08-11 14:38:17,083 INFO c.z.h.p.HikariPool [main] HikariPool-1 - Added connection org.postgresql.jdbc.PgConnection@43a59289
2024-08-11 14:38:17,085 INFO c.z.h.HikariDataSource [main] HikariPool-1 - Start completed.
2024-08-11 14:38:17,145 WARN o.h.e.j.d.i.DialectFactoryImpl [main] HHH90000025: PostgreSQLDialect does not need to be specified explicitly using 'hibernate.dialect' (remove the property setting and it will be selected by default)
2024-08-11 14:38:18,210 INFO o.h.e.t.j.p.i.JtaPlatformInitiator [main] HHH000489: No JTA platform available (set 'hibernate.transaction.jta.platform' to enable JTA platform integration)
2024-08-11 14:38:18,418 INFO o.s.o.j.AbstractEntityManagerFactoryBean [main] Initialized JPA EntityManagerFactory for persistence unit 'default'
2024-08-11 14:38:19,598 WARN o.s.b.a.o.j.JpaBaseConfiguration$JpaWebConfiguration [main] spring.jpa.open-in-view is enabled by default. Therefore, database queries may be performed during view rendering. Explicitly configure spring.jpa.open-in-view to disable this warning
2024-08-11 14:38:20,355 INFO o.s.s.w.DefaultSecurityFilterChain [main] Will secure any request with [org.springframework.security.web.session.DisableEncodeUrlFilter@24b05292, org.springframework.security.web.context.request.async.WebAsyncManagerIntegrationFilter@34d6e9a4, org.springframework.security.web.context.SecurityContextHolderFilter@6a9c848, org.springframework.security.web.header.HeaderWriterFilter@7976d382, org.springframework.web.filter.CorsFilter@515a2afd, org.springframework.security.web.authentication.logout.LogoutFilter@6012bee8, org.springframework.security.web.savedrequest.RequestCacheAwareFilter@b9c8678, org.springframework.security.web.servletapi.SecurityContextHolderAwareRequestFilter@318beab4, org.springframework.security.web.authentication.AnonymousAuthenticationFilter@4822fc53, org.springframework.security.web.access.ExceptionTranslationFilter@45ea6c24, org.springframework.security.web.access.intercept.AuthorizationFilter@78fd1179]
2024-08-11 14:38:20,653 WARN o.s.s.c.a.w.b.WebSecurity [main] You are asking Spring Security to ignore Mvc [pattern='/webjars/**']. This is not recommended -- please use permitAll via HttpSecurity#authorizeHttpRequests instead.
2024-08-11 14:38:20,654 INFO o.s.s.w.DefaultSecurityFilterChain [main] Will not secure Mvc [pattern='/webjars/**']
2024-08-11 14:38:20,654 WARN o.s.s.c.a.w.b.WebSecurity [main] You are asking Spring Security to ignore Mvc [pattern='/images/**']. This is not recommended -- please use permitAll via HttpSecurity#authorizeHttpRequests instead.
2024-08-11 14:38:20,655 INFO o.s.s.w.DefaultSecurityFilterChain [main] Will not secure Mvc [pattern='/images/**']
2024-08-11 14:38:20,655 WARN o.s.s.c.a.w.b.WebSecurity [main] You are asking Spring Security to ignore Mvc [pattern='/css/**']. This is not recommended -- please use permitAll via HttpSecurity#authorizeHttpRequests instead.
2024-08-11 14:38:20,655 INFO o.s.s.w.DefaultSecurityFilterChain [main] Will not secure Mvc [pattern='/css/**']
2024-08-11 14:38:20,656 WARN o.s.s.c.a.w.b.WebSecurity [main] You are asking Spring Security to ignore Mvc [pattern='/assets/**']. This is not recommended -- please use permitAll via HttpSecurity#authorizeHttpRequests instead.
2024-08-11 14:38:20,656 INFO o.s.s.w.DefaultSecurityFilterChain [main] Will not secure Mvc [pattern='/assets/**']
2024-08-11 14:38:20,656 WARN o.s.s.c.a.w.b.WebSecurity [main] You are asking Spring Security to ignore Mvc [pattern='/favicon.ico']. This is not recommended -- please use permitAll via HttpSecurity#authorizeHttpRequests instead.
2024-08-11 14:38:20,657 INFO o.s.s.w.DefaultSecurityFilterChain [main] Will not secure Mvc [pattern='/favicon.ico']
2024-08-11 14:38:20,716 INFO o.a.j.l.DirectJDKLog [main] Starting ProtocolHandler ["http-nio-8080"]
2024-08-11 14:38:20,737 INFO o.s.b.w.e.t.TomcatWebServer [main] Tomcat started on port 8080 (http) with context path ''
2024-08-11 14:38:20,750 INFO o.s.b.StartupInfoLogger [main] Started Xx2Application in 9.138 seconds (process running for 9.888)
2024-08-11 14:38:26,716 INFO o.s.o.j.AbstractEntityManagerFactoryBean [SpringApplicationShutdownHook] Closing JPA EntityManagerFactory for persistence unit 'default'
2024-08-11 14:38:26,718 INFO c.z.h.HikariDataSource [SpringApplicationShutdownHook] HikariPool-1 - Shutdown initiated...
2024-08-11 14:38:26,722 INFO c.z.h.HikariDataSource [SpringApplicationShutdownHook] HikariPool-1 - Shutdown completed.
