2024-05-03 19:45:20,767 INFO o.s.b.StartupInfoLogger [main] Starting Xx2Application using Java 17.0.10 with PID 10272 (C:\Users\Asus\Downloads\BINAR\back_end_java\Challenge-4\xx2\target\classes started by Asus in C:\Users\Asus\Downloads\BINAR\back_end_java\Challenge-4\xx2)
2024-05-03 19:45:20,772 INFO o.s.b.SpringApplication [main] No active profile set, falling back to 1 default profile: "default"
2024-05-03 19:45:22,035 INFO o.s.d.r.c.RepositoryConfigurationDelegate [main] Bootstrapping Spring Data JPA repositories in DEFAULT mode.
2024-05-03 19:45:22,173 INFO o.s.d.r.c.RepositoryConfigurationDelegate [main] Finished Spring Data repository scanning in 115 ms. Found 2 JPA repository interfaces.
2024-05-03 19:45:23,325 INFO o.s.b.w.e.t.TomcatWebServer [main] Tomcat initialized with port 8080 (http)
2024-05-03 19:45:23,352 INFO o.a.j.l.DirectJDKLog [main] Initializing ProtocolHandler ["http-nio-8080"]
2024-05-03 19:45:23,358 INFO o.a.j.l.DirectJDKLog [main] Starting service [Tomcat]
2024-05-03 19:45:23,362 INFO o.a.j.l.DirectJDKLog [main] Starting Servlet engine: [Apache Tomcat/10.1.20]
2024-05-03 19:45:23,540 INFO o.a.j.l.DirectJDKLog [main] Initializing Spring embedded WebApplicationContext
2024-05-03 19:45:23,542 INFO o.s.b.w.s.c.ServletWebServerApplicationContext [main] Root WebApplicationContext: initialization completed in 2672 ms
2024-05-03 19:45:24,061 INFO o.h.j.i.u.LogHelper [main] HHH000204: Processing PersistenceUnitInfo [name: default]
2024-05-03 19:45:24,315 INFO o.h.Version [main] HHH000412: Hibernate ORM core version 6.4.4.Final
2024-05-03 19:45:24,401 INFO o.h.c.i.RegionFactoryInitiator [main] HHH000026: Second-level cache disabled
2024-05-03 19:45:24,709 INFO o.s.o.j.p.SpringPersistenceUnitInfo [main] No LoadTimeWeaver setup: ignoring JPA class transformer
2024-05-03 19:45:24,753 INFO c.z.h.HikariDataSource [main] HikariPool-1 - Starting...
2024-05-03 19:45:25,085 INFO c.z.h.p.HikariPool [main] HikariPool-1 - Added connection org.postgresql.jdbc.PgConnection@698d6d30
2024-05-03 19:45:25,090 INFO c.z.h.HikariDataSource [main] HikariPool-1 - Start completed.
2024-05-03 19:45:25,158 WARN o.h.e.j.d.i.DialectFactoryImpl [main] HHH90000025: PostgreSQLDialect does not need to be specified explicitly using 'hibernate.dialect' (remove the property setting and it will be selected by default)
2024-05-03 19:45:26,534 INFO o.h.e.t.j.p.i.JtaPlatformInitiator [main] HHH000489: No JTA platform available (set 'hibernate.transaction.jta.platform' to enable JTA platform integration)
2024-05-03 19:45:26,656 INFO o.s.o.j.AbstractEntityManagerFactoryBean [main] Initialized JPA EntityManagerFactory for persistence unit 'default'
2024-05-03 19:45:26,743 WARN o.s.b.a.o.j.JpaBaseConfiguration$JpaWebConfiguration [main] spring.jpa.open-in-view is enabled by default. Therefore, database queries may be performed during view rendering. Explicitly configure spring.jpa.open-in-view to disable this warning
2024-05-03 19:45:28,603 INFO o.a.j.l.DirectJDKLog [main] Starting ProtocolHandler ["http-nio-8080"]
2024-05-03 19:45:28,707 INFO o.s.b.w.e.t.TomcatWebServer [main] Tomcat started on port 8080 (http) with context path ''
2024-05-03 19:45:28,735 INFO o.s.b.StartupInfoLogger [main] Started Xx2Application in 8.773 seconds (process running for 9.458)
2024-05-03 19:45:28,750 INFO c.e.x.c.HomeController [main] Info
2024-05-03 19:45:28,752 WARN c.e.x.c.HomeController [main] Warn
2024-05-03 19:45:28,754 ERROR c.e.x.c.HomeController [main] Error
2024-05-03 19:45:28,755 INFO c.e.x.c.HomeController [main] Info
2024-05-03 19:45:28,784 WARN c.e.x.c.HomeController [main] Warn
2024-05-03 19:45:28,785 ERROR c.e.x.c.HomeController [main] Error
2024-05-03 19:45:28,785 INFO c.e.x.c.HomeController [main] Info
2024-05-03 19:45:28,785 WARN c.e.x.c.HomeController [main] Warn
2024-05-03 19:45:28,786 ERROR c.e.x.c.HomeController [main] Error
2024-05-03 19:45:28,786 INFO c.e.x.c.HomeController [main] Info
2024-05-03 19:45:28,792 WARN c.e.x.c.HomeController [main] Warn
2024-05-03 19:45:28,793 ERROR c.e.x.c.HomeController [main] Error
2024-05-03 19:45:28,803 INFO c.e.x.c.HomeController [main] Info
2024-05-03 19:45:28,809 WARN c.e.x.c.HomeController [main] Warn
2024-05-03 19:45:28,812 ERROR c.e.x.c.HomeController [main] Error
2024-05-03 19:45:28,812 INFO c.e.x.c.HomeController [main] Info
2024-05-03 19:45:28,813 WARN c.e.x.c.HomeController [main] Warn
2024-05-03 19:45:28,814 ERROR c.e.x.c.HomeController [main] Error
2024-05-03 19:45:28,814 INFO c.e.x.c.HomeController [main] Info
2024-05-03 19:45:28,815 WARN c.e.x.c.HomeController [main] Warn
2024-05-03 19:45:28,815 ERROR c.e.x.c.HomeController [main] Error
2024-05-03 19:45:28,815 INFO c.e.x.c.HomeController [main] Info
2024-05-03 19:45:28,816 WARN c.e.x.c.HomeController [main] Warn
2024-05-03 19:45:28,816 ERROR c.e.x.c.HomeController [main] Error
2024-05-03 19:45:28,816 INFO c.e.x.c.HomeController [main] Info
2024-05-03 19:45:28,817 WARN c.e.x.c.HomeController [main] Warn
2024-05-03 19:45:28,817 ERROR c.e.x.c.HomeController [main] Error
2024-05-03 19:45:28,818 INFO c.e.x.c.HomeController [main] Info
2024-05-03 19:45:28,818 WARN c.e.x.c.HomeController [main] Warn
2024-05-03 19:45:28,818 ERROR c.e.x.c.HomeController [main] Error
2024-05-03 19:45:28,818 INFO c.e.x.c.HomeController [main] Info
2024-05-03 19:45:28,818 WARN c.e.x.c.HomeController [main] Warn
2024-05-03 19:45:28,820 ERROR c.e.x.c.HomeController [main] Error
2024-05-03 19:45:28,825 INFO c.e.x.c.HomeController [main] Info
2024-05-03 19:45:28,827 WARN c.e.x.c.HomeController [main] Warn
2024-05-03 19:45:28,828 ERROR c.e.x.c.HomeController [main] Error
2024-05-03 19:45:28,831 INFO c.e.x.c.HomeController [main] Info
2024-05-03 19:45:28,837 WARN c.e.x.c.HomeController [main] Warn
2024-05-03 19:45:28,841 ERROR c.e.x.c.HomeController [main] Error
2024-05-03 19:45:28,856 INFO c.e.x.c.HomeController [main] Info
2024-05-03 19:45:28,857 WARN c.e.x.c.HomeController [main] Warn
2024-05-03 19:45:28,860 ERROR c.e.x.c.HomeController [main] Error
2024-05-03 19:45:28,861 INFO c.e.x.c.HomeController [main] Info
2024-05-03 19:45:28,863 WARN c.e.x.c.HomeController [main] Warn
2024-05-03 19:45:28,865 ERROR c.e.x.c.HomeController [main] Error
2024-05-03 19:45:28,865 INFO c.e.x.c.HomeController [main] Info
2024-05-03 19:45:28,866 WARN c.e.x.c.HomeController [main] Warn
2024-05-03 19:45:28,866 ERROR c.e.x.c.HomeController [main] Error
2024-05-03 19:45:28,866 INFO c.e.x.c.HomeController [main] Info
2024-05-03 19:45:28,867 WARN c.e.x.c.HomeController [main] Warn
2024-05-03 19:45:28,867 ERROR c.e.x.c.HomeController [main] Error
2024-05-03 19:45:28,868 INFO c.e.x.c.HomeController [main] Info
2024-05-03 19:45:28,868 WARN c.e.x.c.HomeController [main] Warn
2024-05-03 19:45:28,868 ERROR c.e.x.c.HomeController [main] Error
2024-05-03 19:45:28,868 INFO c.e.x.c.HomeController [main] Info
2024-05-03 19:45:28,869 WARN c.e.x.c.HomeController [main] Warn
2024-05-03 19:45:28,869 ERROR c.e.x.c.HomeController [main] Error
2024-05-03 19:45:28,870 INFO c.e.x.c.HomeController [main] Info
2024-05-03 19:45:28,870 WARN c.e.x.c.HomeController [main] Warn
2024-05-03 19:45:28,871 ERROR c.e.x.c.HomeController [main] Error
2024-05-03 19:45:28,871 INFO c.e.x.c.HomeController [main] Info
2024-05-03 19:45:28,872 WARN c.e.x.c.HomeController [main] Warn
2024-05-03 19:45:28,873 ERROR c.e.x.c.HomeController [main] Error
2024-05-03 19:45:28,874 INFO c.e.x.c.HomeController [main] Info
2024-05-03 19:45:28,874 WARN c.e.x.c.HomeController [main] Warn
2024-05-03 19:45:28,875 ERROR c.e.x.c.HomeController [main] Error
2024-05-03 19:45:28,875 INFO c.e.x.c.HomeController [main] Info
2024-05-03 19:45:28,876 WARN c.e.x.c.HomeController [main] Warn
2024-05-03 19:45:28,876 ERROR c.e.x.c.HomeController [main] Error
2024-05-03 19:45:28,877 INFO c.e.x.c.HomeController [main] Info
2024-05-03 19:45:28,878 WARN c.e.x.c.HomeController [main] Warn
2024-05-03 19:45:28,879 ERROR c.e.x.c.HomeController [main] Error
2024-05-03 19:45:28,881 INFO c.e.x.c.HomeController [main] Info
2024-05-03 19:45:28,882 WARN c.e.x.c.HomeController [main] Warn
2024-05-03 19:45:28,883 ERROR c.e.x.c.HomeController [main] Error
2024-05-03 19:45:28,884 INFO c.e.x.c.HomeController [main] Info
2024-05-03 19:45:28,885 WARN c.e.x.c.HomeController [main] Warn
2024-05-03 19:45:28,886 ERROR c.e.x.c.HomeController [main] Error
2024-05-03 19:45:28,887 INFO c.e.x.c.HomeController [main] Info
2024-05-03 19:45:28,888 WARN c.e.x.c.HomeController [main] Warn
2024-05-03 19:45:28,889 ERROR c.e.x.c.HomeController [main] Error
2024-05-03 19:45:28,890 INFO c.e.x.c.HomeController [main] Info
2024-05-03 19:45:28,892 WARN c.e.x.c.HomeController [main] Warn
2024-05-03 19:45:28,893 ERROR c.e.x.c.HomeController [main] Error
2024-05-03 19:45:28,895 INFO c.e.x.c.HomeController [main] Info
2024-05-03 19:45:28,896 WARN c.e.x.c.HomeController [main] Warn
2024-05-03 19:45:28,896 ERROR c.e.x.c.HomeController [main] Error
2024-05-03 19:45:28,897 INFO c.e.x.c.HomeController [main] Info
2024-05-03 19:45:28,897 WARN c.e.x.c.HomeController [main] Warn
2024-05-03 19:45:28,898 ERROR c.e.x.c.HomeController [main] Error
2024-05-03 19:45:28,898 INFO c.e.x.c.HomeController [main] Info
2024-05-03 19:45:28,899 WARN c.e.x.c.HomeController [main] Warn
2024-05-03 19:45:28,899 ERROR c.e.x.c.HomeController [main] Error
2024-05-03 19:45:28,900 INFO c.e.x.c.HomeController [main] Info
2024-05-03 19:45:28,901 WARN c.e.x.c.HomeController [main] Warn
2024-05-03 19:45:28,901 ERROR c.e.x.c.HomeController [main] Error
2024-05-03 19:45:28,902 INFO c.e.x.c.HomeController [main] Info
2024-05-03 19:45:28,902 WARN c.e.x.c.HomeController [main] Warn
2024-05-03 19:45:28,903 ERROR c.e.x.c.HomeController [main] Error
2024-05-03 19:45:28,903 INFO c.e.x.c.HomeController [main] Info
2024-05-03 19:45:28,903 WARN c.e.x.c.HomeController [main] Warn
2024-05-03 19:45:28,904 ERROR c.e.x.c.HomeController [main] Error
2024-05-03 19:45:28,904 INFO c.e.x.c.HomeController [main] Info
2024-05-03 19:45:28,905 WARN c.e.x.c.HomeController [main] Warn
2024-05-03 19:45:28,906 ERROR c.e.x.c.HomeController [main] Error
2024-05-03 19:45:28,907 INFO c.e.x.c.HomeController [main] Info
2024-05-03 19:45:28,908 WARN c.e.x.c.HomeController [main] Warn
2024-05-03 19:45:28,910 ERROR c.e.x.c.HomeController [main] Error
2024-05-03 19:45:28,911 INFO c.e.x.c.HomeController [main] Info
2024-05-03 19:45:28,912 WARN c.e.x.c.HomeController [main] Warn
2024-05-03 19:45:28,912 ERROR c.e.x.c.HomeController [main] Error
2024-05-03 19:45:28,913 INFO c.e.x.c.HomeController [main] Info
2024-05-03 19:45:28,914 WARN c.e.x.c.HomeController [main] Warn
2024-05-03 19:45:28,914 ERROR c.e.x.c.HomeController [main] Error
2024-05-03 19:45:28,915 INFO c.e.x.c.HomeController [main] Info
2024-05-03 19:45:28,916 WARN c.e.x.c.HomeController [main] Warn
2024-05-03 19:45:28,916 ERROR c.e.x.c.HomeController [main] Error
2024-05-03 19:45:28,917 INFO c.e.x.c.HomeController [main] Info
2024-05-03 19:45:28,918 WARN c.e.x.c.HomeController [main] Warn
2024-05-03 19:45:28,919 ERROR c.e.x.c.HomeController [main] Error
2024-05-03 19:45:28,920 INFO c.e.x.c.HomeController [main] Info
2024-05-03 19:45:28,921 WARN c.e.x.c.HomeController [main] Warn
2024-05-03 19:45:28,922 ERROR c.e.x.c.HomeController [main] Error
2024-05-03 19:45:28,923 INFO c.e.x.c.HomeController [main] Info
2024-05-03 19:45:28,927 WARN c.e.x.c.HomeController [main] Warn
2024-05-03 19:45:28,930 ERROR c.e.x.c.HomeController [main] Error
2024-05-03 19:45:28,934 INFO c.e.x.c.HomeController [main] Info
2024-05-03 19:45:28,936 WARN c.e.x.c.HomeController [main] Warn
2024-05-03 19:45:28,937 ERROR c.e.x.c.HomeController [main] Error
2024-05-03 19:45:28,938 INFO c.e.x.c.HomeController [main] Info
2024-05-03 19:45:28,940 WARN c.e.x.c.HomeController [main] Warn
2024-05-03 19:45:28,941 ERROR c.e.x.c.HomeController [main] Error
2024-05-03 19:45:28,941 INFO c.e.x.c.HomeController [main] Info
2024-05-03 19:45:28,942 WARN c.e.x.c.HomeController [main] Warn
2024-05-03 19:45:28,943 ERROR c.e.x.c.HomeController [main] Error
2024-05-03 19:45:28,945 INFO c.e.x.c.HomeController [main] Info
2024-05-03 19:45:28,946 WARN c.e.x.c.HomeController [main] Warn
2024-05-03 19:45:28,946 ERROR c.e.x.c.HomeController [main] Error
2024-05-03 19:45:28,947 INFO c.e.x.c.HomeController [main] Info
2024-05-03 19:45:28,947 WARN c.e.x.c.HomeController [main] Warn
2024-05-03 19:45:28,947 ERROR c.e.x.c.HomeController [main] Error
2024-05-03 19:45:28,948 INFO c.e.x.c.HomeController [main] Info
2024-05-03 19:45:28,948 WARN c.e.x.c.HomeController [main] Warn
2024-05-03 19:45:28,948 ERROR c.e.x.c.HomeController [main] Error
2024-05-03 19:45:28,949 INFO c.e.x.c.HomeController [main] Info
2024-05-03 19:45:28,949 WARN c.e.x.c.HomeController [main] Warn
2024-05-03 19:45:28,949 ERROR c.e.x.c.HomeController [main] Error
2024-05-03 19:45:28,950 INFO c.e.x.c.HomeController [main] Info
2024-05-03 19:45:28,950 WARN c.e.x.c.HomeController [main] Warn
2024-05-03 19:45:28,950 ERROR c.e.x.c.HomeController [main] Error
2024-05-03 19:45:28,951 INFO c.e.x.c.HomeController [main] Info
2024-05-03 19:45:28,951 WARN c.e.x.c.HomeController [main] Warn
2024-05-03 19:45:28,951 ERROR c.e.x.c.HomeController [main] Error
2024-05-03 19:45:28,951 INFO c.e.x.c.HomeController [main] Info
2024-05-03 19:45:28,952 WARN c.e.x.c.HomeController [main] Warn
2024-05-03 19:45:28,952 ERROR c.e.x.c.HomeController [main] Error
2024-05-03 19:45:28,952 INFO c.e.x.c.HomeController [main] Info
2024-05-03 19:45:28,953 WARN c.e.x.c.HomeController [main] Warn
2024-05-03 19:45:28,953 ERROR c.e.x.c.HomeController [main] Error
2024-05-03 19:45:28,953 INFO c.e.x.c.HomeController [main] Info
2024-05-03 19:45:28,954 WARN c.e.x.c.HomeController [main] Warn
2024-05-03 19:45:28,954 ERROR c.e.x.c.HomeController [main] Error
2024-05-03 19:45:28,955 INFO c.e.x.c.HomeController [main] Info
2024-05-03 19:45:28,955 WARN c.e.x.c.HomeController [main] Warn
2024-05-03 19:45:28,955 ERROR c.e.x.c.HomeController [main] Error
2024-05-03 19:45:28,956 INFO c.e.x.c.HomeController [main] Info
2024-05-03 19:45:28,956 WARN c.e.x.c.HomeController [main] Warn
2024-05-03 19:45:28,957 ERROR c.e.x.c.HomeController [main] Error
2024-05-03 19:45:28,957 INFO c.e.x.c.HomeController [main] Info
2024-05-03 19:45:28,958 WARN c.e.x.c.HomeController [main] Warn
2024-05-03 19:45:28,959 ERROR c.e.x.c.HomeController [main] Error
2024-05-03 19:45:28,960 INFO c.e.x.c.HomeController [main] Info
2024-05-03 19:45:28,961 WARN c.e.x.c.HomeController [main] Warn
2024-05-03 19:45:28,962 ERROR c.e.x.c.HomeController [main] Error
2024-05-03 19:45:28,964 INFO c.e.x.c.HomeController [main] Info
2024-05-03 19:45:28,965 WARN c.e.x.c.HomeController [main] Warn
2024-05-03 19:45:28,966 ERROR c.e.x.c.HomeController [main] Error
2024-05-03 19:45:28,967 INFO c.e.x.c.HomeController [main] Info
2024-05-03 19:45:28,970 WARN c.e.x.c.HomeController [main] Warn
2024-05-03 19:45:28,971 ERROR c.e.x.c.HomeController [main] Error
2024-05-03 19:45:28,973 INFO c.e.x.c.HomeController [main] Info
2024-05-03 19:45:28,973 WARN c.e.x.c.HomeController [main] Warn
2024-05-03 19:45:28,974 ERROR c.e.x.c.HomeController [main] Error
2024-05-03 19:45:28,974 INFO c.e.x.c.HomeController [main] Info
2024-05-03 19:45:28,975 WARN c.e.x.c.HomeController [main] Warn
2024-05-03 19:45:28,975 ERROR c.e.x.c.HomeController [main] Error
2024-05-03 19:45:28,975 INFO c.e.x.c.HomeController [main] Info
2024-05-03 19:45:28,976 WARN c.e.x.c.HomeController [main] Warn
2024-05-03 19:45:28,976 ERROR c.e.x.c.HomeController [main] Error
2024-05-03 19:45:28,977 INFO c.e.x.c.HomeController [main] Info
2024-05-03 19:45:28,977 WARN c.e.x.c.HomeController [main] Warn
2024-05-03 19:45:28,978 ERROR c.e.x.c.HomeController [main] Error
2024-05-03 19:45:28,978 INFO c.e.x.c.HomeController [main] Info
2024-05-03 19:45:28,979 WARN c.e.x.c.HomeController [main] Warn
2024-05-03 19:45:28,980 ERROR c.e.x.c.HomeController [main] Error
2024-05-03 19:45:28,980 INFO c.e.x.c.HomeController [main] Info
2024-05-03 19:45:28,980 WARN c.e.x.c.HomeController [main] Warn
2024-05-03 19:45:28,981 ERROR c.e.x.c.HomeController [main] Error
2024-05-03 19:45:28,981 INFO c.e.x.c.HomeController [main] Info
2024-05-03 19:45:28,981 WARN c.e.x.c.HomeController [main] Warn
2024-05-03 19:45:28,982 ERROR c.e.x.c.HomeController [main] Error
2024-05-03 19:45:28,983 INFO c.e.x.c.HomeController [main] Info
2024-05-03 19:45:28,984 WARN c.e.x.c.HomeController [main] Warn
2024-05-03 19:45:28,984 ERROR c.e.x.c.HomeController [main] Error
2024-05-03 19:45:28,985 INFO c.e.x.c.HomeController [main] Info
2024-05-03 19:45:28,985 WARN c.e.x.c.HomeController [main] Warn
2024-05-03 19:45:28,986 ERROR c.e.x.c.HomeController [main] Error
2024-05-03 19:45:28,986 INFO c.e.x.c.HomeController [main] Info
2024-05-03 19:45:28,987 WARN c.e.x.c.HomeController [main] Warn
2024-05-03 19:45:28,988 ERROR c.e.x.c.HomeController [main] Error
2024-05-03 19:45:28,988 INFO c.e.x.c.HomeController [main] Info
2024-05-03 19:45:28,989 WARN c.e.x.c.HomeController [main] Warn
2024-05-03 19:45:28,990 ERROR c.e.x.c.HomeController [main] Error
2024-05-03 19:45:28,991 INFO c.e.x.c.HomeController [main] Info
2024-05-03 19:45:28,991 WARN c.e.x.c.HomeController [main] Warn
2024-05-03 19:45:28,992 ERROR c.e.x.c.HomeController [main] Error
2024-05-03 19:45:28,992 INFO c.e.x.c.HomeController [main] Info
2024-05-03 19:45:28,993 WARN c.e.x.c.HomeController [main] Warn
2024-05-03 19:45:28,994 ERROR c.e.x.c.HomeController [main] Error
2024-05-03 19:45:28,994 INFO c.e.x.c.HomeController [main] Info
2024-05-03 19:45:28,995 WARN c.e.x.c.HomeController [main] Warn
2024-05-03 19:45:28,996 ERROR c.e.x.c.HomeController [main] Error
2024-05-03 19:45:28,996 INFO c.e.x.c.HomeController [main] Info
2024-05-03 19:45:28,997 WARN c.e.x.c.HomeController [main] Warn
2024-05-03 19:45:28,998 ERROR c.e.x.c.HomeController [main] Error
2024-05-03 19:45:29,000 INFO c.e.x.c.HomeController [main] Info
2024-05-03 19:45:29,002 WARN c.e.x.c.HomeController [main] Warn
2024-05-03 19:45:29,003 ERROR c.e.x.c.HomeController [main] Error
2024-05-03 19:45:29,003 INFO c.e.x.c.HomeController [main] Info
2024-05-03 19:45:29,004 WARN c.e.x.c.HomeController [main] Warn
2024-05-03 19:45:29,004 ERROR c.e.x.c.HomeController [main] Error
2024-05-03 19:45:29,005 INFO c.e.x.c.HomeController [main] Info
2024-05-03 19:45:29,025 WARN c.e.x.c.HomeController [main] Warn
2024-05-03 19:45:29,026 ERROR c.e.x.c.HomeController [main] Error
2024-05-03 19:45:29,027 INFO c.e.x.c.HomeController [main] Info
2024-05-03 19:45:29,027 WARN c.e.x.c.HomeController [main] Warn
2024-05-03 19:45:29,028 ERROR c.e.x.c.HomeController [main] Error
2024-05-03 19:45:29,028 INFO c.e.x.c.HomeController [main] Info
2024-05-03 19:45:29,028 WARN c.e.x.c.HomeController [main] Warn
2024-05-03 19:45:29,028 ERROR c.e.x.c.HomeController [main] Error
2024-05-03 19:45:29,030 INFO c.e.x.c.HomeController [main] Info
2024-05-03 19:45:29,030 WARN c.e.x.c.HomeController [main] Warn
2024-05-03 19:45:29,030 ERROR c.e.x.c.HomeController [main] Error
2024-05-03 19:45:29,030 INFO c.e.x.c.HomeController [main] Info
2024-05-03 19:45:29,031 WARN c.e.x.c.HomeController [main] Warn
2024-05-03 19:45:29,031 ERROR c.e.x.c.HomeController [main] Error
2024-05-03 19:45:29,031 INFO c.e.x.c.HomeController [main] Info
2024-05-03 19:45:29,031 WARN c.e.x.c.HomeController [main] Warn
2024-05-03 19:45:29,032 ERROR c.e.x.c.HomeController [main] Error
2024-05-03 19:45:29,032 INFO c.e.x.c.HomeController [main] Info
2024-05-03 19:45:29,032 WARN c.e.x.c.HomeController [main] Warn
2024-05-03 19:45:29,032 ERROR c.e.x.c.HomeController [main] Error
2024-05-03 19:45:29,033 INFO c.e.x.c.HomeController [main] Info
2024-05-03 19:45:29,033 WARN c.e.x.c.HomeController [main] Warn
2024-05-03 19:45:29,033 ERROR c.e.x.c.HomeController [main] Error
2024-05-03 19:45:29,033 INFO c.e.x.c.HomeController [main] Info
2024-05-03 19:45:29,034 WARN c.e.x.c.HomeController [main] Warn
2024-05-03 19:45:29,034 ERROR c.e.x.c.HomeController [main] Error
2024-05-03 19:45:29,034 INFO c.e.x.c.HomeController [main] Info
2024-05-03 19:45:29,035 WARN c.e.x.c.HomeController [main] Warn
2024-05-03 19:45:29,035 ERROR c.e.x.c.HomeController [main] Error
2024-05-03 19:45:29,035 INFO c.e.x.c.HomeController [main] Info
2024-05-03 19:45:29,036 WARN c.e.x.c.HomeController [main] Warn
2024-05-03 19:45:29,036 ERROR c.e.x.c.HomeController [main] Error
2024-05-03 19:45:29,037 INFO c.e.x.c.HomeController [main] Info
2024-05-03 19:45:29,037 WARN c.e.x.c.HomeController [main] Warn
2024-05-03 19:45:29,037 ERROR c.e.x.c.HomeController [main] Error
2024-05-03 19:45:29,038 INFO c.e.x.c.HomeController [main] Info
2024-05-03 19:45:29,038 WARN c.e.x.c.HomeController [main] Warn
2024-05-03 19:45:29,039 ERROR c.e.x.c.HomeController [main] Error
2024-05-03 19:45:29,039 INFO c.e.x.c.HomeController [main] Info
2024-05-03 19:45:29,043 WARN c.e.x.c.HomeController [main] Warn
2024-05-03 19:45:29,045 ERROR c.e.x.c.HomeController [main] Error
2024-05-03 19:45:29,046 INFO c.e.x.c.HomeController [main] Info
2024-05-03 19:45:29,053 WARN c.e.x.c.HomeController [main] Warn
2024-05-03 19:45:29,055 ERROR c.e.x.c.HomeController [main] Error
2024-05-03 19:45:29,057 INFO c.e.x.c.HomeController [main] Info
2024-05-03 19:45:29,058 WARN c.e.x.c.HomeController [main] Warn
2024-05-03 19:45:29,060 ERROR c.e.x.c.HomeController [main] Error
2024-05-03 19:45:29,060 INFO c.e.x.c.HomeController [main] Info
2024-05-03 19:45:29,061 WARN c.e.x.c.HomeController [main] Warn
2024-05-03 19:45:29,061 ERROR c.e.x.c.HomeController [main] Error
2024-05-03 19:45:29,062 INFO c.e.x.c.HomeController [main] Info
2024-05-03 19:45:29,063 WARN c.e.x.c.HomeController [main] Warn
2024-05-03 19:45:29,063 ERROR c.e.x.c.HomeController [main] Error
2024-05-03 19:45:29,064 INFO c.e.x.c.HomeController [main] Info
2024-05-03 19:45:29,064 WARN c.e.x.c.HomeController [main] Warn
2024-05-03 19:45:29,064 ERROR c.e.x.c.HomeController [main] Error
2024-05-03 19:45:29,064 INFO c.e.x.c.HomeController [main] Info
2024-05-03 19:45:29,065 WARN c.e.x.c.HomeController [main] Warn
2024-05-03 19:45:29,065 ERROR c.e.x.c.HomeController [main] Error
2024-05-03 19:45:29,066 INFO c.e.x.c.HomeController [main] Info
2024-05-03 19:45:29,066 WARN c.e.x.c.HomeController [main] Warn
2024-05-03 19:45:29,067 ERROR c.e.x.c.HomeController [main] Error
2024-05-03 19:45:29,068 INFO c.e.x.c.HomeController [main] Info
2024-05-03 19:45:29,068 WARN c.e.x.c.HomeController [main] Warn
2024-05-03 19:45:29,069 ERROR c.e.x.c.HomeController [main] Error
2024-05-03 19:45:29,070 INFO c.e.x.c.HomeController [main] Info
2024-05-03 19:45:29,070 WARN c.e.x.c.HomeController [main] Warn
2024-05-03 19:45:29,071 ERROR c.e.x.c.HomeController [main] Error
2024-05-03 19:45:29,072 INFO c.e.x.c.HomeController [main] Info
2024-05-03 19:45:29,072 WARN c.e.x.c.HomeController [main] Warn
2024-05-03 19:45:29,073 ERROR c.e.x.c.HomeController [main] Error
