2024-07-18 00:00:43,122 INFO o.s.b.StartupInfoLogger [main] Starting Xx2Application using Java 17.0.10 with PID 22756 (C:\Users\Asus\Downloads\BINAR\back_end_java\Challenge-6\xx2\target\classes started by Asus in C:\Users\Asus\Downloads\BINAR\back_end_java\Challenge-6)
2024-07-18 00:00:43,126 INFO o.s.b.SpringApplication [main] No active profile set, falling back to 1 default profile: "default"
2024-07-18 00:00:44,505 INFO o.s.d.r.c.RepositoryConfigurationDelegate [main] Bootstrapping Spring Data JPA repositories in DEFAULT mode.
2024-07-18 00:00:44,623 INFO o.s.d.r.c.RepositoryConfigurationDelegate [main] Finished Spring Data repository scanning in 109 ms. Found 6 JPA repository interfaces.
2024-07-18 00:00:45,843 INFO o.s.b.w.e.t.TomcatWebServer [main] Tomcat initialized with port 8080 (http)
2024-07-18 00:00:45,880 INFO o.a.j.l.DirectJDKLog [main] Initializing ProtocolHandler ["http-nio-8080"]
2024-07-18 00:00:45,895 INFO o.a.j.l.DirectJDKLog [main] Starting service [Tomcat]
2024-07-18 00:00:45,896 INFO o.a.j.l.DirectJDKLog [main] Starting Servlet engine: [Apache Tomcat/10.1.20]
2024-07-18 00:00:46,118 INFO o.a.j.l.DirectJDKLog [main] Initializing Spring embedded WebApplicationContext
2024-07-18 00:00:46,123 INFO o.s.b.w.s.c.ServletWebServerApplicationContext [main] Root WebApplicationContext: initialization completed in 2920 ms
2024-07-18 00:00:46,494 INFO o.h.j.i.u.LogHelper [main] HHH000204: Processing PersistenceUnitInfo [name: default]
2024-07-18 00:00:46,733 INFO o.h.Version [main] HHH000412: Hibernate ORM core version 6.4.4.Final
2024-07-18 00:00:46,887 INFO o.h.c.i.RegionFactoryInitiator [main] HHH000026: Second-level cache disabled
2024-07-18 00:00:47,402 INFO o.s.o.j.p.SpringPersistenceUnitInfo [main] No LoadTimeWeaver setup: ignoring JPA class transformer
2024-07-18 00:00:47,431 INFO c.z.h.HikariDataSource [main] HikariPool-1 - Starting...
2024-07-18 00:00:47,725 INFO c.z.h.p.HikariPool [main] HikariPool-1 - Added connection org.postgresql.jdbc.PgConnection@58b8f9e3
2024-07-18 00:00:47,728 INFO c.z.h.HikariDataSource [main] HikariPool-1 - Start completed.
2024-07-18 00:00:47,825 WARN o.h.e.j.d.i.DialectFactoryImpl [main] HHH90000025: PostgreSQLDialect does not need to be specified explicitly using 'hibernate.dialect' (remove the property setting and it will be selected by default)
2024-07-18 00:00:49,029 INFO o.h.e.t.j.p.i.JtaPlatformInitiator [main] HHH000489: No JTA platform available (set 'hibernate.transaction.jta.platform' to enable JTA platform integration)
2024-07-18 00:00:49,145 INFO o.s.o.j.AbstractEntityManagerFactoryBean [main] Initialized JPA EntityManagerFactory for persistence unit 'default'
2024-07-18 00:00:50,505 WARN o.s.b.a.o.j.JpaBaseConfiguration$JpaWebConfiguration [main] spring.jpa.open-in-view is enabled by default. Therefore, database queries may be performed during view rendering. Explicitly configure spring.jpa.open-in-view to disable this warning
2024-07-18 00:00:51,411 INFO o.s.s.w.DefaultSecurityFilterChain [main] Will secure any request with [org.springframework.security.web.session.DisableEncodeUrlFilter@6bf2ecbb, org.springframework.security.web.context.request.async.WebAsyncManagerIntegrationFilter@1300112e, org.springframework.security.web.context.SecurityContextHolderFilter@1c2273f6, org.springframework.security.web.header.HeaderWriterFilter@259f0fdb, org.springframework.web.filter.CorsFilter@5955568, org.springframework.security.web.authentication.logout.LogoutFilter@5b908c6d, org.springframework.security.web.savedrequest.RequestCacheAwareFilter@4e58eda2, org.springframework.security.web.servletapi.SecurityContextHolderAwareRequestFilter@75f9a35a, org.springframework.security.web.authentication.AnonymousAuthenticationFilter@444fbd13, org.springframework.security.web.access.ExceptionTranslationFilter@381d7c4c, org.springframework.security.web.access.intercept.AuthorizationFilter@2b9a7211]
2024-07-18 00:00:51,921 WARN o.s.s.c.a.w.b.WebSecurity [main] You are asking Spring Security to ignore Mvc [pattern='/webjars/**']. This is not recommended -- please use permitAll via HttpSecurity#authorizeHttpRequests instead.
2024-07-18 00:00:51,921 INFO o.s.s.w.DefaultSecurityFilterChain [main] Will not secure Mvc [pattern='/webjars/**']
2024-07-18 00:00:51,923 WARN o.s.s.c.a.w.b.WebSecurity [main] You are asking Spring Security to ignore Mvc [pattern='/images/**']. This is not recommended -- please use permitAll via HttpSecurity#authorizeHttpRequests instead.
2024-07-18 00:00:51,924 INFO o.s.s.w.DefaultSecurityFilterChain [main] Will not secure Mvc [pattern='/images/**']
2024-07-18 00:00:51,924 WARN o.s.s.c.a.w.b.WebSecurity [main] You are asking Spring Security to ignore Mvc [pattern='/css/**']. This is not recommended -- please use permitAll via HttpSecurity#authorizeHttpRequests instead.
2024-07-18 00:00:51,924 INFO o.s.s.w.DefaultSecurityFilterChain [main] Will not secure Mvc [pattern='/css/**']
2024-07-18 00:00:51,924 WARN o.s.s.c.a.w.b.WebSecurity [main] You are asking Spring Security to ignore Mvc [pattern='/assets/**']. This is not recommended -- please use permitAll via HttpSecurity#authorizeHttpRequests instead.
2024-07-18 00:00:51,925 INFO o.s.s.w.DefaultSecurityFilterChain [main] Will not secure Mvc [pattern='/assets/**']
2024-07-18 00:00:51,925 WARN o.s.s.c.a.w.b.WebSecurity [main] You are asking Spring Security to ignore Mvc [pattern='/favicon.ico']. This is not recommended -- please use permitAll via HttpSecurity#authorizeHttpRequests instead.
2024-07-18 00:00:51,925 INFO o.s.s.w.DefaultSecurityFilterChain [main] Will not secure Mvc [pattern='/favicon.ico']
2024-07-18 00:00:52,002 INFO o.a.j.l.DirectJDKLog [main] Starting ProtocolHandler ["http-nio-8080"]
2024-07-18 00:00:52,030 INFO o.s.b.w.e.t.TomcatWebServer [main] Tomcat started on port 8080 (http) with context path ''
2024-07-18 00:00:52,049 INFO o.s.b.StartupInfoLogger [main] Started Xx2Application in 9.48 seconds (process running for 9.874)
2024-07-18 00:00:55,620 INFO o.a.j.l.DirectJDKLog [http-nio-8080-exec-2] Initializing Spring DispatcherServlet 'dispatcherServlet'
2024-07-18 00:00:55,621 INFO o.s.w.s.FrameworkServlet [http-nio-8080-exec-2] Initializing Servlet 'dispatcherServlet'
2024-07-18 00:00:55,624 INFO o.s.w.s.FrameworkServlet [http-nio-8080-exec-2] Completed initialization in 2 ms
