2024-06-24 21:52:41,510 INFO o.s.b.StartupInfoLogger [main] Starting Xx2Application using Java 17.0.10 with PID 20516 (C:\Users\Asus\Downloads\BINAR\back_end_java\demo\xx2\target\classes started by Asus in C:\Users\Asus\Downloads\BINAR\back_end_java\demo\xx2)
2024-06-24 21:52:41,516 INFO o.s.b.SpringApplication [main] No active profile set, falling back to 1 default profile: "default"
2024-06-24 21:52:43,386 INFO o.s.d.r.c.RepositoryConfigurationDelegate [main] Bootstrapping Spring Data JPA repositories in DEFAULT mode.
2024-06-24 21:52:43,559 INFO o.s.d.r.c.RepositoryConfigurationDelegate [main] Finished Spring Data repository scanning in 153 ms. Found 5 JPA repository interfaces.
2024-06-24 21:52:45,012 INFO o.s.b.w.e.t.TomcatWebServer [main] Tomcat initialized with port 8080 (http)
2024-06-24 21:52:45,049 INFO o.a.j.l.DirectJDKLog [main] Initializing ProtocolHandler ["http-nio-8080"]
2024-06-24 21:52:45,059 INFO o.a.j.l.DirectJDKLog [main] Starting service [Tomcat]
2024-06-24 21:52:45,061 INFO o.a.j.l.DirectJDKLog [main] Starting Servlet engine: [Apache Tomcat/10.1.20]
2024-06-24 21:52:45,207 INFO o.a.j.l.DirectJDKLog [main] Initializing Spring embedded WebApplicationContext
2024-06-24 21:52:45,209 INFO o.s.b.w.s.c.ServletWebServerApplicationContext [main] Root WebApplicationContext: initialization completed in 3582 ms
2024-06-24 21:52:45,758 INFO o.h.j.i.u.LogHelper [main] HHH000204: Processing PersistenceUnitInfo [name: default]
2024-06-24 21:52:46,011 INFO o.h.Version [main] HHH000412: Hibernate ORM core version 6.4.4.Final
2024-06-24 21:52:46,195 INFO o.h.c.i.RegionFactoryInitiator [main] HHH000026: Second-level cache disabled
2024-06-24 21:52:46,769 INFO o.s.o.j.p.SpringPersistenceUnitInfo [main] No LoadTimeWeaver setup: ignoring JPA class transformer
2024-06-24 21:52:46,804 INFO c.z.h.HikariDataSource [main] HikariPool-1 - Starting...
2024-06-24 21:52:47,337 INFO c.z.h.p.HikariPool [main] HikariPool-1 - Added connection org.postgresql.jdbc.PgConnection@68d8eb4f
2024-06-24 21:52:47,347 INFO c.z.h.HikariDataSource [main] HikariPool-1 - Start completed.
2024-06-24 21:52:47,438 WARN o.h.e.j.d.i.DialectFactoryImpl [main] HHH90000025: PostgreSQLDialect does not need to be specified explicitly using 'hibernate.dialect' (remove the property setting and it will be selected by default)
2024-06-24 21:52:48,712 INFO o.h.e.t.j.p.i.JtaPlatformInitiator [main] HHH000489: No JTA platform available (set 'hibernate.transaction.jta.platform' to enable JTA platform integration)
2024-06-24 21:52:48,845 INFO o.s.o.j.AbstractEntityManagerFactoryBean [main] Initialized JPA EntityManagerFactory for persistence unit 'default'
2024-06-24 21:52:49,725 WARN o.s.b.a.o.j.JpaBaseConfiguration$JpaWebConfiguration [main] spring.jpa.open-in-view is enabled by default. Therefore, database queries may be performed during view rendering. Explicitly configure spring.jpa.open-in-view to disable this warning
2024-06-24 21:52:51,347 WARN o.s.b.a.s.s.UserDetailsServiceAutoConfiguration [main] 

Using generated security password: ff43b87a-b232-4cdd-9bac-8d845006f90f

This generated password is for development use only. Your security configuration must be updated before running your application in production.

2024-06-24 21:52:51,792 INFO o.s.s.w.DefaultSecurityFilterChain [main] Will secure any request with [org.springframework.security.web.session.DisableEncodeUrlFilter@7f93fce1, org.springframework.security.web.context.request.async.WebAsyncManagerIntegrationFilter@5457123a, org.springframework.security.web.context.SecurityContextHolderFilter@34e1c23d, org.springframework.security.web.header.HeaderWriterFilter@408a0e92, org.springframework.web.filter.CorsFilter@4690a37e, org.springframework.security.web.csrf.CsrfFilter@6ca9ec77, org.springframework.security.web.authentication.logout.LogoutFilter@7322013f, org.springframework.security.web.authentication.UsernamePasswordAuthenticationFilter@4af0ae2c, org.springframework.security.web.authentication.ui.DefaultLoginPageGeneratingFilter@359903b6, org.springframework.security.web.authentication.ui.DefaultLogoutPageGeneratingFilter@23f27434, org.springframework.security.web.authentication.www.BasicAuthenticationFilter@7a5a26b7, org.springframework.security.web.savedrequest.RequestCacheAwareFilter@4fb3c670, org.springframework.security.web.servletapi.SecurityContextHolderAwareRequestFilter@6b6c882c, org.springframework.security.web.authentication.AnonymousAuthenticationFilter@43e6f05f, org.springframework.security.web.access.ExceptionTranslationFilter@53c0424a, org.springframework.security.web.access.intercept.AuthorizationFilter@1d3bf0af]
2024-06-24 21:52:51,957 INFO o.a.j.l.DirectJDKLog [main] Starting ProtocolHandler ["http-nio-8080"]
2024-06-24 21:52:52,027 INFO o.s.b.w.e.t.TomcatWebServer [main] Tomcat started on port 8080 (http) with context path ''
2024-06-24 21:52:52,072 INFO o.s.b.StartupInfoLogger [main] Started Xx2Application in 11.362 seconds (process running for 12.003)
2024-06-24 21:52:59,091 INFO o.s.o.j.AbstractEntityManagerFactoryBean [SpringApplicationShutdownHook] Closing JPA EntityManagerFactory for persistence unit 'default'
2024-06-24 21:52:59,095 INFO c.z.h.HikariDataSource [SpringApplicationShutdownHook] HikariPool-1 - Shutdown initiated...
2024-06-24 21:52:59,104 INFO c.z.h.HikariDataSource [SpringApplicationShutdownHook] HikariPool-1 - Shutdown completed.
