2024-04-24 20:59:29,253 INFO o.s.o.j.AbstractEntityManagerFactoryBean [SpringApplicationShutdownHook] Closing JPA EntityManagerFactory for persistence unit 'default'
2024-04-24 20:59:29,261 INFO c.z.h.HikariDataSource [SpringApplicationShutdownHook] HikariPool-1 - Shutdown initiated...
2024-04-24 20:59:29,271 INFO c.z.h.HikariDataSource [SpringApplicationShutdownHook] HikariPool-1 - Shutdown completed.
2024-04-24 20:59:49,868 INFO o.s.b.StartupInfoLogger [main] Starting Xx2Application using Java 17.0.10 with PID 23032 (C:\Users\Asus\Downloads\BINAR\back_end_java\Challenge-4\xx2\target\classes started by Asus in C:\Users\Asus\Downloads\BINAR\back_end_java\Challenge-4\xx2)
2024-04-24 20:59:49,909 INFO o.s.b.SpringApplication [main] No active profile set, falling back to 1 default profile: "default"
2024-04-24 20:59:50,961 INFO o.s.d.r.c.RepositoryConfigurationDelegate [main] Bootstrapping Spring Data JPA repositories in DEFAULT mode.
2024-04-24 20:59:51,008 INFO o.s.d.r.c.RepositoryConfigurationDelegate [main] Finished Spring Data repository scanning in 25 ms. Found 0 JPA repository interfaces.
2024-04-24 20:59:51,799 INFO o.s.b.w.e.t.TomcatWebServer [main] Tomcat initialized with port 8080 (http)
2024-04-24 20:59:51,812 INFO o.a.j.l.DirectJDKLog [main] Initializing ProtocolHandler ["http-nio-8080"]
2024-04-24 20:59:51,816 INFO o.a.j.l.DirectJDKLog [main] Starting service [Tomcat]
2024-04-24 20:59:51,817 INFO o.a.j.l.DirectJDKLog [main] Starting Servlet engine: [Apache Tomcat/10.1.20]
2024-04-24 20:59:51,920 INFO o.a.j.l.DirectJDKLog [main] Initializing Spring embedded WebApplicationContext
2024-04-24 20:59:51,925 INFO o.s.b.w.s.c.ServletWebServerApplicationContext [main] Root WebApplicationContext: initialization completed in 1932 ms
2024-04-24 20:59:52,198 INFO c.z.h.HikariDataSource [main] HikariPool-1 - Starting...
2024-04-24 20:59:52,507 INFO c.z.h.p.HikariPool [main] HikariPool-1 - Added connection org.postgresql.jdbc.PgConnection@1da1380b
2024-04-24 20:59:52,509 INFO c.z.h.HikariDataSource [main] HikariPool-1 - Start completed.
2024-04-24 20:59:52,588 INFO o.h.j.i.u.LogHelper [main] HHH000204: Processing PersistenceUnitInfo [name: default]
2024-04-24 20:59:52,645 INFO o.h.Version [main] HHH000412: Hibernate ORM core version 6.4.4.Final
2024-04-24 20:59:52,737 INFO o.h.c.i.RegionFactoryInitiator [main] HHH000026: Second-level cache disabled
2024-04-24 20:59:53,016 INFO o.s.o.j.p.SpringPersistenceUnitInfo [main] No LoadTimeWeaver setup: ignoring JPA class transformer
2024-04-24 20:59:53,548 INFO o.h.e.t.j.p.i.JtaPlatformInitiator [main] HHH000489: No JTA platform available (set 'hibernate.transaction.jta.platform' to enable JTA platform integration)
2024-04-24 20:59:53,553 INFO o.s.o.j.AbstractEntityManagerFactoryBean [main] Initialized JPA EntityManagerFactory for persistence unit 'default'
2024-04-24 20:59:53,616 WARN o.s.b.a.o.j.JpaBaseConfiguration$JpaWebConfiguration [main] spring.jpa.open-in-view is enabled by default. Therefore, database queries may be performed during view rendering. Explicitly configure spring.jpa.open-in-view to disable this warning
2024-04-24 20:59:54,310 INFO o.a.j.l.DirectJDKLog [main] Starting ProtocolHandler ["http-nio-8080"]
2024-04-24 20:59:54,380 INFO o.s.b.w.e.t.TomcatWebServer [main] Tomcat started on port 8080 (http) with context path ''
2024-04-24 20:59:54,397 INFO o.s.b.StartupInfoLogger [main] Started Xx2Application in 5.157 seconds (process running for 5.589)
2024-04-24 20:59:54,406 INFO c.e.x.c.HomeController [main] Info
2024-04-24 20:59:54,407 WARN c.e.x.c.HomeController [main] Warn
2024-04-24 20:59:54,409 ERROR c.e.x.c.HomeController [main] Error
2024-04-24 20:59:54,411 INFO c.e.x.c.HomeController [main] Info
2024-04-24 20:59:54,415 WARN c.e.x.c.HomeController [main] Warn
2024-04-24 20:59:54,415 ERROR c.e.x.c.HomeController [main] Error
2024-04-24 20:59:54,415 INFO c.e.x.c.HomeController [main] Info
2024-04-24 20:59:54,416 WARN c.e.x.c.HomeController [main] Warn
2024-04-24 20:59:54,417 ERROR c.e.x.c.HomeController [main] Error
2024-04-24 20:59:54,417 INFO c.e.x.c.HomeController [main] Info
2024-04-24 20:59:54,418 WARN c.e.x.c.HomeController [main] Warn
2024-04-24 20:59:54,418 ERROR c.e.x.c.HomeController [main] Error
2024-04-24 20:59:54,419 INFO c.e.x.c.HomeController [main] Info
2024-04-24 20:59:54,419 WARN c.e.x.c.HomeController [main] Warn
2024-04-24 20:59:54,420 ERROR c.e.x.c.HomeController [main] Error
2024-04-24 20:59:54,423 INFO c.e.x.c.HomeController [main] Info
2024-04-24 20:59:54,425 WARN c.e.x.c.HomeController [main] Warn
2024-04-24 20:59:54,426 ERROR c.e.x.c.HomeController [main] Error
2024-04-24 20:59:54,427 INFO c.e.x.c.HomeController [main] Info
2024-04-24 20:59:54,428 WARN c.e.x.c.HomeController [main] Warn
2024-04-24 20:59:54,428 ERROR c.e.x.c.HomeController [main] Error
2024-04-24 20:59:54,429 INFO c.e.x.c.HomeController [main] Info
2024-04-24 20:59:54,429 WARN c.e.x.c.HomeController [main] Warn
2024-04-24 20:59:54,429 ERROR c.e.x.c.HomeController [main] Error
2024-04-24 20:59:54,430 INFO c.e.x.c.HomeController [main] Info
2024-04-24 20:59:54,431 WARN c.e.x.c.HomeController [main] Warn
2024-04-24 20:59:54,431 ERROR c.e.x.c.HomeController [main] Error
2024-04-24 20:59:54,432 INFO c.e.x.c.HomeController [main] Info
2024-04-24 20:59:54,432 WARN c.e.x.c.HomeController [main] Warn
2024-04-24 20:59:54,433 ERROR c.e.x.c.HomeController [main] Error
2024-04-24 20:59:54,434 INFO c.e.x.c.HomeController [main] Info
2024-04-24 20:59:54,434 WARN c.e.x.c.HomeController [main] Warn
2024-04-24 20:59:54,434 ERROR c.e.x.c.HomeController [main] Error
2024-04-24 20:59:54,435 INFO c.e.x.c.HomeController [main] Info
2024-04-24 20:59:54,435 WARN c.e.x.c.HomeController [main] Warn
2024-04-24 20:59:54,436 ERROR c.e.x.c.HomeController [main] Error
2024-04-24 20:59:54,436 INFO c.e.x.c.HomeController [main] Info
2024-04-24 20:59:54,437 WARN c.e.x.c.HomeController [main] Warn
2024-04-24 20:59:54,437 ERROR c.e.x.c.HomeController [main] Error
2024-04-24 20:59:54,437 INFO c.e.x.c.HomeController [main] Info
2024-04-24 20:59:54,439 WARN c.e.x.c.HomeController [main] Warn
2024-04-24 20:59:54,441 ERROR c.e.x.c.HomeController [main] Error
2024-04-24 20:59:54,443 INFO c.e.x.c.HomeController [main] Info
2024-04-24 20:59:54,444 WARN c.e.x.c.HomeController [main] Warn
2024-04-24 20:59:54,445 ERROR c.e.x.c.HomeController [main] Error
2024-04-24 20:59:54,446 INFO c.e.x.c.HomeController [main] Info
2024-04-24 20:59:54,446 WARN c.e.x.c.HomeController [main] Warn
2024-04-24 20:59:54,447 ERROR c.e.x.c.HomeController [main] Error
2024-04-24 20:59:54,447 INFO c.e.x.c.HomeController [main] Info
2024-04-24 20:59:54,447 WARN c.e.x.c.HomeController [main] Warn
2024-04-24 20:59:54,448 ERROR c.e.x.c.HomeController [main] Error
2024-04-24 20:59:54,448 INFO c.e.x.c.HomeController [main] Info
2024-04-24 20:59:54,449 WARN c.e.x.c.HomeController [main] Warn
2024-04-24 20:59:54,452 ERROR c.e.x.c.HomeController [main] Error
2024-04-24 20:59:54,454 INFO c.e.x.c.HomeController [main] Info
2024-04-24 20:59:54,454 WARN c.e.x.c.HomeController [main] Warn
2024-04-24 20:59:54,454 ERROR c.e.x.c.HomeController [main] Error
2024-04-24 20:59:54,455 INFO c.e.x.c.HomeController [main] Info
2024-04-24 20:59:54,455 WARN c.e.x.c.HomeController [main] Warn
2024-04-24 20:59:54,455 ERROR c.e.x.c.HomeController [main] Error
2024-04-24 20:59:54,456 INFO c.e.x.c.HomeController [main] Info
2024-04-24 20:59:54,456 WARN c.e.x.c.HomeController [main] Warn
2024-04-24 20:59:54,456 ERROR c.e.x.c.HomeController [main] Error
2024-04-24 20:59:54,457 INFO c.e.x.c.HomeController [main] Info
2024-04-24 20:59:54,457 WARN c.e.x.c.HomeController [main] Warn
2024-04-24 20:59:54,458 ERROR c.e.x.c.HomeController [main] Error
2024-04-24 20:59:54,458 INFO c.e.x.c.HomeController [main] Info
2024-04-24 20:59:54,458 WARN c.e.x.c.HomeController [main] Warn
2024-04-24 20:59:54,459 ERROR c.e.x.c.HomeController [main] Error
2024-04-24 20:59:54,459 INFO c.e.x.c.HomeController [main] Info
2024-04-24 20:59:54,460 WARN c.e.x.c.HomeController [main] Warn
2024-04-24 20:59:54,460 ERROR c.e.x.c.HomeController [main] Error
2024-04-24 20:59:54,461 INFO c.e.x.c.HomeController [main] Info
2024-04-24 20:59:54,461 WARN c.e.x.c.HomeController [main] Warn
2024-04-24 20:59:54,462 ERROR c.e.x.c.HomeController [main] Error
2024-04-24 20:59:54,462 INFO c.e.x.c.HomeController [main] Info
2024-04-24 20:59:54,462 WARN c.e.x.c.HomeController [main] Warn
2024-04-24 20:59:54,463 ERROR c.e.x.c.HomeController [main] Error
2024-04-24 20:59:54,463 INFO c.e.x.c.HomeController [main] Info
2024-04-24 20:59:54,464 WARN c.e.x.c.HomeController [main] Warn
2024-04-24 20:59:54,464 ERROR c.e.x.c.HomeController [main] Error
2024-04-24 20:59:54,465 INFO c.e.x.c.HomeController [main] Info
2024-04-24 20:59:54,466 WARN c.e.x.c.HomeController [main] Warn
2024-04-24 20:59:54,466 ERROR c.e.x.c.HomeController [main] Error
2024-04-24 20:59:54,466 INFO c.e.x.c.HomeController [main] Info
2024-04-24 20:59:54,467 WARN c.e.x.c.HomeController [main] Warn
2024-04-24 20:59:54,467 ERROR c.e.x.c.HomeController [main] Error
2024-04-24 20:59:54,467 INFO c.e.x.c.HomeController [main] Info
2024-04-24 20:59:54,467 WARN c.e.x.c.HomeController [main] Warn
2024-04-24 20:59:54,467 ERROR c.e.x.c.HomeController [main] Error
2024-04-24 20:59:54,468 INFO c.e.x.c.HomeController [main] Info
2024-04-24 20:59:54,468 WARN c.e.x.c.HomeController [main] Warn
2024-04-24 20:59:54,469 ERROR c.e.x.c.HomeController [main] Error
2024-04-24 20:59:54,469 INFO c.e.x.c.HomeController [main] Info
2024-04-24 20:59:54,469 WARN c.e.x.c.HomeController [main] Warn
2024-04-24 20:59:54,470 ERROR c.e.x.c.HomeController [main] Error
2024-04-24 20:59:54,470 INFO c.e.x.c.HomeController [main] Info
2024-04-24 20:59:54,470 WARN c.e.x.c.HomeController [main] Warn
2024-04-24 20:59:54,471 ERROR c.e.x.c.HomeController [main] Error
2024-04-24 20:59:54,471 INFO c.e.x.c.HomeController [main] Info
2024-04-24 20:59:54,472 WARN c.e.x.c.HomeController [main] Warn
2024-04-24 20:59:54,472 ERROR c.e.x.c.HomeController [main] Error
2024-04-24 20:59:54,473 INFO c.e.x.c.HomeController [main] Info
2024-04-24 20:59:54,474 WARN c.e.x.c.HomeController [main] Warn
2024-04-24 20:59:54,475 ERROR c.e.x.c.HomeController [main] Error
2024-04-24 20:59:54,477 INFO c.e.x.c.HomeController [main] Info
2024-04-24 20:59:54,479 WARN c.e.x.c.HomeController [main] Warn
2024-04-24 20:59:54,480 ERROR c.e.x.c.HomeController [main] Error
2024-04-24 20:59:54,480 INFO c.e.x.c.HomeController [main] Info
2024-04-24 20:59:54,481 WARN c.e.x.c.HomeController [main] Warn
2024-04-24 20:59:54,481 ERROR c.e.x.c.HomeController [main] Error
2024-04-24 20:59:54,482 INFO c.e.x.c.HomeController [main] Info
2024-04-24 20:59:54,483 WARN c.e.x.c.HomeController [main] Warn
2024-04-24 20:59:54,483 ERROR c.e.x.c.HomeController [main] Error
2024-04-24 20:59:54,483 INFO c.e.x.c.HomeController [main] Info
2024-04-24 20:59:54,484 WARN c.e.x.c.HomeController [main] Warn
2024-04-24 20:59:54,484 ERROR c.e.x.c.HomeController [main] Error
2024-04-24 20:59:54,484 INFO c.e.x.c.HomeController [main] Info
2024-04-24 20:59:54,485 WARN c.e.x.c.HomeController [main] Warn
2024-04-24 20:59:54,485 ERROR c.e.x.c.HomeController [main] Error
2024-04-24 20:59:54,485 INFO c.e.x.c.HomeController [main] Info
2024-04-24 20:59:54,486 WARN c.e.x.c.HomeController [main] Warn
2024-04-24 20:59:54,486 ERROR c.e.x.c.HomeController [main] Error
2024-04-24 20:59:54,486 INFO c.e.x.c.HomeController [main] Info
2024-04-24 20:59:54,487 WARN c.e.x.c.HomeController [main] Warn
2024-04-24 20:59:54,487 ERROR c.e.x.c.HomeController [main] Error
2024-04-24 20:59:54,487 INFO c.e.x.c.HomeController [main] Info
2024-04-24 20:59:54,488 WARN c.e.x.c.HomeController [main] Warn
2024-04-24 20:59:54,488 ERROR c.e.x.c.HomeController [main] Error
2024-04-24 20:59:54,488 INFO c.e.x.c.HomeController [main] Info
2024-04-24 20:59:54,489 WARN c.e.x.c.HomeController [main] Warn
2024-04-24 20:59:54,489 ERROR c.e.x.c.HomeController [main] Error
2024-04-24 20:59:54,490 INFO c.e.x.c.HomeController [main] Info
2024-04-24 20:59:54,491 WARN c.e.x.c.HomeController [main] Warn
2024-04-24 20:59:54,491 ERROR c.e.x.c.HomeController [main] Error
2024-04-24 20:59:54,492 INFO c.e.x.c.HomeController [main] Info
2024-04-24 20:59:54,492 WARN c.e.x.c.HomeController [main] Warn
2024-04-24 20:59:54,493 ERROR c.e.x.c.HomeController [main] Error
2024-04-24 20:59:54,494 INFO c.e.x.c.HomeController [main] Info
2024-04-24 20:59:54,495 WARN c.e.x.c.HomeController [main] Warn
2024-04-24 20:59:54,496 ERROR c.e.x.c.HomeController [main] Error
2024-04-24 20:59:54,496 INFO c.e.x.c.HomeController [main] Info
2024-04-24 20:59:54,497 WARN c.e.x.c.HomeController [main] Warn
2024-04-24 20:59:54,497 ERROR c.e.x.c.HomeController [main] Error
2024-04-24 20:59:54,497 INFO c.e.x.c.HomeController [main] Info
2024-04-24 20:59:54,497 WARN c.e.x.c.HomeController [main] Warn
2024-04-24 20:59:54,498 ERROR c.e.x.c.HomeController [main] Error
2024-04-24 20:59:54,498 INFO c.e.x.c.HomeController [main] Info
2024-04-24 20:59:54,498 WARN c.e.x.c.HomeController [main] Warn
2024-04-24 20:59:54,498 ERROR c.e.x.c.HomeController [main] Error
2024-04-24 20:59:54,499 INFO c.e.x.c.HomeController [main] Info
2024-04-24 20:59:54,499 WARN c.e.x.c.HomeController [main] Warn
2024-04-24 20:59:54,499 ERROR c.e.x.c.HomeController [main] Error
2024-04-24 20:59:54,500 INFO c.e.x.c.HomeController [main] Info
2024-04-24 20:59:54,500 WARN c.e.x.c.HomeController [main] Warn
2024-04-24 20:59:54,500 ERROR c.e.x.c.HomeController [main] Error
2024-04-24 20:59:54,500 INFO c.e.x.c.HomeController [main] Info
2024-04-24 20:59:54,501 WARN c.e.x.c.HomeController [main] Warn
2024-04-24 20:59:54,501 ERROR c.e.x.c.HomeController [main] Error
2024-04-24 20:59:54,501 INFO c.e.x.c.HomeController [main] Info
2024-04-24 20:59:54,502 WARN c.e.x.c.HomeController [main] Warn
2024-04-24 20:59:54,502 ERROR c.e.x.c.HomeController [main] Error
2024-04-24 20:59:54,502 INFO c.e.x.c.HomeController [main] Info
2024-04-24 20:59:54,503 WARN c.e.x.c.HomeController [main] Warn
2024-04-24 20:59:54,503 ERROR c.e.x.c.HomeController [main] Error
2024-04-24 20:59:54,503 INFO c.e.x.c.HomeController [main] Info
2024-04-24 20:59:54,503 WARN c.e.x.c.HomeController [main] Warn
2024-04-24 20:59:54,504 ERROR c.e.x.c.HomeController [main] Error
2024-04-24 20:59:54,504 INFO c.e.x.c.HomeController [main] Info
2024-04-24 20:59:54,505 WARN c.e.x.c.HomeController [main] Warn
2024-04-24 20:59:54,505 ERROR c.e.x.c.HomeController [main] Error
2024-04-24 20:59:54,506 INFO c.e.x.c.HomeController [main] Info
2024-04-24 20:59:54,507 WARN c.e.x.c.HomeController [main] Warn
2024-04-24 20:59:54,510 ERROR c.e.x.c.HomeController [main] Error
2024-04-24 20:59:54,511 INFO c.e.x.c.HomeController [main] Info
2024-04-24 20:59:54,513 WARN c.e.x.c.HomeController [main] Warn
2024-04-24 20:59:54,515 ERROR c.e.x.c.HomeController [main] Error
2024-04-24 20:59:54,517 INFO c.e.x.c.HomeController [main] Info
2024-04-24 20:59:54,518 WARN c.e.x.c.HomeController [main] Warn
2024-04-24 20:59:54,519 ERROR c.e.x.c.HomeController [main] Error
2024-04-24 20:59:54,519 INFO c.e.x.c.HomeController [main] Info
2024-04-24 20:59:54,519 WARN c.e.x.c.HomeController [main] Warn
2024-04-24 20:59:54,520 ERROR c.e.x.c.HomeController [main] Error
2024-04-24 20:59:54,520 INFO c.e.x.c.HomeController [main] Info
2024-04-24 20:59:54,520 WARN c.e.x.c.HomeController [main] Warn
2024-04-24 20:59:54,521 ERROR c.e.x.c.HomeController [main] Error
2024-04-24 20:59:54,523 INFO c.e.x.c.HomeController [main] Info
2024-04-24 20:59:54,524 WARN c.e.x.c.HomeController [main] Warn
2024-04-24 20:59:54,525 ERROR c.e.x.c.HomeController [main] Error
2024-04-24 20:59:54,526 INFO c.e.x.c.HomeController [main] Info
2024-04-24 20:59:54,527 WARN c.e.x.c.HomeController [main] Warn
2024-04-24 20:59:54,527 ERROR c.e.x.c.HomeController [main] Error
2024-04-24 20:59:54,527 INFO c.e.x.c.HomeController [main] Info
2024-04-24 20:59:54,527 WARN c.e.x.c.HomeController [main] Warn
2024-04-24 20:59:54,527 ERROR c.e.x.c.HomeController [main] Error
2024-04-24 20:59:54,528 INFO c.e.x.c.HomeController [main] Info
2024-04-24 20:59:54,528 WARN c.e.x.c.HomeController [main] Warn
2024-04-24 20:59:54,528 ERROR c.e.x.c.HomeController [main] Error
2024-04-24 20:59:54,529 INFO c.e.x.c.HomeController [main] Info
2024-04-24 20:59:54,529 WARN c.e.x.c.HomeController [main] Warn
2024-04-24 20:59:54,529 ERROR c.e.x.c.HomeController [main] Error
2024-04-24 20:59:54,530 INFO c.e.x.c.HomeController [main] Info
2024-04-24 20:59:54,530 WARN c.e.x.c.HomeController [main] Warn
2024-04-24 20:59:54,530 ERROR c.e.x.c.HomeController [main] Error
2024-04-24 20:59:54,531 INFO c.e.x.c.HomeController [main] Info
2024-04-24 20:59:54,531 WARN c.e.x.c.HomeController [main] Warn
2024-04-24 20:59:54,531 ERROR c.e.x.c.HomeController [main] Error
2024-04-24 20:59:54,532 INFO c.e.x.c.HomeController [main] Info
2024-04-24 20:59:54,532 WARN c.e.x.c.HomeController [main] Warn
2024-04-24 20:59:54,532 ERROR c.e.x.c.HomeController [main] Error
2024-04-24 20:59:54,533 INFO c.e.x.c.HomeController [main] Info
2024-04-24 20:59:54,533 WARN c.e.x.c.HomeController [main] Warn
2024-04-24 20:59:54,533 ERROR c.e.x.c.HomeController [main] Error
2024-04-24 20:59:54,534 INFO c.e.x.c.HomeController [main] Info
2024-04-24 20:59:54,534 WARN c.e.x.c.HomeController [main] Warn
2024-04-24 20:59:54,534 ERROR c.e.x.c.HomeController [main] Error
2024-04-24 20:59:54,535 INFO c.e.x.c.HomeController [main] Info
2024-04-24 20:59:54,535 WARN c.e.x.c.HomeController [main] Warn
2024-04-24 20:59:54,536 ERROR c.e.x.c.HomeController [main] Error
2024-04-24 20:59:54,536 INFO c.e.x.c.HomeController [main] Info
2024-04-24 20:59:54,537 WARN c.e.x.c.HomeController [main] Warn
2024-04-24 20:59:54,537 ERROR c.e.x.c.HomeController [main] Error
2024-04-24 20:59:54,538 INFO c.e.x.c.HomeController [main] Info
2024-04-24 20:59:54,538 WARN c.e.x.c.HomeController [main] Warn
2024-04-24 20:59:54,538 ERROR c.e.x.c.HomeController [main] Error
2024-04-24 20:59:54,538 INFO c.e.x.c.HomeController [main] Info
2024-04-24 20:59:54,540 WARN c.e.x.c.HomeController [main] Warn
2024-04-24 20:59:54,541 ERROR c.e.x.c.HomeController [main] Error
2024-04-24 20:59:54,542 INFO c.e.x.c.HomeController [main] Info
2024-04-24 20:59:54,543 WARN c.e.x.c.HomeController [main] Warn
2024-04-24 20:59:54,544 ERROR c.e.x.c.HomeController [main] Error
2024-04-24 20:59:54,545 INFO c.e.x.c.HomeController [main] Info
2024-04-24 20:59:54,545 WARN c.e.x.c.HomeController [main] Warn
2024-04-24 20:59:54,547 ERROR c.e.x.c.HomeController [main] Error
2024-04-24 20:59:54,549 INFO c.e.x.c.HomeController [main] Info
2024-04-24 20:59:54,549 WARN c.e.x.c.HomeController [main] Warn
2024-04-24 20:59:54,550 ERROR c.e.x.c.HomeController [main] Error
2024-04-24 20:59:54,550 INFO c.e.x.c.HomeController [main] Info
2024-04-24 20:59:54,551 WARN c.e.x.c.HomeController [main] Warn
2024-04-24 20:59:54,551 ERROR c.e.x.c.HomeController [main] Error
2024-04-24 20:59:54,552 INFO c.e.x.c.HomeController [main] Info
2024-04-24 20:59:54,552 WARN c.e.x.c.HomeController [main] Warn
2024-04-24 20:59:54,553 ERROR c.e.x.c.HomeController [main] Error
2024-04-24 20:59:54,553 INFO c.e.x.c.HomeController [main] Info
2024-04-24 20:59:54,554 WARN c.e.x.c.HomeController [main] Warn
2024-04-24 20:59:54,554 ERROR c.e.x.c.HomeController [main] Error
2024-04-24 20:59:54,555 INFO c.e.x.c.HomeController [main] Info
2024-04-24 20:59:54,555 WARN c.e.x.c.HomeController [main] Warn
2024-04-24 20:59:54,556 ERROR c.e.x.c.HomeController [main] Error
2024-04-24 20:59:54,556 INFO c.e.x.c.HomeController [main] Info
2024-04-24 20:59:54,557 WARN c.e.x.c.HomeController [main] Warn
2024-04-24 20:59:54,557 ERROR c.e.x.c.HomeController [main] Error
2024-04-24 20:59:54,557 INFO c.e.x.c.HomeController [main] Info
2024-04-24 20:59:54,557 WARN c.e.x.c.HomeController [main] Warn
2024-04-24 20:59:54,557 ERROR c.e.x.c.HomeController [main] Error
2024-04-24 20:59:54,558 INFO c.e.x.c.HomeController [main] Info
2024-04-24 20:59:54,558 WARN c.e.x.c.HomeController [main] Warn
2024-04-24 20:59:54,558 ERROR c.e.x.c.HomeController [main] Error
2024-04-24 20:59:54,558 INFO c.e.x.c.HomeController [main] Info
2024-04-24 20:59:54,559 WARN c.e.x.c.HomeController [main] Warn
2024-04-24 20:59:54,559 ERROR c.e.x.c.HomeController [main] Error
2024-04-24 20:59:54,560 INFO c.e.x.c.HomeController [main] Info
2024-04-24 20:59:54,560 WARN c.e.x.c.HomeController [main] Warn
2024-04-24 20:59:54,560 ERROR c.e.x.c.HomeController [main] Error
2024-04-24 20:59:54,561 INFO c.e.x.c.HomeController [main] Info
2024-04-24 20:59:54,561 WARN c.e.x.c.HomeController [main] Warn
2024-04-24 20:59:54,561 ERROR c.e.x.c.HomeController [main] Error
2024-04-24 20:59:54,561 INFO c.e.x.c.HomeController [main] Info
2024-04-24 20:59:54,562 WARN c.e.x.c.HomeController [main] Warn
2024-04-24 20:59:54,562 ERROR c.e.x.c.HomeController [main] Error
2024-04-24 20:59:54,562 INFO c.e.x.c.HomeController [main] Info
2024-04-24 20:59:54,562 WARN c.e.x.c.HomeController [main] Warn
2024-04-24 20:59:54,563 ERROR c.e.x.c.HomeController [main] Error
2024-04-24 20:59:54,563 INFO c.e.x.c.HomeController [main] Info
2024-04-24 20:59:54,563 WARN c.e.x.c.HomeController [main] Warn
2024-04-24 20:59:54,564 ERROR c.e.x.c.HomeController [main] Error
2024-04-24 20:59:54,564 INFO c.e.x.c.HomeController [main] Info
2024-04-24 20:59:54,564 WARN c.e.x.c.HomeController [main] Warn
2024-04-24 20:59:54,564 ERROR c.e.x.c.HomeController [main] Error
2024-04-24 20:59:54,564 INFO c.e.x.c.HomeController [main] Info
2024-04-24 20:59:54,565 WARN c.e.x.c.HomeController [main] Warn
2024-04-24 20:59:54,565 ERROR c.e.x.c.HomeController [main] Error
2024-04-24 20:59:54,565 INFO c.e.x.c.HomeController [main] Info
2024-04-24 20:59:54,565 WARN c.e.x.c.HomeController [main] Warn
2024-04-24 20:59:54,566 ERROR c.e.x.c.HomeController [main] Error
2024-04-24 20:59:54,566 INFO c.e.x.c.HomeController [main] Info
2024-04-24 20:59:54,566 WARN c.e.x.c.HomeController [main] Warn
2024-04-24 20:59:54,566 ERROR c.e.x.c.HomeController [main] Error
2024-04-24 20:59:54,566 INFO c.e.x.c.HomeController [main] Info
2024-04-24 20:59:54,567 WARN c.e.x.c.HomeController [main] Warn
2024-04-24 20:59:54,567 ERROR c.e.x.c.HomeController [main] Error
2024-04-24 20:59:54,567 INFO c.e.x.c.HomeController [main] Info
2024-04-24 20:59:54,567 WARN c.e.x.c.HomeController [main] Warn
2024-04-24 20:59:54,568 ERROR c.e.x.c.HomeController [main] Error
2024-04-24 20:59:54,568 INFO c.e.x.c.HomeController [main] Info
2024-04-24 20:59:54,570 WARN c.e.x.c.HomeController [main] Warn
2024-04-24 20:59:54,570 ERROR c.e.x.c.HomeController [main] Error
2024-04-24 20:59:54,570 INFO c.e.x.c.HomeController [main] Info
2024-04-24 20:59:54,571 WARN c.e.x.c.HomeController [main] Warn
2024-04-24 20:59:54,571 ERROR c.e.x.c.HomeController [main] Error
2024-04-24 20:59:54,571 INFO c.e.x.c.HomeController [main] Info
2024-04-24 20:59:54,572 WARN c.e.x.c.HomeController [main] Warn
2024-04-24 20:59:54,572 ERROR c.e.x.c.HomeController [main] Error
