2024-06-24 21:48:56,646 INFO o.s.b.StartupInfoLogger [main] Starting Xx2Application v0.0.1-SNAPSHOT using Java 17.0.10 with PID 22104 (C:\Users\Asus\Downloads\BINAR\back_end_java\demo\xx2\target\xx2-0.0.1-SNAPSHOT.jar started by Asus in C:\Users\Asus\Downloads\BINAR\back_end_java\demo\xx2)
2024-06-24 21:48:56,653 INFO o.s.b.SpringApplication [main] No active profile set, falling back to 1 default profile: "default"
2024-06-24 21:49:02,552 INFO o.s.b.StartupInfoLogger [main] Starting Xx2Application using Java 17.0.10 with PID 27584 (C:\Users\Asus\Downloads\BINAR\back_end_java\demo\xx2\target\classes started by Asus in C:\Users\Asus\Downloads\BINAR\back_end_java\demo\xx2)
2024-06-24 21:49:02,555 INFO o.s.b.SpringApplication [main] No active profile set, falling back to 1 default profile: "default"
2024-06-24 21:49:04,158 INFO o.s.d.r.c.RepositoryConfigurationDelegate [main] Bootstrapping Spring Data JPA repositories in DEFAULT mode.
2024-06-24 21:49:04,316 INFO o.s.d.r.c.RepositoryConfigurationDelegate [main] Finished Spring Data repository scanning in 146 ms. Found 5 JPA repository interfaces.
2024-06-24 21:49:05,702 INFO o.s.b.w.e.t.TomcatWebServer [main] Tomcat initialized with port 8080 (http)
2024-06-24 21:49:05,751 INFO o.a.j.l.DirectJDKLog [main] Initializing ProtocolHandler ["http-nio-8080"]
2024-06-24 21:49:05,761 INFO o.a.j.l.DirectJDKLog [main] Starting service [Tomcat]
2024-06-24 21:49:05,764 INFO o.a.j.l.DirectJDKLog [main] Starting Servlet engine: [Apache Tomcat/10.1.20]
2024-06-24 21:49:05,973 INFO o.a.j.l.DirectJDKLog [main] Initializing Spring embedded WebApplicationContext
2024-06-24 21:49:05,977 INFO o.s.b.w.s.c.ServletWebServerApplicationContext [main] Root WebApplicationContext: initialization completed in 3327 ms
2024-06-24 21:49:06,504 INFO o.h.j.i.u.LogHelper [main] HHH000204: Processing PersistenceUnitInfo [name: default]
2024-06-24 21:49:06,698 INFO o.h.Version [main] HHH000412: Hibernate ORM core version 6.4.4.Final
2024-06-24 21:49:06,825 INFO o.h.c.i.RegionFactoryInitiator [main] HHH000026: Second-level cache disabled
2024-06-24 21:49:07,275 INFO o.s.o.j.p.SpringPersistenceUnitInfo [main] No LoadTimeWeaver setup: ignoring JPA class transformer
2024-06-24 21:49:07,332 INFO c.z.h.HikariDataSource [main] HikariPool-1 - Starting...
2024-06-24 21:49:07,733 INFO c.z.h.p.HikariPool [main] HikariPool-1 - Added connection org.postgresql.jdbc.PgConnection@1f7336b2
2024-06-24 21:49:07,737 INFO c.z.h.HikariDataSource [main] HikariPool-1 - Start completed.
2024-06-24 21:49:07,830 WARN o.h.e.j.d.i.DialectFactoryImpl [main] HHH90000025: PostgreSQLDialect does not need to be specified explicitly using 'hibernate.dialect' (remove the property setting and it will be selected by default)
2024-06-24 21:49:09,287 INFO o.h.e.t.j.p.i.JtaPlatformInitiator [main] HHH000489: No JTA platform available (set 'hibernate.transaction.jta.platform' to enable JTA platform integration)
2024-06-24 21:49:09,420 INFO o.s.o.j.AbstractEntityManagerFactoryBean [main] Initialized JPA EntityManagerFactory for persistence unit 'default'
2024-06-24 21:49:10,447 WARN o.s.b.a.o.j.JpaBaseConfiguration$JpaWebConfiguration [main] spring.jpa.open-in-view is enabled by default. Therefore, database queries may be performed during view rendering. Explicitly configure spring.jpa.open-in-view to disable this warning
2024-06-24 21:49:12,027 WARN o.s.b.a.s.s.UserDetailsServiceAutoConfiguration [main] 

Using generated security password: 2d97991f-e3fd-4d82-abdc-9fe1e3128e34

This generated password is for development use only. Your security configuration must be updated before running your application in production.

2024-06-24 21:49:12,454 INFO o.s.s.w.DefaultSecurityFilterChain [main] Will secure any request with [org.springframework.security.web.session.DisableEncodeUrlFilter@58397dd, org.springframework.security.web.context.request.async.WebAsyncManagerIntegrationFilter@620260ad, org.springframework.security.web.context.SecurityContextHolderFilter@17e323fd, org.springframework.security.web.header.HeaderWriterFilter@1cecd0a9, org.springframework.web.filter.CorsFilter@216c6825, org.springframework.security.web.csrf.CsrfFilter@648c80cb, org.springframework.security.web.authentication.logout.LogoutFilter@5da16ed6, org.springframework.security.web.authentication.UsernamePasswordAuthenticationFilter@4823f4d0, org.springframework.security.web.authentication.ui.DefaultLoginPageGeneratingFilter@36995784, org.springframework.security.web.authentication.ui.DefaultLogoutPageGeneratingFilter@56ece9c, org.springframework.security.web.authentication.www.BasicAuthenticationFilter@232899d1, org.springframework.security.web.savedrequest.RequestCacheAwareFilter@33319df0, org.springframework.security.web.servletapi.SecurityContextHolderAwareRequestFilter@73b71935, org.springframework.security.web.authentication.AnonymousAuthenticationFilter@1c4a8c93, org.springframework.security.web.access.ExceptionTranslationFilter@173602c0, org.springframework.security.web.access.intercept.AuthorizationFilter@18edbed9]
2024-06-24 21:49:12,627 INFO o.a.j.l.DirectJDKLog [main] Starting ProtocolHandler ["http-nio-8080"]
2024-06-24 21:49:12,692 INFO o.s.b.w.e.t.TomcatWebServer [main] Tomcat started on port 8080 (http) with context path ''
2024-06-24 21:49:12,722 INFO o.s.b.StartupInfoLogger [main] Started Xx2Application in 10.923 seconds (process running for 11.478)
2024-06-24 21:49:50,240 INFO o.s.o.j.AbstractEntityManagerFactoryBean [SpringApplicationShutdownHook] Closing JPA EntityManagerFactory for persistence unit 'default'
2024-06-24 21:49:50,243 INFO c.z.h.HikariDataSource [SpringApplicationShutdownHook] HikariPool-1 - Shutdown initiated...
2024-06-24 21:49:50,246 INFO c.z.h.HikariDataSource [SpringApplicationShutdownHook] HikariPool-1 - Shutdown completed.
