2024-06-02 16:00:37,987 INFO o.s.b.StartupInfoLogger [main] Starting Xx2Application using Java 17.0.10 with PID 28364 (C:\Users\Asus\Downloads\BINAR\back_end_java\Challenge-6\xx2\target\classes started by Asus in C:\Users\Asus\Downloads\BINAR\back_end_java\Challenge-6\xx2)
2024-06-02 16:00:37,991 INFO o.s.b.SpringApplication [main] No active profile set, falling back to 1 default profile: "default"
2024-06-02 16:00:39,082 INFO o.s.d.r.c.RepositoryConfigurationDelegate [main] Bootstrapping Spring Data JPA repositories in DEFAULT mode.
2024-06-02 16:00:39,191 INFO o.s.d.r.c.RepositoryConfigurationDelegate [main] Finished Spring Data repository scanning in 97 ms. Found 5 JPA repository interfaces.
2024-06-02 16:00:40,253 INFO o.s.b.w.e.t.TomcatWebServer [main] Tomcat initialized with port 8080 (http)
2024-06-02 16:00:40,274 INFO o.a.j.l.DirectJDKLog [main] Initializing ProtocolHandler ["http-nio-8080"]
2024-06-02 16:00:40,280 INFO o.a.j.l.DirectJDKLog [main] Starting service [Tomcat]
2024-06-02 16:00:40,280 INFO o.a.j.l.DirectJDKLog [main] Starting Servlet engine: [Apache Tomcat/10.1.20]
2024-06-02 16:00:40,417 INFO o.a.j.l.DirectJDKLog [main] Initializing Spring embedded WebApplicationContext
2024-06-02 16:00:40,421 INFO o.s.b.w.s.c.ServletWebServerApplicationContext [main] Root WebApplicationContext: initialization completed in 2368 ms
2024-06-02 16:00:40,875 INFO o.h.j.i.u.LogHelper [main] HHH000204: Processing PersistenceUnitInfo [name: default]
2024-06-02 16:00:41,169 INFO o.h.Version [main] HHH000412: Hibernate ORM core version 6.4.4.Final
2024-06-02 16:00:41,267 INFO o.h.c.i.RegionFactoryInitiator [main] HHH000026: Second-level cache disabled
2024-06-02 16:00:41,646 INFO o.s.o.j.p.SpringPersistenceUnitInfo [main] No LoadTimeWeaver setup: ignoring JPA class transformer
2024-06-02 16:00:41,677 INFO c.z.h.HikariDataSource [main] HikariPool-1 - Starting...
2024-06-02 16:00:41,945 INFO c.z.h.p.HikariPool [main] HikariPool-1 - Added connection org.postgresql.jdbc.PgConnection@71039ce1
2024-06-02 16:00:41,948 INFO c.z.h.HikariDataSource [main] HikariPool-1 - Start completed.
2024-06-02 16:00:42,038 WARN o.h.e.j.d.i.DialectFactoryImpl [main] HHH90000025: PostgreSQLDialect does not need to be specified explicitly using 'hibernate.dialect' (remove the property setting and it will be selected by default)
2024-06-02 16:00:43,441 INFO o.h.e.t.j.p.i.JtaPlatformInitiator [main] HHH000489: No JTA platform available (set 'hibernate.transaction.jta.platform' to enable JTA platform integration)
2024-06-02 16:00:43,536 INFO o.s.o.j.AbstractEntityManagerFactoryBean [main] Initialized JPA EntityManagerFactory for persistence unit 'default'
2024-06-02 16:00:44,054 WARN o.s.b.a.o.j.JpaBaseConfiguration$JpaWebConfiguration [main] spring.jpa.open-in-view is enabled by default. Therefore, database queries may be performed during view rendering. Explicitly configure spring.jpa.open-in-view to disable this warning
2024-06-02 16:00:45,131 WARN o.s.b.a.s.s.UserDetailsServiceAutoConfiguration [main] 

Using generated security password: 11fc4581-fc21-4fab-b873-9a7c0cee5cc7

This generated password is for development use only. Your security configuration must be updated before running your application in production.

2024-06-02 16:00:45,542 INFO o.s.s.w.DefaultSecurityFilterChain [main] Will secure any request with [org.springframework.security.web.session.DisableEncodeUrlFilter@60be9fdf, org.springframework.security.web.context.request.async.WebAsyncManagerIntegrationFilter@7d816d32, org.springframework.security.web.context.SecurityContextHolderFilter@771b2b5b, org.springframework.security.web.header.HeaderWriterFilter@4bb4cc8c, org.springframework.web.filter.CorsFilter@4f5ad6b7, org.springframework.security.web.csrf.CsrfFilter@3599b7e8, org.springframework.security.web.authentication.logout.LogoutFilter@54c1878b, org.springframework.security.web.authentication.UsernamePasswordAuthenticationFilter@14e54a35, org.springframework.security.web.authentication.ui.DefaultLoginPageGeneratingFilter@7c16cc25, org.springframework.security.web.authentication.ui.DefaultLogoutPageGeneratingFilter@5069a91b, org.springframework.security.web.authentication.www.BasicAuthenticationFilter@6c37c36, org.springframework.security.web.savedrequest.RequestCacheAwareFilter@571b4bf6, org.springframework.security.web.servletapi.SecurityContextHolderAwareRequestFilter@24ffe853, org.springframework.security.web.authentication.AnonymousAuthenticationFilter@443d94ae, org.springframework.security.web.access.ExceptionTranslationFilter@4b8466c2, org.springframework.security.web.access.intercept.AuthorizationFilter@257e8c43]
2024-06-02 16:00:45,644 INFO o.a.j.l.DirectJDKLog [main] Starting ProtocolHandler ["http-nio-8080"]
2024-06-02 16:00:45,686 INFO o.s.b.w.e.t.TomcatWebServer [main] Tomcat started on port 8080 (http) with context path ''
2024-06-02 16:00:45,710 INFO o.s.b.StartupInfoLogger [main] Started Xx2Application in 8.268 seconds (process running for 8.722)
2024-06-02 16:01:00,715 INFO o.a.j.l.DirectJDKLog [http-nio-8080-exec-1] Initializing Spring DispatcherServlet 'dispatcherServlet'
2024-06-02 16:01:00,716 INFO o.s.w.s.FrameworkServlet [http-nio-8080-exec-1] Initializing Servlet 'dispatcherServlet'
2024-06-02 16:01:00,718 INFO o.s.w.s.FrameworkServlet [http-nio-8080-exec-1] Completed initialization in 1 ms
