2024-06-24 21:49:53,047 INFO o.s.b.StartupInfoLogger [main] Starting Xx2Application using Java 17.0.10 with PID 31128 (C:\Users\Asus\Downloads\BINAR\back_end_java\demo\xx2\target\classes started by Asus in C:\Users\Asus\Downloads\BINAR\back_end_java\demo\xx2)
2024-06-24 21:49:53,052 INFO o.s.b.SpringApplication [main] No active profile set, falling back to 1 default profile: "default"
2024-06-24 21:49:54,988 INFO o.s.d.r.c.RepositoryConfigurationDelegate [main] Bootstrapping Spring Data JPA repositories in DEFAULT mode.
2024-06-24 21:49:55,161 INFO o.s.d.r.c.RepositoryConfigurationDelegate [main] Finished Spring Data repository scanning in 142 ms. Found 5 JPA repository interfaces.
2024-06-24 21:49:56,824 INFO o.s.b.w.e.t.TomcatWebServer [main] Tomcat initialized with port 8080 (http)
2024-06-24 21:49:56,851 INFO o.a.j.l.DirectJDKLog [main] Initializing ProtocolHandler ["http-nio-8080"]
2024-06-24 21:49:56,859 INFO o.a.j.l.DirectJDKLog [main] Starting service [Tomcat]
2024-06-24 21:49:56,862 INFO o.a.j.l.DirectJDKLog [main] Starting Servlet engine: [Apache Tomcat/10.1.20]
2024-06-24 21:49:57,045 INFO o.a.j.l.DirectJDKLog [main] Initializing Spring embedded WebApplicationContext
2024-06-24 21:49:57,047 INFO o.s.b.w.s.c.ServletWebServerApplicationContext [main] Root WebApplicationContext: initialization completed in 3890 ms
2024-06-24 21:49:57,665 INFO o.h.j.i.u.LogHelper [main] HHH000204: Processing PersistenceUnitInfo [name: default]
2024-06-24 21:49:57,920 INFO o.h.Version [main] HHH000412: Hibernate ORM core version 6.4.4.Final
2024-06-24 21:49:58,093 INFO o.h.c.i.RegionFactoryInitiator [main] HHH000026: Second-level cache disabled
2024-06-24 21:49:58,691 INFO o.s.o.j.p.SpringPersistenceUnitInfo [main] No LoadTimeWeaver setup: ignoring JPA class transformer
2024-06-24 21:49:58,744 INFO c.z.h.HikariDataSource [main] HikariPool-1 - Starting...
2024-06-24 21:49:59,550 INFO c.z.h.p.HikariPool [main] HikariPool-1 - Added connection org.postgresql.jdbc.PgConnection@2aac8ad7
2024-06-24 21:49:59,553 INFO c.z.h.HikariDataSource [main] HikariPool-1 - Start completed.
2024-06-24 21:49:59,620 WARN o.h.e.j.d.i.DialectFactoryImpl [main] HHH90000025: PostgreSQLDialect does not need to be specified explicitly using 'hibernate.dialect' (remove the property setting and it will be selected by default)
2024-06-24 21:50:01,125 INFO o.h.e.t.j.p.i.JtaPlatformInitiator [main] HHH000489: No JTA platform available (set 'hibernate.transaction.jta.platform' to enable JTA platform integration)
2024-06-24 21:50:01,270 INFO o.s.o.j.AbstractEntityManagerFactoryBean [main] Initialized JPA EntityManagerFactory for persistence unit 'default'
2024-06-24 21:50:02,218 WARN o.s.b.a.o.j.JpaBaseConfiguration$JpaWebConfiguration [main] spring.jpa.open-in-view is enabled by default. Therefore, database queries may be performed during view rendering. Explicitly configure spring.jpa.open-in-view to disable this warning
2024-06-24 21:50:03,603 WARN o.s.b.a.s.s.UserDetailsServiceAutoConfiguration [main] 

Using generated security password: 6d63f99b-9214-44b5-b837-f92348f81235

This generated password is for development use only. Your security configuration must be updated before running your application in production.

2024-06-24 21:50:03,948 INFO o.s.s.w.DefaultSecurityFilterChain [main] Will secure any request with [org.springframework.security.web.session.DisableEncodeUrlFilter@72ea5674, org.springframework.security.web.context.request.async.WebAsyncManagerIntegrationFilter@7ecd6861, org.springframework.security.web.context.SecurityContextHolderFilter@157a2c86, org.springframework.security.web.header.HeaderWriterFilter@1f41f259, org.springframework.web.filter.CorsFilter@6557dcea, org.springframework.security.web.csrf.CsrfFilter@36e95b7b, org.springframework.security.web.authentication.logout.LogoutFilter@29becf8b, org.springframework.security.web.authentication.UsernamePasswordAuthenticationFilter@7b897456, org.springframework.security.web.authentication.ui.DefaultLoginPageGeneratingFilter@2693e39c, org.springframework.security.web.authentication.ui.DefaultLogoutPageGeneratingFilter@76e4df53, org.springframework.security.web.authentication.www.BasicAuthenticationFilter@318353, org.springframework.security.web.savedrequest.RequestCacheAwareFilter@5b395ee, org.springframework.security.web.servletapi.SecurityContextHolderAwareRequestFilter@24facb47, org.springframework.security.web.authentication.AnonymousAuthenticationFilter@569d6e0d, org.springframework.security.web.access.ExceptionTranslationFilter@3f523dae, org.springframework.security.web.access.intercept.AuthorizationFilter@493ed8e6]
2024-06-24 21:50:04,106 INFO o.a.j.l.DirectJDKLog [main] Starting ProtocolHandler ["http-nio-8080"]
2024-06-24 21:50:04,173 INFO o.s.b.w.e.t.TomcatWebServer [main] Tomcat started on port 8080 (http) with context path ''
2024-06-24 21:50:04,206 INFO o.s.b.StartupInfoLogger [main] Started Xx2Application in 11.893 seconds (process running for 12.343)
