2024-06-24 21:36:42,309 INFO o.s.b.StartupInfoLogger [main] Starting Xx2Application using Java 17.0.10 with PID 30816 (C:\Users\Asus\Downloads\BINAR\back_end_java\demo\xx2\target\classes started by Asus in C:\Users\Asus\Downloads\BINAR\back_end_java\demo\xx2)
2024-06-24 21:36:42,314 INFO o.s.b.SpringApplication [main] No active profile set, falling back to 1 default profile: "default"
2024-06-24 21:36:43,485 INFO o.s.d.r.c.RepositoryConfigurationDelegate [main] Bootstrapping Spring Data JPA repositories in DEFAULT mode.
2024-06-24 21:36:43,619 INFO o.s.d.r.c.RepositoryConfigurationDelegate [main] Finished Spring Data repository scanning in 118 ms. Found 5 JPA repository interfaces.
2024-06-24 21:36:44,999 INFO o.s.b.w.e.t.TomcatWebServer [main] Tomcat initialized with port 8080 (http)
2024-06-24 21:36:45,047 INFO o.a.j.l.DirectJDKLog [main] Initializing ProtocolHandler ["http-nio-8080"]
2024-06-24 21:36:45,072 INFO o.a.j.l.DirectJDKLog [main] Starting service [Tomcat]
2024-06-24 21:36:45,072 INFO o.a.j.l.DirectJDKLog [main] Starting Servlet engine: [Apache Tomcat/10.1.20]
2024-06-24 21:36:45,252 INFO o.a.j.l.DirectJDKLog [main] Initializing Spring embedded WebApplicationContext
2024-06-24 21:36:45,256 INFO o.s.b.w.s.c.ServletWebServerApplicationContext [main] Root WebApplicationContext: initialization completed in 2863 ms
2024-06-24 21:36:45,689 INFO o.h.j.i.u.LogHelper [main] HHH000204: Processing PersistenceUnitInfo [name: default]
2024-06-24 21:36:45,890 INFO o.h.Version [main] HHH000412: Hibernate ORM core version 6.4.4.Final
2024-06-24 21:36:45,986 INFO o.h.c.i.RegionFactoryInitiator [main] HHH000026: Second-level cache disabled
2024-06-24 21:36:46,627 INFO o.s.o.j.p.SpringPersistenceUnitInfo [main] No LoadTimeWeaver setup: ignoring JPA class transformer
2024-06-24 21:36:46,683 INFO c.z.h.HikariDataSource [main] HikariPool-1 - Starting...
2024-06-24 21:36:47,044 INFO c.z.h.p.HikariPool [main] HikariPool-1 - Added connection org.postgresql.jdbc.PgConnection@6df2af02
2024-06-24 21:36:47,049 INFO c.z.h.HikariDataSource [main] HikariPool-1 - Start completed.
2024-06-24 21:36:47,115 WARN o.h.e.j.d.i.DialectFactoryImpl [main] HHH90000025: PostgreSQLDialect does not need to be specified explicitly using 'hibernate.dialect' (remove the property setting and it will be selected by default)
2024-06-24 21:36:48,372 INFO o.h.e.t.j.p.i.JtaPlatformInitiator [main] HHH000489: No JTA platform available (set 'hibernate.transaction.jta.platform' to enable JTA platform integration)
2024-06-24 21:36:48,479 INFO o.s.o.j.AbstractEntityManagerFactoryBean [main] Initialized JPA EntityManagerFactory for persistence unit 'default'
2024-06-24 21:36:49,311 WARN o.s.b.a.o.j.JpaBaseConfiguration$JpaWebConfiguration [main] spring.jpa.open-in-view is enabled by default. Therefore, database queries may be performed during view rendering. Explicitly configure spring.jpa.open-in-view to disable this warning
2024-06-24 21:36:50,702 WARN o.s.b.a.s.s.UserDetailsServiceAutoConfiguration [main] 

Using generated security password: 45ba7ac6-a481-4b90-bf67-cada45bd0149

This generated password is for development use only. Your security configuration must be updated before running your application in production.

2024-06-24 21:36:51,085 INFO o.s.s.w.DefaultSecurityFilterChain [main] Will secure any request with [org.springframework.security.web.session.DisableEncodeUrlFilter@522221e1, org.springframework.security.web.context.request.async.WebAsyncManagerIntegrationFilter@14060410, org.springframework.security.web.context.SecurityContextHolderFilter@4822d7a1, org.springframework.security.web.header.HeaderWriterFilter@173602c0, org.springframework.web.filter.CorsFilter@58397dd, org.springframework.security.web.csrf.CsrfFilter@7fe40b9f, org.springframework.security.web.authentication.logout.LogoutFilter@402adc9c, org.springframework.security.web.authentication.UsernamePasswordAuthenticationFilter@43069adf, org.springframework.security.web.authentication.ui.DefaultLoginPageGeneratingFilter@29becf8b, org.springframework.security.web.authentication.ui.DefaultLogoutPageGeneratingFilter@620260ad, org.springframework.security.web.authentication.www.BasicAuthenticationFilter@2a0d8df8, org.springframework.security.web.savedrequest.RequestCacheAwareFilter@17e323fd, org.springframework.security.web.servletapi.SecurityContextHolderAwareRequestFilter@6df0d030, org.springframework.security.web.authentication.AnonymousAuthenticationFilter@216c6825, org.springframework.security.web.access.ExceptionTranslationFilter@cc3fc5c, org.springframework.security.web.access.intercept.AuthorizationFilter@569d6e0d]
2024-06-24 21:36:51,233 INFO o.a.j.l.DirectJDKLog [main] Starting ProtocolHandler ["http-nio-8080"]
2024-06-24 21:36:51,300 INFO o.s.b.w.e.t.TomcatWebServer [main] Tomcat started on port 8080 (http) with context path ''
2024-06-24 21:36:51,322 INFO o.s.b.StartupInfoLogger [main] Started Xx2Application in 9.622 seconds (process running for 10.104)
