2024-06-24 21:43:42,522 INFO o.a.j.l.DirectJDKLog [http-nio-8080-exec-1] Initializing Spring DispatcherServlet 'dispatcherServlet'
2024-06-24 21:43:42,525 INFO o.s.w.s.FrameworkServlet [http-nio-8080-exec-1] Initializing Servlet 'dispatcherServlet'
2024-06-24 21:43:42,527 INFO o.s.w.s.FrameworkServlet [http-nio-8080-exec-1] Completed initialization in 2 ms
2024-06-24 21:46:17,229 INFO o.s.o.j.AbstractEntityManagerFactoryBean [SpringApplicationShutdownHook] Closing JPA EntityManagerFactory for persistence unit 'default'
2024-06-24 21:46:17,233 INFO c.z.h.HikariDataSource [SpringApplicationShutdownHook] HikariPool-1 - Shutdown initiated...
2024-06-24 21:46:17,237 INFO c.z.h.HikariDataSource [SpringApplicationShutdownHook] HikariPool-1 - Shutdown completed.
2024-06-24 21:46:19,743 INFO o.s.b.StartupInfoLogger [main] Starting Xx2Application using Java 17.0.10 with PID 19768 (C:\Users\Asus\Downloads\BINAR\back_end_java\demo\xx2\target\classes started by Asus in C:\Users\Asus\Downloads\BINAR\back_end_java\demo\xx2)
2024-06-24 21:46:19,745 INFO o.s.b.SpringApplication [main] No active profile set, falling back to 1 default profile: "default"
2024-06-24 21:46:21,463 INFO o.s.d.r.c.RepositoryConfigurationDelegate [main] Bootstrapping Spring Data JPA repositories in DEFAULT mode.
2024-06-24 21:46:21,610 INFO o.s.d.r.c.RepositoryConfigurationDelegate [main] Finished Spring Data repository scanning in 129 ms. Found 5 JPA repository interfaces.
2024-06-24 21:46:23,240 INFO o.s.b.w.e.t.TomcatWebServer [main] Tomcat initialized with port 8080 (http)
2024-06-24 21:46:23,298 INFO o.a.j.l.DirectJDKLog [main] Initializing ProtocolHandler ["http-nio-8080"]
2024-06-24 21:46:23,309 INFO o.a.j.l.DirectJDKLog [main] Starting service [Tomcat]
2024-06-24 21:46:23,313 INFO o.a.j.l.DirectJDKLog [main] Starting Servlet engine: [Apache Tomcat/10.1.20]
2024-06-24 21:46:23,512 INFO o.a.j.l.DirectJDKLog [main] Initializing Spring embedded WebApplicationContext
2024-06-24 21:46:23,514 INFO o.s.b.w.s.c.ServletWebServerApplicationContext [main] Root WebApplicationContext: initialization completed in 3689 ms
2024-06-24 21:46:24,002 INFO o.h.j.i.u.LogHelper [main] HHH000204: Processing PersistenceUnitInfo [name: default]
2024-06-24 21:46:24,244 INFO o.h.Version [main] HHH000412: Hibernate ORM core version 6.4.4.Final
2024-06-24 21:46:24,424 INFO o.h.c.i.RegionFactoryInitiator [main] HHH000026: Second-level cache disabled
2024-06-24 21:46:25,052 INFO o.s.o.j.p.SpringPersistenceUnitInfo [main] No LoadTimeWeaver setup: ignoring JPA class transformer
2024-06-24 21:46:25,110 INFO c.z.h.HikariDataSource [main] HikariPool-1 - Starting...
2024-06-24 21:46:25,570 INFO c.z.h.p.HikariPool [main] HikariPool-1 - Added connection org.postgresql.jdbc.PgConnection@779228dc
2024-06-24 21:46:25,572 INFO c.z.h.HikariDataSource [main] HikariPool-1 - Start completed.
2024-06-24 21:46:25,675 WARN o.h.e.j.d.i.DialectFactoryImpl [main] HHH90000025: PostgreSQLDialect does not need to be specified explicitly using 'hibernate.dialect' (remove the property setting and it will be selected by default)
2024-06-24 21:46:27,221 INFO o.h.e.t.j.p.i.JtaPlatformInitiator [main] HHH000489: No JTA platform available (set 'hibernate.transaction.jta.platform' to enable JTA platform integration)
2024-06-24 21:46:27,354 INFO o.s.o.j.AbstractEntityManagerFactoryBean [main] Initialized JPA EntityManagerFactory for persistence unit 'default'
2024-06-24 21:46:28,176 WARN o.s.b.a.o.j.JpaBaseConfiguration$JpaWebConfiguration [main] spring.jpa.open-in-view is enabled by default. Therefore, database queries may be performed during view rendering. Explicitly configure spring.jpa.open-in-view to disable this warning
2024-06-24 21:46:29,245 WARN o.s.b.a.s.s.UserDetailsServiceAutoConfiguration [main] 

Using generated security password: 3079586a-8575-403e-b97d-ebee240a41d6

This generated password is for development use only. Your security configuration must be updated before running your application in production.

2024-06-24 21:46:29,556 INFO o.s.s.w.DefaultSecurityFilterChain [main] Will secure any request with [org.springframework.security.web.session.DisableEncodeUrlFilter@14060410, org.springframework.security.web.context.request.async.WebAsyncManagerIntegrationFilter@58397dd, org.springframework.security.web.context.SecurityContextHolderFilter@6fa5fc67, org.springframework.security.web.header.HeaderWriterFilter@fdeec12, org.springframework.web.filter.CorsFilter@620260ad, org.springframework.security.web.csrf.CsrfFilter@1f41f259, org.springframework.security.web.authentication.logout.LogoutFilter@70313b0b, org.springframework.security.web.authentication.UsernamePasswordAuthenticationFilter@18edbed9, org.springframework.security.web.authentication.ui.DefaultLoginPageGeneratingFilter@628b1538, org.springframework.security.web.authentication.ui.DefaultLogoutPageGeneratingFilter@216c6825, org.springframework.security.web.authentication.www.BasicAuthenticationFilter@63be4548, org.springframework.security.web.savedrequest.RequestCacheAwareFilter@6df0d030, org.springframework.security.web.servletapi.SecurityContextHolderAwareRequestFilter@33319df0, org.springframework.security.web.authentication.AnonymousAuthenticationFilter@56ece9c, org.springframework.security.web.access.ExceptionTranslationFilter@2aac60b, org.springframework.security.web.access.intercept.AuthorizationFilter@43069adf]
2024-06-24 21:46:29,683 INFO o.a.j.l.DirectJDKLog [main] Starting ProtocolHandler ["http-nio-8080"]
2024-06-24 21:46:29,774 INFO o.s.b.w.e.t.TomcatWebServer [main] Tomcat started on port 8080 (http) with context path ''
2024-06-24 21:46:29,800 INFO o.s.b.StartupInfoLogger [main] Started Xx2Application in 10.921 seconds (process running for 11.546)
2024-06-24 21:46:40,982 INFO o.s.o.j.AbstractEntityManagerFactoryBean [SpringApplicationShutdownHook] Closing JPA EntityManagerFactory for persistence unit 'default'
2024-06-24 21:46:40,992 INFO c.z.h.HikariDataSource [SpringApplicationShutdownHook] HikariPool-1 - Shutdown initiated...
2024-06-24 21:46:41,006 INFO c.z.h.HikariDataSource [SpringApplicationShutdownHook] HikariPool-1 - Shutdown completed.
