2024-06-24 21:28:36,256 INFO o.s.b.StartupInfoLogger [main] Starting Xx2Application using Java 17.0.10 with PID 18736 (C:\Users\Asus\Downloads\BINAR\back_end_java\demo\xx2\target\classes started by Asus in C:\Users\Asus\Downloads\BINAR\back_end_java\demo\xx2)
2024-06-24 21:28:36,261 INFO o.s.b.SpringApplication [main] No active profile set, falling back to 1 default profile: "default"
2024-06-24 21:28:37,288 INFO o.s.d.r.c.RepositoryConfigurationDelegate [main] Bootstrapping Spring Data JPA repositories in DEFAULT mode.
2024-06-24 21:28:37,393 INFO o.s.d.r.c.RepositoryConfigurationDelegate [main] Finished Spring Data repository scanning in 92 ms. Found 5 JPA repository interfaces.
2024-06-24 21:28:38,410 INFO o.s.b.w.e.t.TomcatWebServer [main] Tomcat initialized with port 8080 (http)
2024-06-24 21:28:38,427 INFO o.a.j.l.DirectJDKLog [main] Initializing ProtocolHandler ["http-nio-8080"]
2024-06-24 21:28:38,436 INFO o.a.j.l.DirectJDKLog [main] Starting service [Tomcat]
2024-06-24 21:28:38,437 INFO o.a.j.l.DirectJDKLog [main] Starting Servlet engine: [Apache Tomcat/10.1.20]
2024-06-24 21:28:38,568 INFO o.a.j.l.DirectJDKLog [main] Initializing Spring embedded WebApplicationContext
2024-06-24 21:28:38,572 INFO o.s.b.w.s.c.ServletWebServerApplicationContext [main] Root WebApplicationContext: initialization completed in 2238 ms
2024-06-24 21:28:39,010 INFO o.h.j.i.u.LogHelper [main] HHH000204: Processing PersistenceUnitInfo [name: default]
2024-06-24 21:28:39,270 INFO o.h.Version [main] HHH000412: Hibernate ORM core version 6.4.4.Final
2024-06-24 21:28:39,378 INFO o.h.c.i.RegionFactoryInitiator [main] HHH000026: Second-level cache disabled
2024-06-24 21:28:39,720 INFO o.s.o.j.p.SpringPersistenceUnitInfo [main] No LoadTimeWeaver setup: ignoring JPA class transformer
2024-06-24 21:28:39,750 INFO c.z.h.HikariDataSource [main] HikariPool-1 - Starting...
2024-06-24 21:28:40,068 INFO c.z.h.p.HikariPool [main] HikariPool-1 - Added connection org.postgresql.jdbc.PgConnection@6b8bdcc6
2024-06-24 21:28:40,072 INFO c.z.h.HikariDataSource [main] HikariPool-1 - Start completed.
2024-06-24 21:28:40,133 WARN o.h.e.j.d.i.DialectFactoryImpl [main] HHH90000025: PostgreSQLDialect does not need to be specified explicitly using 'hibernate.dialect' (remove the property setting and it will be selected by default)
2024-06-24 21:28:41,212 INFO o.h.e.t.j.p.i.JtaPlatformInitiator [main] HHH000489: No JTA platform available (set 'hibernate.transaction.jta.platform' to enable JTA platform integration)
2024-06-24 21:28:41,366 INFO o.s.o.j.AbstractEntityManagerFactoryBean [main] Initialized JPA EntityManagerFactory for persistence unit 'default'
2024-06-24 21:28:41,939 WARN o.s.b.a.o.j.JpaBaseConfiguration$JpaWebConfiguration [main] spring.jpa.open-in-view is enabled by default. Therefore, database queries may be performed during view rendering. Explicitly configure spring.jpa.open-in-view to disable this warning
2024-06-24 21:28:42,896 WARN o.s.b.a.s.s.UserDetailsServiceAutoConfiguration [main] 

Using generated security password: 98290be4-a313-4a46-848f-fd794a322728

This generated password is for development use only. Your security configuration must be updated before running your application in production.

2024-06-24 21:28:43,238 INFO o.s.s.w.DefaultSecurityFilterChain [main] Will secure any request with [org.springframework.security.web.session.DisableEncodeUrlFilter@157a2c86, org.springframework.security.web.context.request.async.WebAsyncManagerIntegrationFilter@5b9c74a, org.springframework.security.web.context.SecurityContextHolderFilter@665c79a2, org.springframework.security.web.header.HeaderWriterFilter@54c1878b, org.springframework.web.filter.CorsFilter@5b395ee, org.springframework.security.web.csrf.CsrfFilter@74fd5fb0, org.springframework.security.web.authentication.logout.LogoutFilter@7d816d32, org.springframework.security.web.authentication.UsernamePasswordAuthenticationFilter@6fe55fcf, org.springframework.security.web.authentication.ui.DefaultLoginPageGeneratingFilter@6a2b6031, org.springframework.security.web.authentication.ui.DefaultLogoutPageGeneratingFilter@24facb47, org.springframework.security.web.authentication.www.BasicAuthenticationFilter@1f41f259, org.springframework.security.web.savedrequest.RequestCacheAwareFilter@2e895acb, org.springframework.security.web.servletapi.SecurityContextHolderAwareRequestFilter@5d1d05ff, org.springframework.security.web.authentication.AnonymousAuthenticationFilter@6020cd42, org.springframework.security.web.access.ExceptionTranslationFilter@5a983f8a, org.springframework.security.web.access.intercept.AuthorizationFilter@7a4199e5]
2024-06-24 21:28:43,353 INFO o.a.j.l.DirectJDKLog [main] Starting ProtocolHandler ["http-nio-8080"]
2024-06-24 21:28:43,413 INFO o.s.b.w.e.t.TomcatWebServer [main] Tomcat started on port 8080 (http) with context path ''
2024-06-24 21:28:43,433 INFO o.s.b.StartupInfoLogger [main] Started Xx2Application in 7.744 seconds (process running for 8.114)
2024-06-24 21:29:33,082 INFO o.s.o.j.AbstractEntityManagerFactoryBean [SpringApplicationShutdownHook] Closing JPA EntityManagerFactory for persistence unit 'default'
2024-06-24 21:29:33,086 INFO c.z.h.HikariDataSource [SpringApplicationShutdownHook] HikariPool-1 - Shutdown initiated...
2024-06-24 21:29:33,092 INFO c.z.h.HikariDataSource [SpringApplicationShutdownHook] HikariPool-1 - Shutdown completed.
