2024-06-24 21:36:16,225 INFO o.s.b.StartupInfoLogger [main] Starting Xx2Application using Java 17.0.10 with PID 8820 (C:\Users\Asus\Downloads\BINAR\back_end_java\demo\xx2\target\classes started by Asus in C:\Users\Asus\Downloads\BINAR\back_end_java\demo\xx2)
2024-06-24 21:36:16,229 INFO o.s.b.SpringApplication [main] No active profile set, falling back to 1 default profile: "default"
2024-06-24 21:36:17,458 INFO o.s.d.r.c.RepositoryConfigurationDelegate [main] Bootstrapping Spring Data JPA repositories in DEFAULT mode.
2024-06-24 21:36:17,560 INFO o.s.d.r.c.RepositoryConfigurationDelegate [main] Finished Spring Data repository scanning in 87 ms. Found 5 JPA repository interfaces.
2024-06-24 21:36:18,605 INFO o.s.b.w.e.t.TomcatWebServer [main] Tomcat initialized with port 8080 (http)
2024-06-24 21:36:18,624 INFO o.a.j.l.DirectJDKLog [main] Initializing ProtocolHandler ["http-nio-8080"]
2024-06-24 21:36:18,629 INFO o.a.j.l.DirectJDKLog [main] Starting service [Tomcat]
2024-06-24 21:36:18,630 INFO o.a.j.l.DirectJDKLog [main] Starting Servlet engine: [Apache Tomcat/10.1.20]
2024-06-24 21:36:18,758 INFO o.a.j.l.DirectJDKLog [main] Initializing Spring embedded WebApplicationContext
2024-06-24 21:36:18,762 INFO o.s.b.w.s.c.ServletWebServerApplicationContext [main] Root WebApplicationContext: initialization completed in 2452 ms
2024-06-24 21:36:19,184 INFO o.h.j.i.u.LogHelper [main] HHH000204: Processing PersistenceUnitInfo [name: default]
2024-06-24 21:36:19,374 INFO o.h.Version [main] HHH000412: Hibernate ORM core version 6.4.4.Final
2024-06-24 21:36:19,496 INFO o.h.c.i.RegionFactoryInitiator [main] HHH000026: Second-level cache disabled
2024-06-24 21:36:19,826 INFO o.s.o.j.p.SpringPersistenceUnitInfo [main] No LoadTimeWeaver setup: ignoring JPA class transformer
2024-06-24 21:36:19,867 INFO c.z.h.HikariDataSource [main] HikariPool-1 - Starting...
2024-06-24 21:36:20,223 INFO c.z.h.p.HikariPool [main] HikariPool-1 - Added connection org.postgresql.jdbc.PgConnection@1f7336b2
2024-06-24 21:36:20,226 INFO c.z.h.HikariDataSource [main] HikariPool-1 - Start completed.
2024-06-24 21:36:20,295 WARN o.h.e.j.d.i.DialectFactoryImpl [main] HHH90000025: PostgreSQLDialect does not need to be specified explicitly using 'hibernate.dialect' (remove the property setting and it will be selected by default)
2024-06-24 21:36:21,459 INFO o.h.e.t.j.p.i.JtaPlatformInitiator [main] HHH000489: No JTA platform available (set 'hibernate.transaction.jta.platform' to enable JTA platform integration)
2024-06-24 21:36:21,569 INFO o.s.o.j.AbstractEntityManagerFactoryBean [main] Initialized JPA EntityManagerFactory for persistence unit 'default'
2024-06-24 21:36:22,372 WARN o.s.b.a.o.j.JpaBaseConfiguration$JpaWebConfiguration [main] spring.jpa.open-in-view is enabled by default. Therefore, database queries may be performed during view rendering. Explicitly configure spring.jpa.open-in-view to disable this warning
2024-06-24 21:36:23,510 WARN o.s.b.a.s.s.UserDetailsServiceAutoConfiguration [main] 

Using generated security password: cae6271d-60ab-4e17-b2cd-bcc744abe634

This generated password is for development use only. Your security configuration must be updated before running your application in production.

2024-06-24 21:36:23,944 INFO o.s.s.w.DefaultSecurityFilterChain [main] Will secure any request with [org.springframework.security.web.session.DisableEncodeUrlFilter@58397dd, org.springframework.security.web.context.request.async.WebAsyncManagerIntegrationFilter@620260ad, org.springframework.security.web.context.SecurityContextHolderFilter@17e323fd, org.springframework.security.web.header.HeaderWriterFilter@1cecd0a9, org.springframework.web.filter.CorsFilter@216c6825, org.springframework.security.web.csrf.CsrfFilter@648c80cb, org.springframework.security.web.authentication.logout.LogoutFilter@5da16ed6, org.springframework.security.web.authentication.UsernamePasswordAuthenticationFilter@4823f4d0, org.springframework.security.web.authentication.ui.DefaultLoginPageGeneratingFilter@36995784, org.springframework.security.web.authentication.ui.DefaultLogoutPageGeneratingFilter@56ece9c, org.springframework.security.web.authentication.www.BasicAuthenticationFilter@232899d1, org.springframework.security.web.savedrequest.RequestCacheAwareFilter@33319df0, org.springframework.security.web.servletapi.SecurityContextHolderAwareRequestFilter@73b71935, org.springframework.security.web.authentication.AnonymousAuthenticationFilter@1c4a8c93, org.springframework.security.web.access.ExceptionTranslationFilter@173602c0, org.springframework.security.web.access.intercept.AuthorizationFilter@18edbed9]
2024-06-24 21:36:24,082 INFO o.a.j.l.DirectJDKLog [main] Starting ProtocolHandler ["http-nio-8080"]
2024-06-24 21:36:24,145 INFO o.s.b.w.e.t.TomcatWebServer [main] Tomcat started on port 8080 (http) with context path ''
2024-06-24 21:36:24,178 INFO o.s.b.StartupInfoLogger [main] Started Xx2Application in 8.533 seconds (process running for 8.958)
2024-06-24 21:36:39,566 INFO o.s.o.j.AbstractEntityManagerFactoryBean [SpringApplicationShutdownHook] Closing JPA EntityManagerFactory for persistence unit 'default'
2024-06-24 21:36:39,576 INFO c.z.h.HikariDataSource [SpringApplicationShutdownHook] HikariPool-1 - Shutdown initiated...
2024-06-24 21:36:39,582 INFO c.z.h.HikariDataSource [SpringApplicationShutdownHook] HikariPool-1 - Shutdown completed.
