2024-06-24 21:39:34,281 INFO o.s.b.StartupInfoLogger [main] Starting Xx2Application using Java 17.0.10 with PID 24472 (C:\Users\Asus\Downloads\BINAR\back_end_java\demo\xx2\target\classes started by Asus in C:\Users\Asus\Downloads\BINAR\back_end_java\demo\xx2)
2024-06-24 21:39:34,284 INFO o.s.b.SpringApplication [main] No active profile set, falling back to 1 default profile: "default"
2024-06-24 21:39:35,537 INFO o.s.d.r.c.RepositoryConfigurationDelegate [main] Bootstrapping Spring Data JPA repositories in DEFAULT mode.
2024-06-24 21:39:35,672 INFO o.s.d.r.c.RepositoryConfigurationDelegate [main] Finished Spring Data repository scanning in 114 ms. Found 5 JPA repository interfaces.
2024-06-24 21:39:37,262 INFO o.s.b.w.e.t.TomcatWebServer [main] Tomcat initialized with port 8080 (http)
2024-06-24 21:39:37,295 INFO o.a.j.l.DirectJDKLog [main] Initializing ProtocolHandler ["http-nio-8080"]
2024-06-24 21:39:37,301 INFO o.a.j.l.DirectJDKLog [main] Starting service [Tomcat]
2024-06-24 21:39:37,302 INFO o.a.j.l.DirectJDKLog [main] Starting Servlet engine: [Apache Tomcat/10.1.20]
2024-06-24 21:39:37,501 INFO o.a.j.l.DirectJDKLog [main] Initializing Spring embedded WebApplicationContext
2024-06-24 21:39:37,503 INFO o.s.b.w.s.c.ServletWebServerApplicationContext [main] Root WebApplicationContext: initialization completed in 3159 ms
2024-06-24 21:39:38,036 INFO o.h.j.i.u.LogHelper [main] HHH000204: Processing PersistenceUnitInfo [name: default]
2024-06-24 21:39:38,328 INFO o.h.Version [main] HHH000412: Hibernate ORM core version 6.4.4.Final
2024-06-24 21:39:38,460 INFO o.h.c.i.RegionFactoryInitiator [main] HHH000026: Second-level cache disabled
2024-06-24 21:39:38,831 INFO o.s.o.j.p.SpringPersistenceUnitInfo [main] No LoadTimeWeaver setup: ignoring JPA class transformer
2024-06-24 21:39:38,862 INFO c.z.h.HikariDataSource [main] HikariPool-1 - Starting...
2024-06-24 21:39:39,215 INFO c.z.h.p.HikariPool [main] HikariPool-1 - Added connection org.postgresql.jdbc.PgConnection@606b53a3
2024-06-24 21:39:39,218 INFO c.z.h.HikariDataSource [main] HikariPool-1 - Start completed.
2024-06-24 21:39:39,284 WARN o.h.e.j.d.i.DialectFactoryImpl [main] HHH90000025: PostgreSQLDialect does not need to be specified explicitly using 'hibernate.dialect' (remove the property setting and it will be selected by default)
2024-06-24 21:39:40,505 INFO o.h.e.t.j.p.i.JtaPlatformInitiator [main] HHH000489: No JTA platform available (set 'hibernate.transaction.jta.platform' to enable JTA platform integration)
2024-06-24 21:39:40,603 INFO o.s.o.j.AbstractEntityManagerFactoryBean [main] Initialized JPA EntityManagerFactory for persistence unit 'default'
2024-06-24 21:39:41,376 WARN o.s.b.a.o.j.JpaBaseConfiguration$JpaWebConfiguration [main] spring.jpa.open-in-view is enabled by default. Therefore, database queries may be performed during view rendering. Explicitly configure spring.jpa.open-in-view to disable this warning
2024-06-24 21:39:42,680 WARN o.s.b.a.s.s.UserDetailsServiceAutoConfiguration [main] 

Using generated security password: 18a98b60-ec88-4f91-b24a-e77688d0dae4

This generated password is for development use only. Your security configuration must be updated before running your application in production.

2024-06-24 21:39:43,018 INFO o.s.s.w.DefaultSecurityFilterChain [main] Will secure any request with [org.springframework.security.web.session.DisableEncodeUrlFilter@6a2b6031, org.springframework.security.web.context.request.async.WebAsyncManagerIntegrationFilter@2e4262d2, org.springframework.security.web.context.SecurityContextHolderFilter@2cbd855e, org.springframework.security.web.header.HeaderWriterFilter@52e5ad71, org.springframework.web.filter.CorsFilter@546ca9da, org.springframework.security.web.csrf.CsrfFilter@5edd2170, org.springframework.security.web.authentication.logout.LogoutFilter@4f96e484, org.springframework.security.web.authentication.UsernamePasswordAuthenticationFilter@5a983f8a, org.springframework.security.web.authentication.ui.DefaultLoginPageGeneratingFilter@18a538a0, org.springframework.security.web.authentication.ui.DefaultLogoutPageGeneratingFilter@257e8c43, org.springframework.security.web.authentication.www.BasicAuthenticationFilter@2c3d1214, org.springframework.security.web.savedrequest.RequestCacheAwareFilter@69b436a7, org.springframework.security.web.servletapi.SecurityContextHolderAwareRequestFilter@5dfd4fac, org.springframework.security.web.authentication.AnonymousAuthenticationFilter@14e54a35, org.springframework.security.web.access.ExceptionTranslationFilter@3599b7e8, org.springframework.security.web.access.intercept.AuthorizationFilter@285b63eb]
2024-06-24 21:39:43,171 INFO o.a.j.l.DirectJDKLog [main] Starting ProtocolHandler ["http-nio-8080"]
2024-06-24 21:39:43,250 INFO o.s.b.w.e.t.TomcatWebServer [main] Tomcat started on port 8080 (http) with context path ''
2024-06-24 21:39:43,281 INFO o.s.b.StartupInfoLogger [main] Started Xx2Application in 9.605 seconds (process running for 9.966)
