2024-06-24 21:38:59,717 INFO o.s.o.j.AbstractEntityManagerFactoryBean [SpringApplicationShutdownHook] Closing JPA EntityManagerFactory for persistence unit 'default'
2024-06-24 21:38:59,730 INFO c.z.h.HikariDataSource [SpringApplicationShutdownHook] HikariPool-1 - Shutdown initiated...
2024-06-24 21:38:59,741 INFO c.z.h.HikariDataSource [SpringApplicationShutdownHook] HikariPool-1 - Shutdown completed.
2024-06-24 21:39:01,701 INFO o.s.b.StartupInfoLogger [main] Starting Xx2Application using Java 17.0.10 with PID 29524 (C:\Users\Asus\Downloads\BINAR\back_end_java\demo\xx2\target\classes started by Asus in C:\Users\Asus\Downloads\BINAR\back_end_java\demo\xx2)
2024-06-24 21:39:01,704 INFO o.s.b.SpringApplication [main] No active profile set, falling back to 1 default profile: "default"
2024-06-24 21:39:02,903 INFO o.s.d.r.c.RepositoryConfigurationDelegate [main] Bootstrapping Spring Data JPA repositories in DEFAULT mode.
2024-06-24 21:39:03,006 INFO o.s.d.r.c.RepositoryConfigurationDelegate [main] Finished Spring Data repository scanning in 80 ms. Found 5 JPA repository interfaces.
2024-06-24 21:39:03,977 INFO o.s.b.w.e.t.TomcatWebServer [main] Tomcat initialized with port 8080 (http)
2024-06-24 21:39:03,996 INFO o.a.j.l.DirectJDKLog [main] Initializing ProtocolHandler ["http-nio-8080"]
2024-06-24 21:39:03,999 INFO o.a.j.l.DirectJDKLog [main] Starting service [Tomcat]
2024-06-24 21:39:04,000 INFO o.a.j.l.DirectJDKLog [main] Starting Servlet engine: [Apache Tomcat/10.1.20]
2024-06-24 21:39:04,106 INFO o.a.j.l.DirectJDKLog [main] Initializing Spring embedded WebApplicationContext
2024-06-24 21:39:04,107 INFO o.s.b.w.s.c.ServletWebServerApplicationContext [main] Root WebApplicationContext: initialization completed in 2339 ms
2024-06-24 21:39:04,497 INFO o.h.j.i.u.LogHelper [main] HHH000204: Processing PersistenceUnitInfo [name: default]
2024-06-24 21:39:04,699 INFO o.h.Version [main] HHH000412: Hibernate ORM core version 6.4.4.Final
2024-06-24 21:39:04,822 INFO o.h.c.i.RegionFactoryInitiator [main] HHH000026: Second-level cache disabled
2024-06-24 21:39:05,165 INFO o.s.o.j.p.SpringPersistenceUnitInfo [main] No LoadTimeWeaver setup: ignoring JPA class transformer
2024-06-24 21:39:05,202 INFO c.z.h.HikariDataSource [main] HikariPool-1 - Starting...
2024-06-24 21:39:05,579 INFO c.z.h.p.HikariPool [main] HikariPool-1 - Added connection org.postgresql.jdbc.PgConnection@166e5a6d
2024-06-24 21:39:05,583 INFO c.z.h.HikariDataSource [main] HikariPool-1 - Start completed.
2024-06-24 21:39:05,645 WARN o.h.e.j.d.i.DialectFactoryImpl [main] HHH90000025: PostgreSQLDialect does not need to be specified explicitly using 'hibernate.dialect' (remove the property setting and it will be selected by default)
2024-06-24 21:39:07,051 INFO o.h.e.t.j.p.i.JtaPlatformInitiator [main] HHH000489: No JTA platform available (set 'hibernate.transaction.jta.platform' to enable JTA platform integration)
2024-06-24 21:39:07,199 INFO o.s.o.j.AbstractEntityManagerFactoryBean [main] Initialized JPA EntityManagerFactory for persistence unit 'default'
2024-06-24 21:39:08,072 WARN o.s.b.a.o.j.JpaBaseConfiguration$JpaWebConfiguration [main] spring.jpa.open-in-view is enabled by default. Therefore, database queries may be performed during view rendering. Explicitly configure spring.jpa.open-in-view to disable this warning
2024-06-24 21:39:09,091 WARN o.s.b.a.s.s.UserDetailsServiceAutoConfiguration [main] 

Using generated security password: 20c11cb5-d11b-48ab-86cd-ed862556af3f

This generated password is for development use only. Your security configuration must be updated before running your application in production.

2024-06-24 21:39:09,575 INFO o.s.s.w.DefaultSecurityFilterChain [main] Will secure any request with [org.springframework.security.web.session.DisableEncodeUrlFilter@2c3d1214, org.springframework.security.web.context.request.async.WebAsyncManagerIntegrationFilter@48064a5a, org.springframework.security.web.context.SecurityContextHolderFilter@52e5ad71, org.springframework.security.web.header.HeaderWriterFilter@2bc21edd, org.springframework.web.filter.CorsFilter@7d018c58, org.springframework.security.web.csrf.CsrfFilter@eea69a9, org.springframework.security.web.authentication.logout.LogoutFilter@2f1b8770, org.springframework.security.web.authentication.UsernamePasswordAuthenticationFilter@389fad5b, org.springframework.security.web.authentication.ui.DefaultLoginPageGeneratingFilter@2f08e6d3, org.springframework.security.web.authentication.ui.DefaultLogoutPageGeneratingFilter@6a2b6031, org.springframework.security.web.authentication.www.BasicAuthenticationFilter@2e895acb, org.springframework.security.web.savedrequest.RequestCacheAwareFilter@1134a934, org.springframework.security.web.servletapi.SecurityContextHolderAwareRequestFilter@2cbd855e, org.springframework.security.web.authentication.AnonymousAuthenticationFilter@2e4262d2, org.springframework.security.web.access.ExceptionTranslationFilter@56897de0, org.springframework.security.web.access.intercept.AuthorizationFilter@59f56892]
2024-06-24 21:39:09,704 INFO o.a.j.l.DirectJDKLog [main] Starting ProtocolHandler ["http-nio-8080"]
2024-06-24 21:39:09,763 INFO o.s.b.w.e.t.TomcatWebServer [main] Tomcat started on port 8080 (http) with context path ''
2024-06-24 21:39:09,796 INFO o.s.b.StartupInfoLogger [main] Started Xx2Application in 8.657 seconds (process running for 9.125)
2024-06-24 21:39:25,864 INFO o.s.o.j.AbstractEntityManagerFactoryBean [SpringApplicationShutdownHook] Closing JPA EntityManagerFactory for persistence unit 'default'
2024-06-24 21:39:25,871 INFO c.z.h.HikariDataSource [SpringApplicationShutdownHook] HikariPool-1 - Shutdown initiated...
2024-06-24 21:39:25,882 INFO c.z.h.HikariDataSource [SpringApplicationShutdownHook] HikariPool-1 - Shutdown completed.
