2024-06-24 21:35:16,917 INFO o.s.o.j.AbstractEntityManagerFactoryBean [SpringApplicationShutdownHook] Closing JPA EntityManagerFactory for persistence unit 'default'
2024-06-24 21:35:16,924 INFO c.z.h.HikariDataSource [SpringApplicationShutdownHook] HikariPool-1 - Shutdown initiated...
2024-06-24 21:35:16,932 INFO c.z.h.HikariDataSource [SpringApplicationShutdownHook] HikariPool-1 - Shutdown completed.
2024-06-24 21:35:19,402 INFO o.s.b.StartupInfoLogger [main] Starting Xx2Application using Java 17.0.10 with PID 12608 (C:\Users\Asus\Downloads\BINAR\back_end_java\demo\xx2\target\classes started by Asus in C:\Users\Asus\Downloads\BINAR\back_end_java\demo\xx2)
2024-06-24 21:35:19,408 INFO o.s.b.SpringApplication [main] No active profile set, falling back to 1 default profile: "default"
2024-06-24 21:35:20,892 INFO o.s.d.r.c.RepositoryConfigurationDelegate [main] Bootstrapping Spring Data JPA repositories in DEFAULT mode.
2024-06-24 21:35:21,063 INFO o.s.d.r.c.RepositoryConfigurationDelegate [main] Finished Spring Data repository scanning in 146 ms. Found 5 JPA repository interfaces.
2024-06-24 21:35:22,290 INFO o.s.b.w.e.t.TomcatWebServer [main] Tomcat initialized with port 8080 (http)
2024-06-24 21:35:22,313 INFO o.a.j.l.DirectJDKLog [main] Initializing ProtocolHandler ["http-nio-8080"]
2024-06-24 21:35:22,318 INFO o.a.j.l.DirectJDKLog [main] Starting service [Tomcat]
2024-06-24 21:35:22,320 INFO o.a.j.l.DirectJDKLog [main] Starting Servlet engine: [Apache Tomcat/10.1.20]
2024-06-24 21:35:22,476 INFO o.a.j.l.DirectJDKLog [main] Initializing Spring embedded WebApplicationContext
2024-06-24 21:35:22,479 INFO o.s.b.w.s.c.ServletWebServerApplicationContext [main] Root WebApplicationContext: initialization completed in 2998 ms
2024-06-24 21:35:22,849 INFO o.h.j.i.u.LogHelper [main] HHH000204: Processing PersistenceUnitInfo [name: default]
2024-06-24 21:35:22,993 INFO o.h.Version [main] HHH000412: Hibernate ORM core version 6.4.4.Final
2024-06-24 21:35:23,112 INFO o.h.c.i.RegionFactoryInitiator [main] HHH000026: Second-level cache disabled
2024-06-24 21:35:23,635 INFO o.s.o.j.p.SpringPersistenceUnitInfo [main] No LoadTimeWeaver setup: ignoring JPA class transformer
2024-06-24 21:35:23,675 INFO c.z.h.HikariDataSource [main] HikariPool-1 - Starting...
2024-06-24 21:35:24,009 INFO c.z.h.p.HikariPool [main] HikariPool-1 - Added connection org.postgresql.jdbc.PgConnection@6501b105
2024-06-24 21:35:24,011 INFO c.z.h.HikariDataSource [main] HikariPool-1 - Start completed.
2024-06-24 21:35:24,076 WARN o.h.e.j.d.i.DialectFactoryImpl [main] HHH90000025: PostgreSQLDialect does not need to be specified explicitly using 'hibernate.dialect' (remove the property setting and it will be selected by default)
2024-06-24 21:35:25,339 INFO o.h.e.t.j.p.i.JtaPlatformInitiator [main] HHH000489: No JTA platform available (set 'hibernate.transaction.jta.platform' to enable JTA platform integration)
2024-06-24 21:35:25,459 INFO o.s.o.j.AbstractEntityManagerFactoryBean [main] Initialized JPA EntityManagerFactory for persistence unit 'default'
2024-06-24 21:35:26,164 WARN o.s.b.a.o.j.JpaBaseConfiguration$JpaWebConfiguration [main] spring.jpa.open-in-view is enabled by default. Therefore, database queries may be performed during view rendering. Explicitly configure spring.jpa.open-in-view to disable this warning
2024-06-24 21:35:27,299 WARN o.s.b.a.s.s.UserDetailsServiceAutoConfiguration [main] 

Using generated security password: ce5cbc24-95fe-454a-864b-a025245bda74

This generated password is for development use only. Your security configuration must be updated before running your application in production.

2024-06-24 21:35:27,710 INFO o.s.s.w.DefaultSecurityFilterChain [main] Will secure any request with [org.springframework.security.web.session.DisableEncodeUrlFilter@63be4548, org.springframework.security.web.context.request.async.WebAsyncManagerIntegrationFilter@232899d1, org.springframework.security.web.context.SecurityContextHolderFilter@fdeec12, org.springframework.security.web.header.HeaderWriterFilter@cc3fc5c, org.springframework.web.filter.CorsFilter@522221e1, org.springframework.security.web.csrf.CsrfFilter@64faf3d, org.springframework.security.web.authentication.logout.LogoutFilter@4dcc0e3d, org.springframework.security.web.authentication.UsernamePasswordAuthenticationFilter@76e4df53, org.springframework.security.web.authentication.ui.DefaultLoginPageGeneratingFilter@7d453075, org.springframework.security.web.authentication.ui.DefaultLogoutPageGeneratingFilter@14060410, org.springframework.security.web.authentication.www.BasicAuthenticationFilter@6ae55678, org.springframework.security.web.savedrequest.RequestCacheAwareFilter@4822d7a1, org.springframework.security.web.servletapi.SecurityContextHolderAwareRequestFilter@6fa5fc67, org.springframework.security.web.authentication.AnonymousAuthenticationFilter@58397dd, org.springframework.security.web.access.ExceptionTranslationFilter@2b27d5d3, org.springframework.security.web.access.intercept.AuthorizationFilter@6557dcea]
2024-06-24 21:35:27,853 INFO o.a.j.l.DirectJDKLog [main] Starting ProtocolHandler ["http-nio-8080"]
2024-06-24 21:35:27,922 INFO o.s.b.w.e.t.TomcatWebServer [main] Tomcat started on port 8080 (http) with context path ''
2024-06-24 21:35:27,956 INFO o.s.b.StartupInfoLogger [main] Started Xx2Application in 9.184 seconds (process running for 9.774)
2024-06-24 21:36:10,114 INFO o.s.o.j.AbstractEntityManagerFactoryBean [SpringApplicationShutdownHook] Closing JPA EntityManagerFactory for persistence unit 'default'
2024-06-24 21:36:10,117 INFO c.z.h.HikariDataSource [SpringApplicationShutdownHook] HikariPool-1 - Shutdown initiated...
2024-06-24 21:36:10,123 INFO c.z.h.HikariDataSource [SpringApplicationShutdownHook] HikariPool-1 - Shutdown completed.
