2024-06-24 21:47:06,083 INFO o.s.b.StartupInfoLogger [main] Starting Xx2ApplicationTests using Java 17.0.10 with PID 23656 (started by Asus in C:\Users\Asus\Downloads\BINAR\back_end_java\demo\xx2)
2024-06-24 21:47:06,088 INFO o.s.b.SpringApplication [main] No active profile set, falling back to 1 default profile: "default"
2024-06-24 21:47:07,547 INFO o.s.d.r.c.RepositoryConfigurationDelegate [main] Bootstrapping Spring Data JPA repositories in DEFAULT mode.
2024-06-24 21:47:07,652 INFO o.s.d.r.c.RepositoryConfigurationDelegate [main] Finished Spring Data repository scanning in 91 ms. Found 5 JPA repository interfaces.
2024-06-24 21:47:08,864 INFO o.h.j.i.u.LogHelper [main] HHH000204: Processing PersistenceUnitInfo [name: default]
2024-06-24 21:47:09,063 INFO o.h.Version [main] HHH000412: Hibernate ORM core version 6.4.4.Final
2024-06-24 21:47:09,164 INFO o.h.c.i.RegionFactoryInitiator [main] HHH000026: Second-level cache disabled
2024-06-24 21:47:09,741 INFO o.s.o.j.p.SpringPersistenceUnitInfo [main] No LoadTimeWeaver setup: ignoring JPA class transformer
2024-06-24 21:47:09,827 INFO c.z.h.HikariDataSource [main] HikariPool-1 - Starting...
2024-06-24 21:47:10,255 INFO c.z.h.p.HikariPool [main] HikariPool-1 - Added connection org.postgresql.jdbc.PgConnection@433d93e7
2024-06-24 21:47:10,261 INFO c.z.h.HikariDataSource [main] HikariPool-1 - Start completed.
2024-06-24 21:47:10,315 WARN o.h.e.j.d.i.DialectFactoryImpl [main] HHH90000025: PostgreSQLDialect does not need to be specified explicitly using 'hibernate.dialect' (remove the property setting and it will be selected by default)
2024-06-24 21:47:11,962 INFO o.h.e.t.j.p.i.JtaPlatformInitiator [main] HHH000489: No JTA platform available (set 'hibernate.transaction.jta.platform' to enable JTA platform integration)
2024-06-24 21:47:12,095 INFO o.s.o.j.AbstractEntityManagerFactoryBean [main] Initialized JPA EntityManagerFactory for persistence unit 'default'
2024-06-24 21:47:13,277 WARN o.s.b.a.o.j.JpaBaseConfiguration$JpaWebConfiguration [main] spring.jpa.open-in-view is enabled by default. Therefore, database queries may be performed during view rendering. Explicitly configure spring.jpa.open-in-view to disable this warning
2024-06-24 21:47:14,304 WARN o.s.b.a.s.s.UserDetailsServiceAutoConfiguration [main] 

Using generated security password: c5437005-c09e-42e0-acf0-e0ea3d54b8f6

This generated password is for development use only. Your security configuration must be updated before running your application in production.

2024-06-24 21:47:14,608 INFO o.s.s.w.DefaultSecurityFilterChain [main] Will secure any request with [org.springframework.security.web.session.DisableEncodeUrlFilter@264340f0, org.springframework.security.web.context.request.async.WebAsyncManagerIntegrationFilter@7640a191, org.springframework.security.web.context.SecurityContextHolderFilter@331eb953, org.springframework.security.web.header.HeaderWriterFilter@22025464, org.springframework.web.filter.CorsFilter@504a9352, org.springframework.security.web.csrf.CsrfFilter@77732366, org.springframework.security.web.authentication.logout.LogoutFilter@5dc218e2, org.springframework.security.web.authentication.UsernamePasswordAuthenticationFilter@1ff65426, org.springframework.security.web.authentication.ui.DefaultLoginPageGeneratingFilter@172ca6a, org.springframework.security.web.authentication.ui.DefaultLogoutPageGeneratingFilter@48e1e18a, org.springframework.security.web.authentication.www.BasicAuthenticationFilter@4a234e1f, org.springframework.security.web.savedrequest.RequestCacheAwareFilter@2c39c520, org.springframework.security.web.servletapi.SecurityContextHolderAwareRequestFilter@c50503e, org.springframework.security.web.authentication.AnonymousAuthenticationFilter@74997ca6, org.springframework.security.web.access.ExceptionTranslationFilter@6345dc06, org.springframework.security.web.access.intercept.AuthorizationFilter@6a90b5e8]
2024-06-24 21:47:14,743 INFO o.s.b.StartupInfoLogger [main] Started Xx2ApplicationTests in 9.187 seconds (process running for 10.75)
2024-06-24 21:47:15,788 INFO o.s.o.j.AbstractEntityManagerFactoryBean [SpringApplicationShutdownHook] Closing JPA EntityManagerFactory for persistence unit 'default'
2024-06-24 21:47:15,792 INFO c.z.h.HikariDataSource [SpringApplicationShutdownHook] HikariPool-1 - Shutdown initiated...
2024-06-24 21:47:15,802 INFO c.z.h.HikariDataSource [SpringApplicationShutdownHook] HikariPool-1 - Shutdown completed.
