2024-06-24 21:31:25,162 INFO o.s.o.j.AbstractEntityManagerFactoryBean [SpringApplicationShutdownHook] Closing JPA EntityManagerFactory for persistence unit 'default'
2024-06-24 21:31:25,169 INFO c.z.h.HikariDataSource [SpringApplicationShutdownHook] HikariPool-1 - Shutdown initiated...
2024-06-24 21:31:25,175 INFO c.z.h.HikariDataSource [SpringApplicationShutdownHook] HikariPool-1 - Shutdown completed.
2024-06-24 21:32:01,258 INFO o.s.b.StartupInfoLogger [main] Starting Xx2Application using Java 17.0.10 with PID 28448 (C:\Users\Asus\Downloads\BINAR\back_end_java\demo\xx2\target\classes started by Asus in C:\Users\Asus\Downloads\BINAR\back_end_java\demo\xx2)
2024-06-24 21:32:01,262 INFO o.s.b.SpringApplication [main] No active profile set, falling back to 1 default profile: "default"
2024-06-24 21:32:02,678 INFO o.s.d.r.c.RepositoryConfigurationDelegate [main] Bootstrapping Spring Data JPA repositories in DEFAULT mode.
2024-06-24 21:32:02,792 INFO o.s.d.r.c.RepositoryConfigurationDelegate [main] Finished Spring Data repository scanning in 93 ms. Found 5 JPA repository interfaces.
2024-06-24 21:32:03,879 INFO o.s.b.w.e.t.TomcatWebServer [main] Tomcat initialized with port 8080 (http)
2024-06-24 21:32:03,911 INFO o.a.j.l.DirectJDKLog [main] Initializing ProtocolHandler ["http-nio-8080"]
2024-06-24 21:32:03,929 INFO o.a.j.l.DirectJDKLog [main] Starting service [Tomcat]
2024-06-24 21:32:03,930 INFO o.a.j.l.DirectJDKLog [main] Starting Servlet engine: [Apache Tomcat/10.1.20]
2024-06-24 21:32:04,068 INFO o.a.j.l.DirectJDKLog [main] Initializing Spring embedded WebApplicationContext
2024-06-24 21:32:04,072 INFO o.s.b.w.s.c.ServletWebServerApplicationContext [main] Root WebApplicationContext: initialization completed in 2738 ms
2024-06-24 21:32:04,606 INFO o.h.j.i.u.LogHelper [main] HHH000204: Processing PersistenceUnitInfo [name: default]
2024-06-24 21:32:04,818 INFO o.h.Version [main] HHH000412: Hibernate ORM core version 6.4.4.Final
2024-06-24 21:32:04,892 INFO o.h.c.i.RegionFactoryInitiator [main] HHH000026: Second-level cache disabled
2024-06-24 21:32:05,220 INFO o.s.o.j.p.SpringPersistenceUnitInfo [main] No LoadTimeWeaver setup: ignoring JPA class transformer
2024-06-24 21:32:05,243 INFO c.z.h.HikariDataSource [main] HikariPool-1 - Starting...
2024-06-24 21:32:05,559 INFO c.z.h.p.HikariPool [main] HikariPool-1 - Added connection org.postgresql.jdbc.PgConnection@37e55819
2024-06-24 21:32:05,561 INFO c.z.h.HikariDataSource [main] HikariPool-1 - Start completed.
2024-06-24 21:32:05,626 WARN o.h.e.j.d.i.DialectFactoryImpl [main] HHH90000025: PostgreSQLDialect does not need to be specified explicitly using 'hibernate.dialect' (remove the property setting and it will be selected by default)
2024-06-24 21:32:06,727 INFO o.h.e.t.j.p.i.JtaPlatformInitiator [main] HHH000489: No JTA platform available (set 'hibernate.transaction.jta.platform' to enable JTA platform integration)
2024-06-24 21:32:06,876 INFO o.s.o.j.AbstractEntityManagerFactoryBean [main] Initialized JPA EntityManagerFactory for persistence unit 'default'
2024-06-24 21:32:07,513 WARN o.s.b.a.o.j.JpaBaseConfiguration$JpaWebConfiguration [main] spring.jpa.open-in-view is enabled by default. Therefore, database queries may be performed during view rendering. Explicitly configure spring.jpa.open-in-view to disable this warning
2024-06-24 21:32:08,497 WARN o.s.b.a.s.s.UserDetailsServiceAutoConfiguration [main] 

Using generated security password: 68659750-3e67-41d8-b64c-b14688cb9be1

This generated password is for development use only. Your security configuration must be updated before running your application in production.

2024-06-24 21:32:08,838 INFO o.s.s.w.DefaultSecurityFilterChain [main] Will secure any request with [org.springframework.security.web.session.DisableEncodeUrlFilter@7fe40b9f, org.springframework.security.web.context.request.async.WebAsyncManagerIntegrationFilter@1f41f259, org.springframework.security.web.context.SecurityContextHolderFilter@1fa8a4f7, org.springframework.security.web.header.HeaderWriterFilter@5d72da0b, org.springframework.web.filter.CorsFilter@648c80cb, org.springframework.security.web.csrf.CsrfFilter@24ffe853, org.springframework.security.web.authentication.logout.LogoutFilter@6c37c36, org.springframework.security.web.authentication.UsernamePasswordAuthenticationFilter@18f1a81a, org.springframework.security.web.authentication.ui.DefaultLoginPageGeneratingFilter@5889e697, org.springframework.security.web.authentication.ui.DefaultLogoutPageGeneratingFilter@4a9d6eb9, org.springframework.security.web.authentication.www.BasicAuthenticationFilter@b1d7b09, org.springframework.security.web.savedrequest.RequestCacheAwareFilter@27f6e2c3, org.springframework.security.web.servletapi.SecurityContextHolderAwareRequestFilter@3c89fdd8, org.springframework.security.web.authentication.AnonymousAuthenticationFilter@157a2c86, org.springframework.security.web.access.ExceptionTranslationFilter@59f56892, org.springframework.security.web.access.intercept.AuthorizationFilter@4f70b659]
2024-06-24 21:32:08,940 INFO o.a.j.l.DirectJDKLog [main] Starting ProtocolHandler ["http-nio-8080"]
2024-06-24 21:32:09,007 INFO o.s.b.w.e.t.TomcatWebServer [main] Tomcat started on port 8080 (http) with context path ''
2024-06-24 21:32:09,027 INFO o.s.b.StartupInfoLogger [main] Started Xx2Application in 8.464 seconds (process running for 9.13)
2024-06-24 21:32:15,628 INFO o.s.o.j.AbstractEntityManagerFactoryBean [SpringApplicationShutdownHook] Closing JPA EntityManagerFactory for persistence unit 'default'
2024-06-24 21:32:15,632 INFO c.z.h.HikariDataSource [SpringApplicationShutdownHook] HikariPool-1 - Shutdown initiated...
2024-06-24 21:32:15,638 INFO c.z.h.HikariDataSource [SpringApplicationShutdownHook] HikariPool-1 - Shutdown completed.
