2024-06-24 21:47:58,045 INFO o.s.b.StartupInfoLogger [main] Starting Xx2Application v0.0.1-SNAPSHOT using Java 17.0.10 with PID 19520 (C:\Users\Asus\Downloads\BINAR\back_end_java\demo\xx2\target\xx2-0.0.1-SNAPSHOT.jar started by Asus in C:\Users\Asus\Downloads\BINAR\back_end_java\demo\xx2)
2024-06-24 21:47:58,053 INFO o.s.b.SpringApplication [main] No active profile set, falling back to 1 default profile: "default"
2024-06-24 21:47:59,937 INFO o.s.d.r.c.RepositoryConfigurationDelegate [main] Bootstrapping Spring Data JPA repositories in DEFAULT mode.
2024-06-24 21:48:00,071 INFO o.s.d.r.c.RepositoryConfigurationDelegate [main] Finished Spring Data repository scanning in 117 ms. Found 5 JPA repository interfaces.
2024-06-24 21:48:01,470 INFO o.s.b.w.e.t.TomcatWebServer [main] Tomcat initialized with port 8080 (http)
2024-06-24 21:48:01,496 INFO o.a.j.l.DirectJDKLog [main] Initializing ProtocolHandler ["http-nio-8080"]
2024-06-24 21:48:01,506 INFO o.a.j.l.DirectJDKLog [main] Starting service [Tomcat]
2024-06-24 21:48:01,507 INFO o.a.j.l.DirectJDKLog [main] Starting Servlet engine: [Apache Tomcat/10.1.20]
2024-06-24 21:48:01,592 INFO o.a.j.l.DirectJDKLog [main] Initializing Spring embedded WebApplicationContext
2024-06-24 21:48:01,594 INFO o.s.b.w.s.c.ServletWebServerApplicationContext [main] Root WebApplicationContext: initialization completed in 3373 ms
2024-06-24 21:48:02,152 INFO o.h.j.i.u.LogHelper [main] HHH000204: Processing PersistenceUnitInfo [name: default]
2024-06-24 21:48:02,421 INFO o.h.Version [main] HHH000412: Hibernate ORM core version 6.4.4.Final
2024-06-24 21:48:02,544 INFO o.h.c.i.RegionFactoryInitiator [main] HHH000026: Second-level cache disabled
2024-06-24 21:48:03,097 INFO o.s.o.j.p.SpringPersistenceUnitInfo [main] No LoadTimeWeaver setup: ignoring JPA class transformer
2024-06-24 21:48:03,167 INFO c.z.h.HikariDataSource [main] HikariPool-1 - Starting...
2024-06-24 21:48:03,817 INFO c.z.h.p.HikariPool [main] HikariPool-1 - Added connection org.postgresql.jdbc.PgConnection@52657d5f
2024-06-24 21:48:03,826 INFO c.z.h.HikariDataSource [main] HikariPool-1 - Start completed.
2024-06-24 21:48:03,910 WARN o.h.e.j.d.i.DialectFactoryImpl [main] HHH90000025: PostgreSQLDialect does not need to be specified explicitly using 'hibernate.dialect' (remove the property setting and it will be selected by default)
2024-06-24 21:48:05,459 INFO o.h.e.t.j.p.i.JtaPlatformInitiator [main] HHH000489: No JTA platform available (set 'hibernate.transaction.jta.platform' to enable JTA platform integration)
2024-06-24 21:48:05,574 INFO o.s.o.j.AbstractEntityManagerFactoryBean [main] Initialized JPA EntityManagerFactory for persistence unit 'default'
2024-06-24 21:48:06,550 WARN o.s.b.a.o.j.JpaBaseConfiguration$JpaWebConfiguration [main] spring.jpa.open-in-view is enabled by default. Therefore, database queries may be performed during view rendering. Explicitly configure spring.jpa.open-in-view to disable this warning
2024-06-24 21:48:08,058 WARN o.s.b.a.s.s.UserDetailsServiceAutoConfiguration [main] 

Using generated security password: 130126e3-cd50-454e-9b50-607cde969418

This generated password is for development use only. Your security configuration must be updated before running your application in production.

2024-06-24 21:48:08,707 INFO o.s.s.w.DefaultSecurityFilterChain [main] Will secure any request with [org.springframework.security.web.session.DisableEncodeUrlFilter@7927209f, org.springframework.security.web.context.request.async.WebAsyncManagerIntegrationFilter@283595db, org.springframework.security.web.context.SecurityContextHolderFilter@6c2063e0, org.springframework.security.web.header.HeaderWriterFilter@63f819a6, org.springframework.web.filter.CorsFilter@747476f1, org.springframework.security.web.csrf.CsrfFilter@7b23aea2, org.springframework.security.web.authentication.logout.LogoutFilter@54972f9a, org.springframework.security.web.authentication.UsernamePasswordAuthenticationFilter@49318c2a, org.springframework.security.web.authentication.ui.DefaultLoginPageGeneratingFilter@7a8e35d1, org.springframework.security.web.authentication.ui.DefaultLogoutPageGeneratingFilter@6238b10a, org.springframework.security.web.authentication.www.BasicAuthenticationFilter@c4bb119, org.springframework.security.web.savedrequest.RequestCacheAwareFilter@22825762, org.springframework.security.web.servletapi.SecurityContextHolderAwareRequestFilter@34e7a627, org.springframework.security.web.authentication.AnonymousAuthenticationFilter@225b460a, org.springframework.security.web.access.ExceptionTranslationFilter@6441db2c, org.springframework.security.web.access.intercept.AuthorizationFilter@5b166420]
2024-06-24 21:48:08,869 INFO o.a.j.l.DirectJDKLog [main] Starting ProtocolHandler ["http-nio-8080"]
2024-06-24 21:48:08,929 INFO o.s.b.w.e.t.TomcatWebServer [main] Tomcat started on port 8080 (http) with context path ''
2024-06-24 21:48:08,983 INFO o.s.b.StartupInfoLogger [main] Started Xx2Application in 12.141 seconds (process running for 13.057)
2024-06-24 21:48:33,688 INFO o.s.o.j.AbstractEntityManagerFactoryBean [SpringApplicationShutdownHook] Closing JPA EntityManagerFactory for persistence unit 'default'
2024-06-24 21:48:33,691 INFO c.z.h.HikariDataSource [SpringApplicationShutdownHook] HikariPool-1 - Shutdown initiated...
2024-06-24 21:48:33,696 INFO c.z.h.HikariDataSource [SpringApplicationShutdownHook] HikariPool-1 - Shutdown completed.
